[0;34mUsing docker and docker-compose[0m
[0;34mStopping network[0m
 Container peer0.org1.example.com Stopping 
 Container orderer.example.com Stopping 
 Container peer0.org2.example.com Stopping 
 Container peer0.org1.example.com Stopped 
 Container peer0.org1.example.com Removing 
 Container peer0.org1.example.com Removed 
 Container orderer.example.com Stopped 
 Container orderer.example.com Removing 
 Container orderer.example.com Removed 
 Container peer0.org2.example.com Stopped 
 Container peer0.org2.example.com Removing 
 Container peer0.org2.example.com Removed 
 Volume compose_peer0.org2.example.com Removing 
 Network fabric_test Removing 
 Volume compose_peer0.org2.example.com Removed 
 Volume compose_peer0.org1.example.com Removing 
 Volume compose_orderer.example.com Removing 
 Volume compose_peer0.org1.example.com Removed 
 Network fabric_test Removed 
 Volume compose_orderer.example.com Removed 
Error response from daemon: get docker_orderer.example.com: no such volume
Error response from daemon: get docker_peer0.org1.example.com: no such volume
Error response from daemon: get docker_peer0.org2.example.com: no such volume
[0;34mRemoving remaining containers[0m
146f34441552
[0;34mRemoving generated chaincode docker images[0m
Untagged: dev-peer0.org2.example.com-kvstore_1.0-e88284a33ff8806958375f99312782794164d62aac26fe22876f2c72fb6294d9-68943f16f9aba9f24cbd04de158905f755f192c405682abc67b51f4b237b88ec:latest
Deleted: sha256:954284dead013d137e53bc42a5ab5159c891b619e310c96bfc4ad51aecd39c4e
Untagged: dev-peer0.org1.example.com-kvstore_1.0-e88284a33ff8806958375f99312782794164d62aac26fe22876f2c72fb6294d9-69fc7c62d4c586b892ebdf21972c9f99a025fa7f3de7b416a325aa17c7d14ed9:latest
Deleted: sha256:a0f09b09e93a9497fb6af256ba096c056f4da2e9d6dd0d81ecf607e10cda3159
[deploy 16:51:53] WARN: could not drop page cache (needs root); continuing
[deploy 16:51:53] fabric-cft down
