[deploy 15:26:09] WARN: fabric-x-committer-src is at 7ca0d43148e90df697b8b3a2cd0b1cd4db6d25a0, want v1.0.5 - refetching
[deploy 15:26:09] fetching fabric-x-committer-src @ v1.0.5 (attempt 1)
[deploy 15:26:12] WARN: fabric-x-orderer-src is at 5796962454f3589368740f717f81b942c4d80471, want v1.0.6 - refetching
[deploy 15:26:12] fetching fabric-x-orderer-src @ v1.0.6 (attempt 1)
[deploy 15:26:15] orderer batch from profile 'local-32gb' (normalized=false): timeout=500ms maxMessageCount=500
[deploy 15:26:15] building bench/fabricx:native-500-500ms (first build pulls a Go toolchain and compiles Arma + committer; several minutes)
#0 building with "default" instance using docker driver

#1 [internal] load build definition from Dockerfile
#1 transferring dockerfile: 3.83kB done
#1 DONE 0.0s

#2 resolve image config for docker-image://docker.io/docker/dockerfile:1
#2 DONE 1.4s

#3 docker-image://docker.io/docker/dockerfile:1@sha256:ecfaec9ed6d810b56388c508f4121597bfbba70d41a6dfeee4d8cad5f295fc32
#3 CACHED

#4 [internal] load metadata for docker.io/library/postgres:18.3-alpine3.23
#4 ...

#5 [internal] load metadata for docker.io/library/golang:1.27-bookworm
#5 DONE 1.2s

#4 [internal] load metadata for docker.io/library/postgres:18.3-alpine3.23
#4 DONE 1.3s

#6 [internal] load .dockerignore
#6 transferring context: 2B done
#6 DONE 0.0s

#7 [build 1/8] FROM docker.io/library/golang:1.27-bookworm@sha256:648f440f42a0958804efb24df176f806f9d353b41f1c0627f666428e40310f6b
#7 DONE 0.0s

#8 [stage-1  1/12] FROM docker.io/library/postgres:18.3-alpine3.23@sha256:54451ecb8ab38c24c3ec123f2fd501303a3a1856a5c66e98cecf2460d5e1e9d7
#8 DONE 0.0s

#9 [internal] load build context
#9 transferring context: 1.45MB 0.2s done
#9 DONE 0.2s

#10 [build 7/8] WORKDIR /src/orderer
#10 CACHED

#11 [build 2/8] WORKDIR /src
#11 CACHED

#12 [build 3/8] COPY .cache/fabric-x-committer-src /src/committer
#12 CACHED

#13 [stage-1  3/12] COPY --from=build /out/committer /out/loadgen /out/arma /out/armageddon /root/bin/
#13 CACHED

#14 [stage-1  5/12] COPY .cache/fabric-x-orderer-src/testutil/fabric/sampleconfig  /root/arma-sampleconfig
#14 CACHED

#15 [stage-1  2/12] RUN apk add --no-cache ca-certificates python3  && mkdir -p /root/bin /root/config /root/artifacts /data/ledger /data/arma /opt/fabric-x
#15 CACHED

#16 [build 4/8] WORKDIR /src/committer
#16 CACHED

#17 [stage-1  4/12] COPY .cache/fabric-x-committer-src/cmd/config/samples          /root/config
#17 CACHED

#18 [build 5/8] RUN go build -o /out/committer ./cmd/committer  && go build -o /out/loadgen   ./cmd/loadgen
#18 CACHED

#19 [build 6/8] COPY .cache/fabric-x-orderer-src /src/orderer
#19 CACHED

#20 [build 8/8] RUN go build -o /out/arma       ./cmd/arma  && go build -o /out/armageddon ./cmd/armageddon
#20 CACHED

#21 [stage-1  6/12] COPY image/run.sh image/start-arma.sh image/start-node2.sh image/start-node3.sh      image/generate-arma.sh image/patch-configs.py image/entrypoint.sh /opt/fabric-x/
#21 CACHED

#22 [stage-1  7/12] COPY image/arma-deployment.yaml /opt/fabric-x/arma-deployment.yaml
#22 CACHED

#23 [stage-1  8/12] RUN chmod a+x /root/bin/* /opt/fabric-x/*.sh /opt/fabric-x/patch-configs.py
#23 DONE 0.6s

#24 [stage-1  9/12] RUN apk add --no-cache openssl  && openssl genpkey -algorithm EC -pkeyopt ec_paramgen_curve:P-256       -outform PEM -out /root/artifacts/ns-signing-key.pem  && openssl pkey -in /root/artifacts/ns-signing-key.pem -pubout       -out /root/artifacts/ns-verification-key.pem  && chmod 600 /root/artifacts/ns-signing-key.pem
#24 0.997 (1/3) Upgrading libcrypto3 (3.5.6-r0 -> 3.5.8-r0)
#24 1.219 (2/3) Upgrading libssl3 (3.5.6-r0 -> 3.5.8-r0)
#24 1.272 (3/3) Installing openssl (3.5.8-r0)
#24 1.323 Executing busybox-1.37.0-r30.trigger
#24 1.328 Executing ca-certificates-20260611-r0.trigger
#24 1.370 OK: 247.8 MiB in 65 packages
#24 DONE 1.4s

#25 [stage-1 10/12] RUN python3 /opt/fabric-x/patch-configs.py
#25 DONE 0.3s

#26 [stage-1 11/12] RUN ARMA_OUT=/root/arma DEPLOY=/opt/fabric-x/arma-deployment.yaml     SAMPLE=/root/arma-sampleconfig ARMAGEDDON=/root/bin/armageddon     /opt/fabric-x/generate-arma.sh  && loadgen make-artifacts -c /root/config/loadgen.yaml  && cp /root/arma/bootstrap/bootstrap.block /root/artifacts/config-block.pb.bin
#26 0.290 [34m2026-09-16 09:56:22.107 UTC 0001 INFO[0m [common.tools.configtxgen] [34;1mcompleteInitialization[0m -> orderer type: arma
#26 0.308 [34m2026-09-16 09:56:22.124 UTC 0002 INFO[0m [common.tools.configtxgen] [34;1mGetOutputBlock[0m -> Generating genesis block
#26 0.308 [34m2026-09-16 09:56:22.124 UTC 0003 INFO[0m [common.tools.configtxgen] [34;1mGetOutputBlock[0m -> Creating application channel genesis block
#26 0.320 [34m2026-09-16 09:56:22.136 UTC 0004 INFO[0m [armageddon] [34;1mRun[0m -> Configuration material was created successfully in /root/arma
#26 0.322 applying profile orderer_batch: timeout=500ms maxMessageCount=500
#26 0.325   BatchCreationTimeout = 500ms
#26 0.327   MaxMessageCount = 500
#26 0.365 [34m2026-09-16 09:56:22.182 UTC 0001 INFO[0m [common.tools.configtxgen] [34;1mcompleteInitialization[0m -> Orderer.BatchSize.PreferredMaxBytes unset, setting to 2097152
#26 0.365 [34m2026-09-16 09:56:22.182 UTC 0002 INFO[0m [common.tools.configtxgen] [34;1mcompleteInitialization[0m -> orderer type: arma
#26 0.365 [34m2026-09-16 09:56:22.182 UTC 0003 INFO[0m [common.tools.configtxgen] [34;1mcompleteInitialization[0m -> Orderer.Arma unset, setting to &{}
#26 0.365 [34m2026-09-16 09:56:22.182 UTC 0004 INFO[0m [common.tools.configtxgen] [34;1mLoad[0m -> Loaded configuration: /root/arma-sampleconfig/configtx.yaml
#26 0.367 [34m2026-09-16 09:56:22.184 UTC 0005 INFO[0m [common.tools.configtxgen] [34;1mGetOutputBlock[0m -> Generating genesis block
#26 0.367 [34m2026-09-16 09:56:22.184 UTC 0006 INFO[0m [common.tools.configtxgen] [34;1mGetOutputBlock[0m -> Creating application channel genesis block
#26 0.411 Generating crypto artifacts and config block...
#26 0.415 [34m2026-09-16 09:56:22.231 UTC [common.tools.configtxgen] completeInitialization -> INFO[0m orderer type: arma
#26 0.432 [34m2026-09-16 09:56:22.248 UTC [common.tools.configtxgen] GetOutputBlock -> INFO[0m Generating genesis block
#26 0.432 [34m2026-09-16 09:56:22.248 UTC [common.tools.configtxgen] GetOutputBlock -> INFO[0m Creating application channel genesis block
#26 0.432 Artifacts path: /root/artifacts
#26 DONE 0.5s

#27 [stage-1 12/12] WORKDIR /data
#27 DONE 0.1s

#28 exporting to image
#28 exporting layers
#28 exporting layers 0.2s done
#28 writing image sha256:42461f8e7db7f3b7f93332324f9c536a471928e5ec6178126bec639ad7077d65 done
#28 naming to docker.io/bench/fabricx:native-500-500ms done
#28 DONE 0.2s

 [33m3 warnings found (use docker --debug to expand):
[0m - SecretsUsedInArgOrEnv: Do not use ARG or ENV instructions for sensitive data (ENV "SC_VC_DATABASE_PASSWORD") (line 37)
 - SecretsUsedInArgOrEnv: Do not use ARG or ENV instructions for sensitive data (ENV "SC_QUERY_DATABASE_PASSWORD") (line 37)
 - SecretsUsedInArgOrEnv: Do not use ARG or ENV instructions for sensitive data (ENV "POSTGRES_PASSWORD") (line 37)
[deploy 15:26:22] WARN: could not drop page cache (needs root); continuing
[deploy 15:26:22] starting stack
 Network bench-fabricx_fx Creating 
 Network bench-fabricx_fx Creating 
 Volume bench-fabricx_fx-pgdata Creating 
 Volume bench-fabricx_fx-pgdata Creating 
 Volume bench-fabricx_fx-arma Creating 
 Volume bench-fabricx_fx-arma Creating 
 Volume bench-fabricx_fx-ledger Creating 
 Volume bench-fabricx_fx-ledger Creating 
 Volume bench-fabricx_fx-pgdata Created 
 Volume bench-fabricx_fx-pgdata Created 
 Volume bench-fabricx_fx-arma Created 
 Volume bench-fabricx_fx-arma Created 
 Volume bench-fabricx_fx-ledger Created 
 Volume bench-fabricx_fx-ledger Created 
 Network bench-fabricx_fx Created 
 Network bench-fabricx_fx Created 
 Container bench-fabricx-fabricx-db-1 Creating 
 Container bench-fabricx-fabricx-db-1 Created 
 Container bench-fabricx-fabricx-arma-1 Creating 
 Container bench-fabricx-fabricx-arma-1 Created 
 Container bench-fabricx-fabricx-pipeline-1 Creating 
 Container bench-fabricx-fabricx-pipeline-1 Created 
 Container bench-fabricx-fabricx-committer-1 Creating 
 Container bench-fabricx-fabricx-committer-1 Created 
 Container bench-fabricx-fabricx-db-1 Starting 
 Container bench-fabricx-fabricx-db-1 Started 
 Container bench-fabricx-fabricx-db-1 Waiting 
 Container bench-fabricx-fabricx-db-1 Healthy 
 Container bench-fabricx-fabricx-arma-1 Starting 
 Container bench-fabricx-fabricx-arma-1 Started 
 Container bench-fabricx-fabricx-pipeline-1 Starting 
 Container bench-fabricx-fabricx-pipeline-1 Started 
 Container bench-fabricx-fabricx-committer-1 Starting 
 Container bench-fabricx-fabricx-committer-1 Started 
[deploy 15:26:29] resource budget for fabricx: 18 CPU / 20 GB across 4 containers = 4.50 CPU each; memory by role weight (peer=4 statedb=4 orderer=2 other=1, total weight 16)
[deploy 15:26:29]   bench-fabricx-fabricx-arma-1  (peer) 5120m
[deploy 15:26:30]   bench-fabricx-fabricx-committer-1  (peer) 5120m
[deploy 15:26:30]   bench-fabricx-fabricx-db-1  (statedb) 5120m
[deploy 15:26:31]   bench-fabricx-fabricx-pipeline-1  (peer) 5120m
[deploy 15:26:31] waiting up to 120s for Arma router on :6022
[deploy 15:26:31] Arma router on :6022: ready after 0s
[deploy 15:26:31] waiting up to 120s for Arma router on :6122
[deploy 15:26:31] Arma router on :6122: ready after 0s
[deploy 15:26:31] waiting up to 120s for Arma router on :6222
[deploy 15:26:31] Arma router on :6222: ready after 0s
[deploy 15:26:31] waiting up to 120s for Arma router on :6322
[deploy 15:26:31] Arma router on :6322: ready after 0s
[deploy 15:26:31] waiting up to 120s for sidecar deliver on :4001
[deploy 15:26:31] sidecar deliver on :4001: ready after 0s
[deploy 15:26:31] waiting up to 120s for QueryService on :7001
[deploy 15:26:31] QueryService on :7001: ready after 0s
[deploy 15:26:31] registering application namespace '0'
[deploy 15:26:34] namespace '0' committed with the image's ECDSA verification key
[deploy 15:26:34] exported namespace signing key to /home/chad/Projects/bench/deploy/docker/fabricx/.cache/keys/ns-signing-key.pem
[deploy 15:26:34] fabricx up. broadcast :6022,:6122,:6222,:6322  deliver :4001  query :7001  metrics :9643
[deploy 15:26:34] wrote /home/chad/Projects/bench/deploy/docker/fabricx/connection.env
