time=2026-09-16T15:26:34.806+05:30 level=INFO msg="run starting" platform=fabricx run=probe-sweep workload=kv-write profile=local-32gb normalized=false out_dir=results/fabricx/20260916-152634
time=2026-09-16T15:26:34.806+05:30 level=WARN msg=caveat platform=fabricx run=probe-sweep text="fabricx native run uses kv-write over the gRPC path (adr-016); Token SDK Issue/Transfer/Redeem is not implemented (the old REST token configs were removed)"
time=2026-09-16T15:26:34.806+05:30 level=INFO msg="adapter setup" platform=fabricx run=probe-sweep
[34m2026-09-16 15:26:34.806 IST 0001 INFO[0m [grpc] [34;1mInfof[0m -> [core] original dial target is: "localhost:4001"
[34m2026-09-16 15:26:34.806 IST 0002 INFO[0m [grpc] [34;1mAddTraceEvent[0m -> [core] [Channel #1] Channel created for target "localhost:4001"
[34m2026-09-16 15:26:34.806 IST 0003 INFO[0m [grpc] [34;1mAddTraceEvent[0m -> [core] [Channel #1] parsed dial target is: resolver.Target{URL:url.URL{Scheme:"dns", Opaque:"", User:(*url.Userinfo)(nil), Host:"", Path:"/localhost:4001", Fragment:"", RawQuery:"", RawPath:"", RawFragment:"", ForceQuery:false, OmitHost:false}}
[34m2026-09-16 15:26:34.807 IST 0004 INFO[0m [grpc] [34;1mAddTraceEvent[0m -> [core] [Channel #1] Channel authority set to "localhost:4001"
[34m2026-09-16 15:26:34.807 IST 0005 INFO[0m [grpc] [34;1mAddTraceEvent[0m -> [core] [Channel #1] Channel Connectivity change to CONNECTING
[34m2026-09-16 15:26:34.807 IST 0006 INFO[0m [grpc] [34;1mAddTraceEvent[0m -> [core] [Channel #1] Channel exiting idle mode
[34m2026-09-16 15:26:34.850 IST 0007 INFO[0m [grpc] [34;1mAddTraceEvent[0m -> [core] [Channel #1] Resolver state updated: {
  "Addresses": [
    {
      "Addr": "127.0.0.1:4001",
      "ServerName": "",
      "Attributes": null,
      "BalancerAttributes": null,
      "Metadata": null
    }
  ],
  "Endpoints": [
    {
      "Addresses": [
        {
          "Addr": "127.0.0.1:4001",
          "ServerName": "",
          "Attributes": null,
          "BalancerAttributes": null,
          "Metadata": null
        }
      ],
      "Attributes": null
    }
  ],
  "ServiceConfig": null,
  "Attributes": null
} (resolver returned new addresses)
[34m2026-09-16 15:26:34.850 IST 0008 INFO[0m [grpc] [34;1mAddTraceEvent[0m -> [core] [Channel #1] Channel switches to new LB policy "pick_first"
[34m2026-09-16 15:26:34.850 IST 0009 INFO[0m [grpc] [34;1mInfof[0m -> [pick-first-leaf-lb] [pick-first-leaf-lb 0xbd66d4acfc0] Received new config {
  "shuffleAddressList": false
}, resolver state {
  "Addresses": [
    {
      "Addr": "127.0.0.1:4001",
      "ServerName": "",
      "Attributes": null,
      "BalancerAttributes": null,
      "Metadata": null
    }
  ],
  "Endpoints": [
    {
      "Addresses": [
        {
          "Addr": "127.0.0.1:4001",
          "ServerName": "",
          "Attributes": null,
          "BalancerAttributes": null,
          "Metadata": null
        }
      ],
      "Attributes": null
    }
  ],
  "ServiceConfig": null,
  "Attributes": null
}
[34m2026-09-16 15:26:34.850 IST 000a INFO[0m [grpc] [34;1mAddTraceEvent[0m -> [core] [Channel #1 SubChannel #2] Subchannel created
[34m2026-09-16 15:26:34.850 IST 000b INFO[0m [grpc] [34;1mAddTraceEvent[0m -> [core] [Channel #1 SubChannel #2] Subchannel Connectivity change to CONNECTING
[34m2026-09-16 15:26:34.850 IST 000c INFO[0m [grpc] [34;1mAddTraceEvent[0m -> [core] [Channel #1 SubChannel #2] Subchannel picks a new address "127.0.0.1:4001" to connect
[34m2026-09-16 15:26:34.850 IST 000d INFO[0m [grpc] [34;1mAddTraceEvent[0m -> [core] [Channel #1 SubChannel #2] Subchannel Connectivity change to READY
[34m2026-09-16 15:26:34.850 IST 000e INFO[0m [grpc] [34;1mInfof[0m -> [pick-first-leaf-lb] [pick-first-leaf-lb 0xbd66d4acfc0] SubConn 0xbd66d70a5a0 reported connectivity state READY and the health listener is disabled. Transitioning SubConn to READY.
[34m2026-09-16 15:26:34.850 IST 000f INFO[0m [grpc] [34;1mAddTraceEvent[0m -> [core] [Channel #1] Channel Connectivity change to READY
[34m2026-09-16 15:26:34.851 IST 0010 INFO[0m [grpc] [34;1mInfof[0m -> [core] original dial target is: "localhost:6022"
[34m2026-09-16 15:26:34.851 IST 0011 INFO[0m [grpc] [34;1mAddTraceEvent[0m -> [core] [Channel #4] Channel created for target "localhost:6022"
[34m2026-09-16 15:26:34.851 IST 0012 INFO[0m [grpc] [34;1mAddTraceEvent[0m -> [core] [Channel #4] parsed dial target is: resolver.Target{URL:url.URL{Scheme:"dns", Opaque:"", User:(*url.Userinfo)(nil), Host:"", Path:"/localhost:6022", Fragment:"", RawQuery:"", RawPath:"", RawFragment:"", ForceQuery:false, OmitHost:false}}
[34m2026-09-16 15:26:34.851 IST 0013 INFO[0m [grpc] [34;1mAddTraceEvent[0m -> [core] [Channel #4] Channel authority set to "localhost:6022"
[34m2026-09-16 15:26:34.851 IST 0014 INFO[0m [grpc] [34;1mAddTraceEvent[0m -> [core] [Channel #4] Channel Connectivity change to CONNECTING
[34m2026-09-16 15:26:34.851 IST 0015 INFO[0m [grpc] [34;1mAddTraceEvent[0m -> [core] [Channel #4] Channel exiting idle mode
[34m2026-09-16 15:26:34.888 IST 0016 INFO[0m [grpc] [34;1mAddTraceEvent[0m -> [core] [Channel #4] Resolver state updated: {
  "Addresses": [
    {
      "Addr": "127.0.0.1:6022",
      "ServerName": "",
      "Attributes": null,
      "BalancerAttributes": null,
      "Metadata": null
    }
  ],
  "Endpoints": [
    {
      "Addresses": [
        {
          "Addr": "127.0.0.1:6022",
          "ServerName": "",
          "Attributes": null,
          "BalancerAttributes": null,
          "Metadata": null
        }
      ],
      "Attributes": null
    }
  ],
  "ServiceConfig": null,
  "Attributes": null
} (resolver returned new addresses)
[34m2026-09-16 15:26:34.888 IST 0017 INFO[0m [grpc] [34;1mAddTraceEvent[0m -> [core] [Channel #4] Channel switches to new LB policy "pick_first"
[34m2026-09-16 15:26:34.888 IST 0018 INFO[0m [grpc] [34;1mInfof[0m -> [pick-first-leaf-lb] [pick-first-leaf-lb 0xbd66d65ccf0] Received new config {
  "shuffleAddressList": false
}, resolver state {
  "Addresses": [
    {
      "Addr": "127.0.0.1:6022",
      "ServerName": "",
      "Attributes": null,
      "BalancerAttributes": null,
      "Metadata": null
    }
  ],
  "Endpoints": [
    {
      "Addresses": [
        {
          "Addr": "127.0.0.1:6022",
          "ServerName": "",
          "Attributes": null,
          "BalancerAttributes": null,
          "Metadata": null
        }
      ],
      "Attributes": null
    }
  ],
  "ServiceConfig": null,
  "Attributes": null
}
[34m2026-09-16 15:26:34.888 IST 0019 INFO[0m [grpc] [34;1mAddTraceEvent[0m -> [core] [Channel #4 SubChannel #5] Subchannel created
[34m2026-09-16 15:26:34.888 IST 001a INFO[0m [grpc] [34;1mAddTraceEvent[0m -> [core] [Channel #4 SubChannel #5] Subchannel Connectivity change to CONNECTING
[34m2026-09-16 15:26:34.888 IST 001b INFO[0m [grpc] [34;1mAddTraceEvent[0m -> [core] [Channel #4 SubChannel #5] Subchannel picks a new address "127.0.0.1:6022" to connect
[34m2026-09-16 15:26:34.889 IST 001c INFO[0m [grpc] [34;1mAddTraceEvent[0m -> [core] [Channel #4 SubChannel #5] Subchannel Connectivity change to READY
[34m2026-09-16 15:26:34.889 IST 001d INFO[0m [grpc] [34;1mInfof[0m -> [pick-first-leaf-lb] [pick-first-leaf-lb 0xbd66d65ccf0] SubConn 0xbd66d64cd20 reported connectivity state READY and the health listener is disabled. Transitioning SubConn to READY.
[34m2026-09-16 15:26:34.889 IST 001e INFO[0m [grpc] [34;1mAddTraceEvent[0m -> [core] [Channel #4] Channel Connectivity change to READY
[34m2026-09-16 15:26:34.896 IST 001f INFO[0m [grpc] [34;1mInfof[0m -> [core] original dial target is: "localhost:6122"
[34m2026-09-16 15:26:34.896 IST 0020 INFO[0m [grpc] [34;1mAddTraceEvent[0m -> [core] [Channel #7] Channel created for target "localhost:6122"
[34m2026-09-16 15:26:34.896 IST 0021 INFO[0m [grpc] [34;1mAddTraceEvent[0m -> [core] [Channel #7] parsed dial target is: resolver.Target{URL:url.URL{Scheme:"dns", Opaque:"", User:(*url.Userinfo)(nil), Host:"", Path:"/localhost:6122", Fragment:"", RawQuery:"", RawPath:"", RawFragment:"", ForceQuery:false, OmitHost:false}}
[34m2026-09-16 15:26:34.896 IST 0022 INFO[0m [grpc] [34;1mAddTraceEvent[0m -> [core] [Channel #7] Channel authority set to "localhost:6122"
[34m2026-09-16 15:26:34.896 IST 0023 INFO[0m [grpc] [34;1mAddTraceEvent[0m -> [core] [Channel #7] Channel Connectivity change to CONNECTING
[34m2026-09-16 15:26:34.896 IST 0024 INFO[0m [grpc] [34;1mAddTraceEvent[0m -> [core] [Channel #7] Channel exiting idle mode
[34m2026-09-16 15:26:34.926 IST 0025 INFO[0m [grpc] [34;1mAddTraceEvent[0m -> [core] [Channel #7] Resolver state updated: {
  "Addresses": [
    {
      "Addr": "127.0.0.1:6122",
      "ServerName": "",
      "Attributes": null,
      "BalancerAttributes": null,
      "Metadata": null
    }
  ],
  "Endpoints": [
    {
      "Addresses": [
        {
          "Addr": "127.0.0.1:6122",
          "ServerName": "",
          "Attributes": null,
          "BalancerAttributes": null,
          "Metadata": null
        }
      ],
      "Attributes": null
    }
  ],
  "ServiceConfig": null,
  "Attributes": null
} (resolver returned new addresses)
[34m2026-09-16 15:26:34.926 IST 0026 INFO[0m [grpc] [34;1mAddTraceEvent[0m -> [core] [Channel #7] Channel switches to new LB policy "pick_first"
[34m2026-09-16 15:26:34.926 IST 0027 INFO[0m [grpc] [34;1mInfof[0m -> [pick-first-leaf-lb] [pick-first-leaf-lb 0xbd66d65c750] Received new config {
  "shuffleAddressList": false
}, resolver state {
  "Addresses": [
    {
      "Addr": "127.0.0.1:6122",
      "ServerName": "",
      "Attributes": null,
      "BalancerAttributes": null,
      "Metadata": null
    }
  ],
  "Endpoints": [
    {
      "Addresses": [
        {
          "Addr": "127.0.0.1:6122",
          "ServerName": "",
          "Attributes": null,
          "BalancerAttributes": null,
          "Metadata": null
        }
      ],
      "Attributes": null
    }
  ],
  "ServiceConfig": null,
  "Attributes": null
}
[34m2026-09-16 15:26:34.926 IST 0028 INFO[0m [grpc] [34;1mAddTraceEvent[0m -> [core] [Channel #7 SubChannel #8] Subchannel created
[34m2026-09-16 15:26:34.926 IST 0029 INFO[0m [grpc] [34;1mAddTraceEvent[0m -> [core] [Channel #7 SubChannel #8] Subchannel Connectivity change to CONNECTING
[34m2026-09-16 15:26:34.927 IST 002a INFO[0m [grpc] [34;1mAddTraceEvent[0m -> [core] [Channel #7 SubChannel #8] Subchannel picks a new address "127.0.0.1:6122" to connect
[34m2026-09-16 15:26:34.927 IST 002b INFO[0m [grpc] [34;1mAddTraceEvent[0m -> [core] [Channel #7 SubChannel #8] Subchannel Connectivity change to READY
[34m2026-09-16 15:26:34.927 IST 002c INFO[0m [grpc] [34;1mInfof[0m -> [pick-first-leaf-lb] [pick-first-leaf-lb 0xbd66d65c750] SubConn 0xbd66dbb6190 reported connectivity state READY and the health listener is disabled. Transitioning SubConn to READY.
[34m2026-09-16 15:26:34.927 IST 002d INFO[0m [grpc] [34;1mAddTraceEvent[0m -> [core] [Channel #7] Channel Connectivity change to READY
[34m2026-09-16 15:26:34.932 IST 002e INFO[0m [grpc] [34;1mInfof[0m -> [core] original dial target is: "localhost:6222"
[34m2026-09-16 15:26:34.932 IST 002f INFO[0m [grpc] [34;1mAddTraceEvent[0m -> [core] [Channel #10] Channel created for target "localhost:6222"
[34m2026-09-16 15:26:34.932 IST 0030 INFO[0m [grpc] [34;1mAddTraceEvent[0m -> [core] [Channel #10] parsed dial target is: resolver.Target{URL:url.URL{Scheme:"dns", Opaque:"", User:(*url.Userinfo)(nil), Host:"", Path:"/localhost:6222", Fragment:"", RawQuery:"", RawPath:"", RawFragment:"", ForceQuery:false, OmitHost:false}}
[34m2026-09-16 15:26:34.932 IST 0031 INFO[0m [grpc] [34;1mAddTraceEvent[0m -> [core] [Channel #10] Channel authority set to "localhost:6222"
[34m2026-09-16 15:26:34.932 IST 0032 INFO[0m [grpc] [34;1mAddTraceEvent[0m -> [core] [Channel #10] Channel Connectivity change to CONNECTING
[34m2026-09-16 15:26:34.932 IST 0033 INFO[0m [grpc] [34;1mAddTraceEvent[0m -> [core] [Channel #10] Channel exiting idle mode
[34m2026-09-16 15:26:34.964 IST 0034 INFO[0m [grpc] [34;1mAddTraceEvent[0m -> [core] [Channel #10] Resolver state updated: {
  "Addresses": [
    {
      "Addr": "127.0.0.1:6222",
      "ServerName": "",
      "Attributes": null,
      "BalancerAttributes": null,
      "Metadata": null
    }
  ],
  "Endpoints": [
    {
      "Addresses": [
        {
          "Addr": "127.0.0.1:6222",
          "ServerName": "",
          "Attributes": null,
          "BalancerAttributes": null,
          "Metadata": null
        }
      ],
      "Attributes": null
    }
  ],
  "ServiceConfig": null,
  "Attributes": null
} (resolver returned new addresses)
[34m2026-09-16 15:26:34.964 IST 0035 INFO[0m [grpc] [34;1mAddTraceEvent[0m -> [core] [Channel #10] Channel switches to new LB policy "pick_first"
[34m2026-09-16 15:26:34.964 IST 0036 INFO[0m [grpc] [34;1mInfof[0m -> [pick-first-leaf-lb] [pick-first-leaf-lb 0xbd66d65cab0] Received new config {
  "shuffleAddressList": false
}, resolver state {
  "Addresses": [
    {
      "Addr": "127.0.0.1:6222",
      "ServerName": "",
      "Attributes": null,
      "BalancerAttributes": null,
      "Metadata": null
    }
  ],
  "Endpoints": [
    {
      "Addresses": [
        {
          "Addr": "127.0.0.1:6222",
          "ServerName": "",
          "Attributes": null,
          "BalancerAttributes": null,
          "Metadata": null
        }
      ],
      "Attributes": null
    }
  ],
  "ServiceConfig": null,
  "Attributes": null
}
[34m2026-09-16 15:26:34.964 IST 0037 INFO[0m [grpc] [34;1mAddTraceEvent[0m -> [core] [Channel #10 SubChannel #11] Subchannel created
[34m2026-09-16 15:26:34.964 IST 0038 INFO[0m [grpc] [34;1mAddTraceEvent[0m -> [core] [Channel #10 SubChannel #11] Subchannel Connectivity change to CONNECTING
[34m2026-09-16 15:26:34.964 IST 0039 INFO[0m [grpc] [34;1mAddTraceEvent[0m -> [core] [Channel #10 SubChannel #11] Subchannel picks a new address "127.0.0.1:6222" to connect
[34m2026-09-16 15:26:34.964 IST 003a INFO[0m [grpc] [34;1mAddTraceEvent[0m -> [core] [Channel #10 SubChannel #11] Subchannel Connectivity change to READY
[34m2026-09-16 15:26:34.964 IST 003b INFO[0m [grpc] [34;1mInfof[0m -> [pick-first-leaf-lb] [pick-first-leaf-lb 0xbd66d65cab0] SubConn 0xbd66e79caa0 reported connectivity state READY and the health listener is disabled. Transitioning SubConn to READY.
[34m2026-09-16 15:26:34.964 IST 003c INFO[0m [grpc] [34;1mAddTraceEvent[0m -> [core] [Channel #10] Channel Connectivity change to READY
[34m2026-09-16 15:26:34.970 IST 003d INFO[0m [grpc] [34;1mInfof[0m -> [core] original dial target is: "localhost:6322"
[34m2026-09-16 15:26:34.970 IST 003e INFO[0m [grpc] [34;1mAddTraceEvent[0m -> [core] [Channel #13] Channel created for target "localhost:6322"
[34m2026-09-16 15:26:34.970 IST 003f INFO[0m [grpc] [34;1mAddTraceEvent[0m -> [core] [Channel #13] parsed dial target is: resolver.Target{URL:url.URL{Scheme:"dns", Opaque:"", User:(*url.Userinfo)(nil), Host:"", Path:"/localhost:6322", Fragment:"", RawQuery:"", RawPath:"", RawFragment:"", ForceQuery:false, OmitHost:false}}
[34m2026-09-16 15:26:34.970 IST 0040 INFO[0m [grpc] [34;1mAddTraceEvent[0m -> [core] [Channel #13] Channel authority set to "localhost:6322"
[34m2026-09-16 15:26:34.970 IST 0041 INFO[0m [grpc] [34;1mAddTraceEvent[0m -> [core] [Channel #13] Channel Connectivity change to CONNECTING
[34m2026-09-16 15:26:34.970 IST 0042 INFO[0m [grpc] [34;1mAddTraceEvent[0m -> [core] [Channel #13] Channel exiting idle mode
[34m2026-09-16 15:26:35.044 IST 0043 INFO[0m [grpc] [34;1mAddTraceEvent[0m -> [core] [Channel #13] Resolver state updated: {
  "Addresses": [
    {
      "Addr": "127.0.0.1:6322",
      "ServerName": "",
      "Attributes": null,
      "BalancerAttributes": null,
      "Metadata": null
    }
  ],
  "Endpoints": [
    {
      "Addresses": [
        {
          "Addr": "127.0.0.1:6322",
          "ServerName": "",
          "Attributes": null,
          "BalancerAttributes": null,
          "Metadata": null
        }
      ],
      "Attributes": null
    }
  ],
  "ServiceConfig": null,
  "Attributes": null
} (resolver returned new addresses)
[34m2026-09-16 15:26:35.044 IST 0044 INFO[0m [grpc] [34;1mAddTraceEvent[0m -> [core] [Channel #13] Channel switches to new LB policy "pick_first"
[34m2026-09-16 15:26:35.044 IST 0045 INFO[0m [grpc] [34;1mInfof[0m -> [pick-first-leaf-lb] [pick-first-leaf-lb 0xbd66d7b4480] Received new config {
  "shuffleAddressList": false
}, resolver state {
  "Addresses": [
    {
      "Addr": "127.0.0.1:6322",
      "ServerName": "",
      "Attributes": null,
      "BalancerAttributes": null,
      "Metadata": null
    }
  ],
  "Endpoints": [
    {
      "Addresses": [
        {
          "Addr": "127.0.0.1:6322",
          "ServerName": "",
          "Attributes": null,
          "BalancerAttributes": null,
          "Metadata": null
        }
      ],
      "Attributes": null
    }
  ],
  "ServiceConfig": null,
  "Attributes": null
}
[34m2026-09-16 15:26:35.044 IST 0046 INFO[0m [grpc] [34;1mAddTraceEvent[0m -> [core] [Channel #13 SubChannel #14] Subchannel created
[34m2026-09-16 15:26:35.044 IST 0047 INFO[0m [grpc] [34;1mAddTraceEvent[0m -> [core] [Channel #13 SubChannel #14] Subchannel Connectivity change to CONNECTING
[34m2026-09-16 15:26:35.044 IST 0048 INFO[0m [grpc] [34;1mAddTraceEvent[0m -> [core] [Channel #13 SubChannel #14] Subchannel picks a new address "127.0.0.1:6322" to connect
[34m2026-09-16 15:26:35.045 IST 0049 INFO[0m [grpc] [34;1mAddTraceEvent[0m -> [core] [Channel #13 SubChannel #14] Subchannel Connectivity change to READY
[34m2026-09-16 15:26:35.045 IST 004a INFO[0m [grpc] [34;1mInfof[0m -> [pick-first-leaf-lb] [pick-first-leaf-lb 0xbd66d7b4480] SubConn 0xbd66ea6a960 reported connectivity state READY and the health listener is disabled. Transitioning SubConn to READY.
[34m2026-09-16 15:26:35.045 IST 004b INFO[0m [grpc] [34;1mAddTraceEvent[0m -> [core] [Channel #13] Channel Connectivity change to READY
[34m2026-09-16 15:26:35.049 IST 004c INFO[0m [grpc] [34;1mInfof[0m -> [core] original dial target is: "localhost:7001"
[34m2026-09-16 15:26:35.049 IST 004d INFO[0m [grpc] [34;1mAddTraceEvent[0m -> [core] [Channel #16] Channel created for target "localhost:7001"
[34m2026-09-16 15:26:35.049 IST 004e INFO[0m [grpc] [34;1mAddTraceEvent[0m -> [core] [Channel #16] parsed dial target is: resolver.Target{URL:url.URL{Scheme:"dns", Opaque:"", User:(*url.Userinfo)(nil), Host:"", Path:"/localhost:7001", Fragment:"", RawQuery:"", RawPath:"", RawFragment:"", ForceQuery:false, OmitHost:false}}
[34m2026-09-16 15:26:35.049 IST 004f INFO[0m [grpc] [34;1mAddTraceEvent[0m -> [core] [Channel #16] Channel authority set to "localhost:7001"
[34m2026-09-16 15:26:35.049 IST 0050 INFO[0m [grpc] [34;1mAddTraceEvent[0m -> [core] [Channel #16] Channel Connectivity change to CONNECTING
[34m2026-09-16 15:26:35.049 IST 0051 INFO[0m [grpc] [34;1mAddTraceEvent[0m -> [core] [Channel #16] Channel exiting idle mode
[34m2026-09-16 15:26:35.090 IST 0052 INFO[0m [grpc] [34;1mAddTraceEvent[0m -> [core] [Channel #16] Resolver state updated: {
  "Addresses": [
    {
      "Addr": "127.0.0.1:7001",
      "ServerName": "",
      "Attributes": null,
      "BalancerAttributes": null,
      "Metadata": null
    }
  ],
  "Endpoints": [
    {
      "Addresses": [
        {
          "Addr": "127.0.0.1:7001",
          "ServerName": "",
          "Attributes": null,
          "BalancerAttributes": null,
          "Metadata": null
        }
      ],
      "Attributes": null
    }
  ],
  "ServiceConfig": null,
  "Attributes": null
} (resolver returned new addresses)
[34m2026-09-16 15:26:35.090 IST 0053 INFO[0m [grpc] [34;1mAddTraceEvent[0m -> [core] [Channel #16] Channel switches to new LB policy "pick_first"
[34m2026-09-16 15:26:35.090 IST 0054 INFO[0m [grpc] [34;1mInfof[0m -> [pick-first-leaf-lb] [pick-first-leaf-lb 0xbd66d54e750] Received new config {
  "shuffleAddressList": false
}, resolver state {
  "Addresses": [
    {
      "Addr": "127.0.0.1:7001",
      "ServerName": "",
      "Attributes": null,
      "BalancerAttributes": null,
      "Metadata": null
    }
  ],
  "Endpoints": [
    {
      "Addresses": [
        {
          "Addr": "127.0.0.1:7001",
          "ServerName": "",
          "Attributes": null,
          "BalancerAttributes": null,
          "Metadata": null
        }
      ],
      "Attributes": null
    }
  ],
  "ServiceConfig": null,
  "Attributes": null
}
[34m2026-09-16 15:26:35.090 IST 0055 INFO[0m [grpc] [34;1mAddTraceEvent[0m -> [core] [Channel #16 SubChannel #17] Subchannel created
[34m2026-09-16 15:26:35.090 IST 0056 INFO[0m [grpc] [34;1mAddTraceEvent[0m -> [core] [Channel #16 SubChannel #17] Subchannel Connectivity change to CONNECTING
[34m2026-09-16 15:26:35.090 IST 0057 INFO[0m [grpc] [34;1mAddTraceEvent[0m -> [core] [Channel #16 SubChannel #17] Subchannel picks a new address "127.0.0.1:7001" to connect
[34m2026-09-16 15:26:35.091 IST 0058 INFO[0m [grpc] [34;1mAddTraceEvent[0m -> [core] [Channel #16 SubChannel #17] Subchannel Connectivity change to READY
[34m2026-09-16 15:26:35.091 IST 0059 INFO[0m [grpc] [34;1mInfof[0m -> [pick-first-leaf-lb] [pick-first-leaf-lb 0xbd66d54e750] SubConn 0xbd66f1b3680 reported connectivity state READY and the health listener is disabled. Transitioning SubConn to READY.
[34m2026-09-16 15:26:35.091 IST 005a INFO[0m [grpc] [34;1mAddTraceEvent[0m -> [core] [Channel #16] Channel Connectivity change to READY
time=2026-09-16T15:26:35.093+05:30 level=INFO msg="setup complete" platform=fabricx run=probe-sweep component=adapter routers=localhost:6022,localhost:6122,localhost:6222,localhost:6322 deliver=localhost:4001 query=localhost:7001 channel=arma namespace=0 broadcast_streams=512
time=2026-09-16T15:26:35.093+05:30 level=INFO msg="phase start" platform=fabricx run=probe-sweep phase=probe offered_tps=10 workers=0 duration=30s
time=2026-09-16T15:27:05.349+05:30 level=INFO msg="phase end" platform=fabricx run=probe-sweep phase=probe submitted=300 committed=300 confirmed_tps=10.0 fail_rate=0.0000 e2e_p99_ms=914.43
time=2026-09-16T15:27:05.349+05:30 level=INFO msg="phase start" platform=fabricx run=probe-sweep phase=sweep-100 offered_tps=100 workers=0 duration=1m0s
time=2026-09-16T15:28:05.804+05:30 level=INFO msg="phase end" platform=fabricx run=probe-sweep phase=sweep-100 submitted=1500 committed=1500 confirmed_tps=100.0 fail_rate=0.0000 e2e_p99_ms=792.58
time=2026-09-16T15:28:05.804+05:30 level=INFO msg="phase start" platform=fabricx run=probe-sweep phase=sweep-250 offered_tps=250 workers=0 duration=1m0s
time=2026-09-16T15:29:06.783+05:30 level=INFO msg="phase end" platform=fabricx run=probe-sweep phase=sweep-250 submitted=3750 committed=3750 confirmed_tps=250.0 fail_rate=0.0000 e2e_p99_ms=985.60
time=2026-09-16T15:29:06.783+05:30 level=INFO msg="phase start" platform=fabricx run=probe-sweep phase=sweep-500 offered_tps=500 workers=0 duration=1m0s
time=2026-09-16T15:30:07.193+05:30 level=INFO msg="phase end" platform=fabricx run=probe-sweep phase=sweep-500 submitted=7500 committed=7500 confirmed_tps=500.0 fail_rate=0.0000 e2e_p99_ms=1012.22
time=2026-09-16T15:30:07.193+05:30 level=INFO msg="phase start" platform=fabricx run=probe-sweep phase=sweep-1000 offered_tps=1000 workers=0 duration=1m0s
time=2026-09-16T15:31:07.649+05:30 level=INFO msg="phase end" platform=fabricx run=probe-sweep phase=sweep-1000 submitted=15000 committed=15000 confirmed_tps=1000.0 fail_rate=0.0000 e2e_p99_ms=904.19
time=2026-09-16T15:31:07.649+05:30 level=INFO msg="phase start" platform=fabricx run=probe-sweep phase=sweep-2000 offered_tps=2000 workers=0 duration=1m0s
time=2026-09-16T15:32:08.269+05:30 level=INFO msg="phase end" platform=fabricx run=probe-sweep phase=sweep-2000 submitted=30000 committed=30000 confirmed_tps=2000.0 fail_rate=0.0000 e2e_p99_ms=755.20
time=2026-09-16T15:32:08.269+05:30 level=INFO msg="phase start" platform=fabricx run=probe-sweep phase=sweep-3500 offered_tps=3500 workers=0 duration=1m0s
time=2026-09-16T15:33:09.197+05:30 level=INFO msg="phase end" platform=fabricx run=probe-sweep phase=sweep-3500 submitted=52500 committed=52500 confirmed_tps=3500.0 fail_rate=0.0000 e2e_p99_ms=679.94
time=2026-09-16T15:33:09.197+05:30 level=INFO msg="phase start" platform=fabricx run=probe-sweep phase=sweep-5000 offered_tps=5000 workers=0 duration=1m0s
time=2026-09-16T15:34:10.248+05:30 level=INFO msg="phase end" platform=fabricx run=probe-sweep phase=sweep-5000 submitted=75000 committed=75000 confirmed_tps=5000.0 fail_rate=0.0000 e2e_p99_ms=652.29
time=2026-09-16T15:34:10.248+05:30 level=INFO msg="phase start" platform=fabricx run=probe-sweep phase=sweep-7500 offered_tps=7500 workers=0 duration=1m0s
time=2026-09-16T15:35:11.426+05:30 level=INFO msg="phase end" platform=fabricx run=probe-sweep phase=sweep-7500 submitted=112500 committed=112500 confirmed_tps=7500.0 fail_rate=0.0000 e2e_p99_ms=726.53
time=2026-09-16T15:35:11.426+05:30 level=INFO msg="phase start" platform=fabricx run=probe-sweep phase=sweep-10000 offered_tps=10000 workers=0 duration=1m0s
time=2026-09-16T15:36:12.907+05:30 level=INFO msg="phase end" platform=fabricx run=probe-sweep phase=sweep-10000 submitted=150000 committed=150000 confirmed_tps=10000.0 fail_rate=0.0000 e2e_p99_ms=750.08
time=2026-09-16T15:36:12.907+05:30 level=INFO msg="phase start" platform=fabricx run=probe-sweep phase=sweep-15000 offered_tps=15000 workers=0 duration=1m0s
time=2026-09-16T15:37:14.996+05:30 level=INFO msg="phase end" platform=fabricx run=probe-sweep phase=sweep-15000 submitted=225000 committed=225000 confirmed_tps=15000.0 fail_rate=0.0000 e2e_p99_ms=859.14
time=2026-09-16T15:37:14.996+05:30 level=INFO msg="phase start" platform=fabricx run=probe-sweep phase=hold offered_tps=13500 workers=0 duration=5m0s
time=2026-09-16T15:42:41.281+05:30 level=INFO msg="phase end" platform=fabricx run=probe-sweep phase=hold submitted=3442500 committed=2947317 confirmed_tps=11558.1 fail_rate=0.1438 e2e_p99_ms=27033.60
time=2026-09-16T15:42:41.281+05:30 level=WARN msg="phase errors" platform=fabricx run=probe-sweep phase=hold count=495183 message="not sent: N transactions already in flight (platform is not finalizing)"
time=2026-09-16T15:42:41.281+05:30 level=WARN msg=caveat platform=fabricx run=probe-sweep text="every sweep step held: the platform did not saturate within the ladder, so 15000 TPS is a lower bound on its knee, not the knee"
time=2026-09-16T15:42:42.431+05:30 level=WARN msg=caveat platform=fabricx run=probe-sweep text="native metrics scrape of http://localhost:9643/metrics failed: scrape http://localhost:9643/metrics: parser panic: Invalid name validation scheme requested: unset (informational metrics only; harness numbers unaffected)"
time=2026-09-16T15:42:42.434+05:30 level=INFO msg="run finished" platform=fabricx run=probe-sweep out_dir=results/fabricx/20260916-152634 caveats=3
results written to results/fabricx/20260916-152634
[34m2026-09-16 15:42:42.435 IST 005b INFO[0m [grpc] [34;1mAddTraceEvent[0m -> [core] [Channel #4] Channel Connectivity change to SHUTDOWN
[34m2026-09-16 15:42:42.436 IST 005c INFO[0m [grpc] [34;1mAddTraceEvent[0m -> [core] [Channel #4] Closing the name resolver
[34m2026-09-16 15:42:42.436 IST 005d INFO[0m [grpc] [34;1mAddTraceEvent[0m -> [core] [Channel #4] ccBalancerWrapper: closing
[34m2026-09-16 15:42:42.437 IST 005e INFO[0m [grpc] [34;1mAddTraceEvent[0m -> [core] [Channel #4 SubChannel #5] Subchannel Connectivity change to SHUTDOWN
[34m2026-09-16 15:42:42.437 IST 005f INFO[0m [grpc] [34;1mAddTraceEvent[0m -> [core] [Channel #4 SubChannel #5] Subchannel deleted
[34m2026-09-16 15:42:42.437 IST 0060 INFO[0m [grpc] [34;1mInfof[0m -> [transport] [client-transport 0xbd66d654d88] Closing: rpc error: code = Canceled desc = grpc: the client connection is closing
[34m2026-09-16 15:42:42.437 IST 0061 INFO[0m [grpc] [34;1mInfof[0m -> [transport] [client-transport 0xbd66d654d88] loopyWriter exiting with error: rpc error: code = Canceled desc = grpc: the client connection is closing
[34m2026-09-16 15:42:42.437 IST 0062 INFO[0m [grpc] [34;1mAddTraceEvent[0m -> [core] [Channel #4] Channel deleted
[34m2026-09-16 15:42:42.437 IST 0063 INFO[0m [grpc] [34;1mAddTraceEvent[0m -> [core] [Channel #7] Channel Connectivity change to SHUTDOWN
[34m2026-09-16 15:42:42.437 IST 0064 INFO[0m [grpc] [34;1mAddTraceEvent[0m -> [core] [Channel #7] Closing the name resolver
[34m2026-09-16 15:42:42.438 IST 0065 INFO[0m [grpc] [34;1mAddTraceEvent[0m -> [core] [Channel #7] ccBalancerWrapper: closing
[34m2026-09-16 15:42:42.438 IST 0066 INFO[0m [grpc] [34;1mAddTraceEvent[0m -> [core] [Channel #7 SubChannel #8] Subchannel Connectivity change to SHUTDOWN
[34m2026-09-16 15:42:42.438 IST 0067 INFO[0m [grpc] [34;1mAddTraceEvent[0m -> [core] [Channel #7 SubChannel #8] Subchannel deleted
[34m2026-09-16 15:42:42.438 IST 0068 INFO[0m [grpc] [34;1mInfof[0m -> [transport] [client-transport 0xbd66d654fc8] Closing: rpc error: code = Canceled desc = grpc: the client connection is closing
[34m2026-09-16 15:42:42.438 IST 0069 INFO[0m [grpc] [34;1mInfof[0m -> [transport] [client-transport 0xbd66d654fc8] loopyWriter exiting with error: rpc error: code = Canceled desc = grpc: the client connection is closing
[34m2026-09-16 15:42:42.438 IST 006a INFO[0m [grpc] [34;1mAddTraceEvent[0m -> [core] [Channel #7] Channel deleted
[34m2026-09-16 15:42:42.439 IST 006b INFO[0m [grpc] [34;1mAddTraceEvent[0m -> [core] [Channel #10] Channel Connectivity change to SHUTDOWN
[34m2026-09-16 15:42:42.439 IST 006c INFO[0m [grpc] [34;1mAddTraceEvent[0m -> [core] [Channel #10] Closing the name resolver
[34m2026-09-16 15:42:42.439 IST 006d INFO[0m [grpc] [34;1mAddTraceEvent[0m -> [core] [Channel #10] ccBalancerWrapper: closing
[34m2026-09-16 15:42:42.439 IST 006e INFO[0m [grpc] [34;1mAddTraceEvent[0m -> [core] [Channel #10 SubChannel #11] Subchannel Connectivity change to SHUTDOWN
[34m2026-09-16 15:42:42.439 IST 006f INFO[0m [grpc] [34;1mAddTraceEvent[0m -> [core] [Channel #10 SubChannel #11] Subchannel deleted
[34m2026-09-16 15:42:42.439 IST 0070 INFO[0m [grpc] [34;1mInfof[0m -> [transport] [client-transport 0xbd66d655448] Closing: rpc error: code = Canceled desc = grpc: the client connection is closing
[34m2026-09-16 15:42:42.440 IST 0071 INFO[0m [grpc] [34;1mInfof[0m -> [transport] [client-transport 0xbd66d655448] loopyWriter exiting with error: rpc error: code = Canceled desc = grpc: the client connection is closing
[34m2026-09-16 15:42:42.440 IST 0072 INFO[0m [grpc] [34;1mAddTraceEvent[0m -> [core] [Channel #10] Channel deleted
[34m2026-09-16 15:42:42.440 IST 0073 INFO[0m [grpc] [34;1mAddTraceEvent[0m -> [core] [Channel #13] Channel Connectivity change to SHUTDOWN
[34m2026-09-16 15:42:42.441 IST 0074 INFO[0m [grpc] [34;1mAddTraceEvent[0m -> [core] [Channel #13] Closing the name resolver
[34m2026-09-16 15:42:42.441 IST 0075 INFO[0m [grpc] [34;1mAddTraceEvent[0m -> [core] [Channel #13] ccBalancerWrapper: closing
[34m2026-09-16 15:42:42.441 IST 0076 INFO[0m [grpc] [34;1mAddTraceEvent[0m -> [core] [Channel #13 SubChannel #14] Subchannel Connectivity change to SHUTDOWN
[34m2026-09-16 15:42:42.441 IST 0077 INFO[0m [grpc] [34;1mAddTraceEvent[0m -> [core] [Channel #13 SubChannel #14] Subchannel deleted
[34m2026-09-16 15:42:42.441 IST 0078 INFO[0m [grpc] [34;1mInfof[0m -> [transport] [client-transport 0xbd66d7186c8] Closing: rpc error: code = Canceled desc = grpc: the client connection is closing
[34m2026-09-16 15:42:42.441 IST 0079 INFO[0m [grpc] [34;1mInfof[0m -> [transport] [client-transport 0xbd66d7186c8] loopyWriter exiting with error: rpc error: code = Canceled desc = grpc: the client connection is closing
[34m2026-09-16 15:42:42.441 IST 007a INFO[0m [grpc] [34;1mAddTraceEvent[0m -> [core] [Channel #13] Channel deleted
[34m2026-09-16 15:42:42.441 IST 007b INFO[0m [grpc] [34;1mAddTraceEvent[0m -> [core] [Channel #1] Channel Connectivity change to SHUTDOWN
[34m2026-09-16 15:42:42.441 IST 007c INFO[0m [grpc] [34;1mAddTraceEvent[0m -> [core] [Channel #1] Closing the name resolver
[34m2026-09-16 15:42:42.441 IST 007d INFO[0m [grpc] [34;1mAddTraceEvent[0m -> [core] [Channel #1] ccBalancerWrapper: closing
[34m2026-09-16 15:42:42.441 IST 007e INFO[0m [grpc] [34;1mAddTraceEvent[0m -> [core] [Channel #1 SubChannel #2] Subchannel Connectivity change to SHUTDOWN
[34m2026-09-16 15:42:42.441 IST 007f INFO[0m [grpc] [34;1mAddTraceEvent[0m -> [core] [Channel #1 SubChannel #2] Subchannel deleted
[34m2026-09-16 15:42:42.441 IST 0080 INFO[0m [grpc] [34;1mInfof[0m -> [transport] [client-transport 0xbd66d718488] Closing: rpc error: code = Canceled desc = grpc: the client connection is closing
[34m2026-09-16 15:42:42.441 IST 0081 INFO[0m [grpc] [34;1mInfof[0m -> [transport] [client-transport 0xbd66d718488] loopyWriter exiting with error: rpc error: code = Canceled desc = grpc: the client connection is closing
[34m2026-09-16 15:42:42.441 IST 0082 INFO[0m [grpc] [34;1mAddTraceEvent[0m -> [core] [Channel #1] Channel deleted
[34m2026-09-16 15:42:42.441 IST 0083 INFO[0m [grpc] [34;1mAddTraceEvent[0m -> [core] [Channel #16] Channel Connectivity change to SHUTDOWN
[34m2026-09-16 15:42:42.441 IST 0084 INFO[0m [grpc] [34;1mAddTraceEvent[0m -> [core] [Channel #16] Closing the name resolver
[34m2026-09-16 15:42:42.441 IST 0085 INFO[0m [grpc] [34;1mAddTraceEvent[0m -> [core] [Channel #16] ccBalancerWrapper: closing
[34m2026-09-16 15:42:42.441 IST 0086 INFO[0m [grpc] [34;1mAddTraceEvent[0m -> [core] [Channel #16 SubChannel #17] Subchannel Connectivity change to SHUTDOWN
[34m2026-09-16 15:42:42.441 IST 0087 INFO[0m [grpc] [34;1mAddTraceEvent[0m -> [core] [Channel #16 SubChannel #17] Subchannel deleted
[34m2026-09-16 15:42:42.441 IST 0088 INFO[0m [grpc] [34;1mInfof[0m -> [transport] [client-transport 0xbd66d470008] Closing: rpc error: code = Canceled desc = grpc: the client connection is closing
[34m2026-09-16 15:42:42.441 IST 0089 INFO[0m [grpc] [34;1mInfof[0m -> [transport] [client-transport 0xbd66d470008] loopyWriter exiting with error: rpc error: code = Canceled desc = grpc: the client connection is closing
[34m2026-09-16 15:42:42.441 IST 008a INFO[0m [grpc] [34;1mAddTraceEvent[0m -> [core] [Channel #16] Channel deleted
monitoring report: results/fabricx/20260916-152634/monitoring-report.html
run book: results/index.html
