2026-09-16T05:16:24.055621712Z 1:1:C 16 Sep 2026 05:16:24.055 # oO0OoO0OoO0Oo KeyDB is starting oO0OoO0OoO0Oo
2026-09-16T05:16:24.055641257Z 1:1:C 16 Sep 2026 05:16:24.055 # KeyDB version=6.3.4, bits=64, commit=7e7e5e57, modified=1, pid=1, just started
2026-09-16T05:16:24.055642880Z 1:1:C 16 Sep 2026 05:16:24.055 # Configuration loaded
2026-09-16T05:16:24.056599860Z 1:1:M 16 Sep 2026 05:16:24.056 * Increased maximum number of open files to 10032 (it was originally set to 1024).
2026-09-16T05:16:24.056602160Z 1:1:M 16 Sep 2026 05:16:24.056 * monotonic clock: POSIX clock_gettime
2026-09-16T05:16:24.605659358Z                                                                       
2026-09-16T05:16:24.605686854Z                   _                                                   
2026-09-16T05:16:24.605688373Z                _-(+)-_                                                
2026-09-16T05:16:24.605689436Z             _-- /   \ --_                                            
2026-09-16T05:16:24.605690339Z          _--   /     \   --_            KeyDB  6.3.4 (7e7e5e57/1) 64 bit     
2026-09-16T05:16:24.605691043Z      __--     /       \     --__                                     
2026-09-16T05:16:24.605691712Z     (+) _    /         \    _ (+)       Running in standalone mode
2026-09-16T05:16:24.605692281Z      |   -- /           \ --   |        Port: 6379
2026-09-16T05:16:24.605692902Z      |     /--_   _   _--\     |        PID: 1
2026-09-16T05:16:24.605693478Z      |    /     -(+)-     \    |                                     
2026-09-16T05:16:24.605694039Z      |   /        |        \   |        https://docs.keydb.dev       
2026-09-16T05:16:24.605701857Z      |  /         |         \  |                                     
2026-09-16T05:16:24.605704848Z      | /          |          \ |                                     
2026-09-16T05:16:24.605705525Z     (+)_ -- -- -- | -- -- -- _(+)                                     
2026-09-16T05:16:24.605706124Z         --_       |       _--                                         
2026-09-16T05:16:24.605706674Z             --_   |   _--                                             
2026-09-16T05:16:24.605707256Z                 -(+)-        KeyDB has now joined Snap! See the announcement at:  https://docs.keydb.dev/news
2026-09-16T05:16:24.605707820Z 
2026-09-16T05:16:24.605708446Z                                                                      
2026-09-16T05:16:24.605709076Z 1:1:M 16 Sep 2026 05:16:24.605 # Server initialized
2026-09-16T05:16:24.606327804Z 1:25:M 16 Sep 2026 05:16:24.606 * Thread 0 alive.
2026-09-16T05:16:24.606335132Z 1:26:M 16 Sep 2026 05:16:24.606 * Thread 1 alive.
2026-09-16T05:21:25.026734747Z 1:25:M 16 Sep 2026 05:21:25.026 * 10 changes in 300 seconds. Saving...
2026-09-16T05:21:25.027620455Z 1:25:M 16 Sep 2026 05:21:25.027 * Background saving started by pid 29
2026-09-16T05:21:25.027629606Z 1:25:M 16 Sep 2026 05:21:25.027 * Background saving started
2026-09-16T05:21:25.030454458Z 29:25:C 16 Sep 2026 05:21:25.030 * DB saved on disk
2026-09-16T05:21:25.030906442Z 29:25:C 16 Sep 2026 05:21:25.030 * RDB: 0 MB of memory used by copy-on-write
2026-09-16T05:21:25.128062371Z 1:25:M 16 Sep 2026 05:21:25.127 * Background saving terminated with success
