2026-09-16T05:16:24.055586014Z 1:1:C 16 Sep 2026 05:16:24.055 # oO0OoO0OoO0Oo KeyDB is starting oO0OoO0OoO0Oo
2026-09-16T05:16:24.055615723Z 1:1:C 16 Sep 2026 05:16:24.055 # KeyDB version=6.3.4, bits=64, commit=7e7e5e57, modified=1, pid=1, just started
2026-09-16T05:16:24.055617459Z 1:1:C 16 Sep 2026 05:16:24.055 # Configuration loaded
2026-09-16T05:16:24.056558706Z 1:1:M 16 Sep 2026 05:16:24.056 * Increased maximum number of open files to 10032 (it was originally set to 1024).
2026-09-16T05:16:24.056566050Z 1:1:M 16 Sep 2026 05:16:24.056 * monotonic clock: POSIX clock_gettime
2026-09-16T05:16:24.605719140Z                                                                       
2026-09-16T05:16:24.605723565Z                   _                                                   
2026-09-16T05:16:24.605724395Z                _-(+)-_                                                
2026-09-16T05:16:24.605724981Z             _-- /   \ --_                                            
2026-09-16T05:16:24.605725625Z          _--   /     \   --_            KeyDB  6.3.4 (7e7e5e57/1) 64 bit     
2026-09-16T05:16:24.605726212Z      __--     /       \     --__                                     
2026-09-16T05:16:24.605726800Z     (+) _    /         \    _ (+)       Running in standalone mode
2026-09-16T05:16:24.605727422Z      |   -- /           \ --   |        Port: 6379
2026-09-16T05:16:24.605728051Z      |     /--_   _   _--\     |        PID: 1
2026-09-16T05:16:24.605728649Z      |    /     -(+)-     \    |                                     
2026-09-16T05:16:24.605729218Z      |   /        |        \   |        https://docs.keydb.dev       
2026-09-16T05:16:24.605729843Z      |  /         |         \  |                                     
2026-09-16T05:16:24.605730478Z      | /          |          \ |                                     
2026-09-16T05:16:24.605731146Z     (+)_ -- -- -- | -- -- -- _(+)                                     
2026-09-16T05:16:24.605731762Z         --_       |       _--                                         
2026-09-16T05:16:24.605732339Z             --_   |   _--                                             
2026-09-16T05:16:24.605732927Z                 -(+)-        KeyDB has now joined Snap! See the announcement at:  https://docs.keydb.dev/news
2026-09-16T05:16:24.605733556Z 
2026-09-16T05:16:24.605734169Z                                                                      
2026-09-16T05:16:24.605734754Z 1:1:M 16 Sep 2026 05:16:24.605 # Server initialized
2026-09-16T05:16:24.606308291Z 1:26:M 16 Sep 2026 05:16:24.606 * Thread 1 alive.
2026-09-16T05:16:24.606317793Z 1:25:M 16 Sep 2026 05:16:24.606 * Thread 0 alive.
2026-09-16T05:21:25.032898229Z 1:25:M 16 Sep 2026 05:21:25.032 * 10 changes in 300 seconds. Saving...
2026-09-16T05:21:25.034063491Z 1:25:M 16 Sep 2026 05:21:25.033 * Background saving started by pid 29
2026-09-16T05:21:25.034078687Z 1:25:M 16 Sep 2026 05:21:25.033 * Background saving started
2026-09-16T05:21:25.038317677Z 29:25:C 16 Sep 2026 05:21:25.038 * DB saved on disk
2026-09-16T05:21:25.038842354Z 29:25:C 16 Sep 2026 05:21:25.038 * RDB: 0 MB of memory used by copy-on-write
2026-09-16T05:21:25.134486346Z 1:25:M 16 Sep 2026 05:21:25.134 * Background saving terminated with success
