2026-09-16T11:37:33.077047012Z 1:1:C 16 Sep 2026 11:37:33.076 # oO0OoO0OoO0Oo KeyDB is starting oO0OoO0OoO0Oo
2026-09-16T11:37:33.077085917Z 1:1:C 16 Sep 2026 11:37:33.076 # KeyDB version=6.3.4, bits=64, commit=7e7e5e57, modified=1, pid=1, just started
2026-09-16T11:37:33.077088395Z 1:1:C 16 Sep 2026 11:37:33.076 # Configuration loaded
2026-09-16T11:37:33.077946807Z 1:1:M 16 Sep 2026 11:37:33.077 * Increased maximum number of open files to 10032 (it was originally set to 1024).
2026-09-16T11:37:33.077955930Z 1:1:M 16 Sep 2026 11:37:33.077 * monotonic clock: POSIX clock_gettime
2026-09-16T11:37:33.646629468Z                                                                       
2026-09-16T11:37:33.646649522Z                   _                                                   
2026-09-16T11:37:33.646651018Z                _-(+)-_                                                
2026-09-16T11:37:33.646652002Z             _-- /   \ --_                                            
2026-09-16T11:37:33.646652957Z          _--   /     \   --_            KeyDB  6.3.4 (7e7e5e57/1) 64 bit     
2026-09-16T11:37:33.646653707Z      __--     /       \     --__                                     
2026-09-16T11:37:33.646654343Z     (+) _    /         \    _ (+)       Running in standalone mode
2026-09-16T11:37:33.646654984Z      |   -- /           \ --   |        Port: 6379
2026-09-16T11:37:33.646655573Z      |     /--_   _   _--\     |        PID: 1
2026-09-16T11:37:33.646656620Z      |    /     -(+)-     \    |                                     
2026-09-16T11:37:33.646657288Z      |   /        |        \   |        https://docs.keydb.dev       
2026-09-16T11:37:33.646657949Z      |  /         |         \  |                                     
2026-09-16T11:37:33.646658539Z      | /          |          \ |                                     
2026-09-16T11:37:33.646659126Z     (+)_ -- -- -- | -- -- -- _(+)                                     
2026-09-16T11:37:33.646659659Z         --_       |       _--                                         
2026-09-16T11:37:33.646660190Z             --_   |   _--                                             
2026-09-16T11:37:33.646660774Z                 -(+)-        KeyDB has now joined Snap! See the announcement at:  https://docs.keydb.dev/news
2026-09-16T11:37:33.646661364Z 
2026-09-16T11:37:33.646661920Z                                                                      
2026-09-16T11:37:33.646664147Z 1:1:M 16 Sep 2026 11:37:33.646 # Server initialized
2026-09-16T11:37:33.647484499Z 1:25:M 16 Sep 2026 11:37:33.647 * Thread 1 alive.
2026-09-16T11:37:33.647485809Z 1:24:M 16 Sep 2026 11:37:33.647 * Thread 0 alive.
2026-09-16T11:42:34.040292326Z 1:24:M 16 Sep 2026 11:42:34.040 * 10 changes in 300 seconds. Saving...
2026-09-16T11:42:34.041089201Z 1:24:M 16 Sep 2026 11:42:34.040 * Background saving started by pid 29
2026-09-16T11:42:34.041098128Z 1:24:M 16 Sep 2026 11:42:34.041 * Background saving started
2026-09-16T11:42:34.044033513Z 29:24:C 16 Sep 2026 11:42:34.043 * DB saved on disk
2026-09-16T11:42:34.044545630Z 29:24:C 16 Sep 2026 11:42:34.044 * RDB: 0 MB of memory used by copy-on-write
2026-09-16T11:42:34.141504743Z 1:24:M 16 Sep 2026 11:42:34.141 * Background saving terminated with success
