2026-09-16T11:37:33.077064599Z 1:1:C 16 Sep 2026 11:37:33.076 # oO0OoO0OoO0Oo KeyDB is starting oO0OoO0OoO0Oo
2026-09-16T11:37:33.077086042Z 1:1:C 16 Sep 2026 11:37:33.076 # KeyDB version=6.3.4, bits=64, commit=7e7e5e57, modified=1, pid=1, just started
2026-09-16T11:37:33.077087560Z 1:1:C 16 Sep 2026 11:37:33.076 # Configuration loaded
2026-09-16T11:37:33.077960105Z 1:1:M 16 Sep 2026 11:37:33.077 * Increased maximum number of open files to 10032 (it was originally set to 1024).
2026-09-16T11:37:33.077962461Z 1:1:M 16 Sep 2026 11:37:33.077 * monotonic clock: POSIX clock_gettime
2026-09-16T11:37:33.646628546Z                                                                       
2026-09-16T11:37:33.646649659Z                   _                                                   
2026-09-16T11:37:33.646651073Z                _-(+)-_                                                
2026-09-16T11:37:33.646651828Z             _-- /   \ --_                                            
2026-09-16T11:37:33.646652533Z          _--   /     \   --_            KeyDB  6.3.4 (7e7e5e57/1) 64 bit     
2026-09-16T11:37:33.646653163Z      __--     /       \     --__                                     
2026-09-16T11:37:33.646653768Z     (+) _    /         \    _ (+)       Running in standalone mode
2026-09-16T11:37:33.646654323Z      |   -- /           \ --   |        Port: 6379
2026-09-16T11:37:33.646654891Z      |     /--_   _   _--\     |        PID: 1
2026-09-16T11:37:33.646655484Z      |    /     -(+)-     \    |                                     
2026-09-16T11:37:33.646656068Z      |   /        |        \   |        https://docs.keydb.dev       
2026-09-16T11:37:33.646656609Z      |  /         |         \  |                                     
2026-09-16T11:37:33.646657167Z      | /          |          \ |                                     
2026-09-16T11:37:33.646657700Z     (+)_ -- -- -- | -- -- -- _(+)                                     
2026-09-16T11:37:33.646658322Z         --_       |       _--                                         
2026-09-16T11:37:33.646658890Z             --_   |   _--                                             
2026-09-16T11:37:33.646659483Z                 -(+)-        KeyDB has now joined Snap! See the announcement at:  https://docs.keydb.dev/news
2026-09-16T11:37:33.646660058Z 
2026-09-16T11:37:33.646660647Z                                                                      
2026-09-16T11:37:33.646661229Z 1:1:M 16 Sep 2026 11:37:33.646 # Server initialized
2026-09-16T11:37:33.647475748Z 1:25:M 16 Sep 2026 11:37:33.647 * Thread 0 alive.
2026-09-16T11:37:33.647481033Z 1:26:M 16 Sep 2026 11:37:33.647 * Thread 1 alive.
2026-09-16T11:42:34.072325524Z 1:25:M 16 Sep 2026 11:42:34.072 * 10 changes in 300 seconds. Saving...
2026-09-16T11:42:34.073003864Z 1:25:M 16 Sep 2026 11:42:34.072 * Background saving started by pid 29
2026-09-16T11:42:34.073015883Z 1:25:M 16 Sep 2026 11:42:34.072 * Background saving started
2026-09-16T11:42:34.075504025Z 29:25:C 16 Sep 2026 11:42:34.075 * DB saved on disk
2026-09-16T11:42:34.075998025Z 29:25:C 16 Sep 2026 11:42:34.075 * RDB: 0 MB of memory used by copy-on-write
2026-09-16T11:42:34.173384133Z 1:25:M 16 Sep 2026 11:42:34.173 * Background saving terminated with success
