time=2026-09-16T16:54:10.966+05:30 level=INFO msg="run starting" platform=fabric-bft run=native-kv-mixed workload=kv-mixed profile=local-32gb normalized=false out_dir=results/fabric-bft/20260916-165410
time=2026-09-16T16:54:10.966+05:30 level=WARN msg=caveat platform=fabric-bft run=native-kv-mixed text="kv-mixed native: Fabric/Drunix/Fabric-X reads are Evaluate/QueryService (not ordered); NeuChain reads are committed transactions. Headline TPS blends two paths."
time=2026-09-16T16:54:10.966+05:30 level=INFO msg="adapter setup" platform=fabric-bft run=native-kv-mixed
[34m2026-09-16 16:54:10.967 IST 0001 INFO[0m [grpc] [34;1mInfof[0m -> [core] original dial target is: "localhost:7051"
[34m2026-09-16 16:54:10.967 IST 0002 INFO[0m [grpc] [34;1mAddTraceEvent[0m -> [core] [Channel #1] Channel created for target "localhost:7051"
[34m2026-09-16 16:54:10.967 IST 0003 INFO[0m [grpc] [34;1mAddTraceEvent[0m -> [core] [Channel #1] parsed dial target is: resolver.Target{URL:url.URL{Scheme:"dns", Opaque:"", User:(*url.Userinfo)(nil), Host:"", Path:"/localhost:7051", Fragment:"", RawQuery:"", RawPath:"", RawFragment:"", ForceQuery:false, OmitHost:false}}
[34m2026-09-16 16:54:10.967 IST 0004 INFO[0m [grpc] [34;1mAddTraceEvent[0m -> [core] [Channel #1] Channel authority set to "peer0.org1.example.com"
[34m2026-09-16 16:54:10.967 IST 0005 INFO[0m [grpc] [34;1mAddTraceEvent[0m -> [core] [Channel #1] Channel Connectivity change to CONNECTING
[34m2026-09-16 16:54:10.967 IST 0006 INFO[0m [grpc] [34;1mAddTraceEvent[0m -> [core] [Channel #1] Channel exiting idle mode
[34m2026-09-16 16:54:11.002 IST 0007 INFO[0m [grpc] [34;1mAddTraceEvent[0m -> [core] [Channel #1] Resolver state updated: {
  "Addresses": [
    {
      "Addr": "127.0.0.1:7051",
      "ServerName": "",
      "Attributes": null,
      "BalancerAttributes": null,
      "Metadata": null
    }
  ],
  "Endpoints": [
    {
      "Addresses": [
        {
          "Addr": "127.0.0.1:7051",
          "ServerName": "",
          "Attributes": null,
          "BalancerAttributes": null,
          "Metadata": null
        }
      ],
      "Attributes": null
    }
  ],
  "ServiceConfig": null,
  "Attributes": null
} (resolver returned new addresses)
[34m2026-09-16 16:54:11.002 IST 0008 INFO[0m [grpc] [34;1mAddTraceEvent[0m -> [core] [Channel #1] Channel switches to new LB policy "pick_first"
[34m2026-09-16 16:54:11.002 IST 0009 INFO[0m [grpc] [34;1mInfof[0m -> [pick-first-leaf-lb] [pick-first-leaf-lb 0x3eb8e04e35f0] Received new config {
  "shuffleAddressList": false
}, resolver state {
  "Addresses": [
    {
      "Addr": "127.0.0.1:7051",
      "ServerName": "",
      "Attributes": null,
      "BalancerAttributes": null,
      "Metadata": null
    }
  ],
  "Endpoints": [
    {
      "Addresses": [
        {
          "Addr": "127.0.0.1:7051",
          "ServerName": "",
          "Attributes": null,
          "BalancerAttributes": null,
          "Metadata": null
        }
      ],
      "Attributes": null
    }
  ],
  "ServiceConfig": null,
  "Attributes": null
}
[34m2026-09-16 16:54:11.003 IST 000a INFO[0m [grpc] [34;1mAddTraceEvent[0m -> [core] [Channel #1 SubChannel #2] Subchannel created
[34m2026-09-16 16:54:11.003 IST 000b INFO[0m [grpc] [34;1mAddTraceEvent[0m -> [core] [Channel #1 SubChannel #2] Subchannel Connectivity change to CONNECTING
[34m2026-09-16 16:54:11.003 IST 000c INFO[0m [grpc] [34;1mAddTraceEvent[0m -> [core] [Channel #1 SubChannel #2] Subchannel picks a new address "127.0.0.1:7051" to connect
[34m2026-09-16 16:54:11.004 IST 000d INFO[0m [grpc] [34;1mAddTraceEvent[0m -> [core] [Channel #1 SubChannel #2] Subchannel Connectivity change to READY
[34m2026-09-16 16:54:11.004 IST 000e INFO[0m [grpc] [34;1mInfof[0m -> [pick-first-leaf-lb] [pick-first-leaf-lb 0x3eb8e04e35f0] SubConn 0x3eb8e049bc20 reported connectivity state READY and the health listener is disabled. Transitioning SubConn to READY.
[34m2026-09-16 16:54:11.004 IST 000f INFO[0m [grpc] [34;1mAddTraceEvent[0m -> [core] [Channel #1] Channel Connectivity change to READY
time=2026-09-16T16:54:11.008+05:30 level=INFO msg="setup complete" platform=fabric-bft run=native-kv-mixed component=adapter gateway=localhost:7051 finality_from=localhost:7051
time=2026-09-16T16:54:11.008+05:30 level=INFO msg="phase start" platform=fabric-bft run=native-kv-mixed phase=probe offered_tps=10 workers=0 duration=30s
time=2026-09-16T16:54:41.796+05:30 level=INFO msg="phase end" platform=fabric-bft run=native-kv-mixed phase=probe submitted=300 committed=300 confirmed_tps=10.0 fail_rate=0.0000 e2e_p99_ms=1022.98
time=2026-09-16T16:54:41.796+05:30 level=INFO msg="phase start" platform=fabric-bft run=native-kv-mixed phase=sweep-100 offered_tps=100 workers=0 duration=1m0s
time=2026-09-16T16:55:42.794+05:30 level=INFO msg="phase end" platform=fabric-bft run=native-kv-mixed phase=sweep-100 submitted=1500 committed=1500 confirmed_tps=100.0 fail_rate=0.0000 e2e_p99_ms=1033.73
time=2026-09-16T16:55:42.794+05:30 level=INFO msg="phase start" platform=fabric-bft run=native-kv-mixed phase=sweep-250 offered_tps=250 workers=0 duration=1m0s
time=2026-09-16T16:56:43.335+05:30 level=INFO msg="phase end" platform=fabric-bft run=native-kv-mixed phase=sweep-250 submitted=3750 committed=3750 confirmed_tps=250.0 fail_rate=0.0000 e2e_p99_ms=1068.03
time=2026-09-16T16:56:43.335+05:30 level=INFO msg="phase start" platform=fabric-bft run=native-kv-mixed phase=sweep-500 offered_tps=500 workers=0 duration=1m0s
time=2026-09-16T16:57:44.013+05:30 level=INFO msg="phase end" platform=fabric-bft run=native-kv-mixed phase=sweep-500 submitted=7500 committed=7500 confirmed_tps=500.0 fail_rate=0.0000 e2e_p99_ms=1088.51
time=2026-09-16T16:57:44.013+05:30 level=INFO msg="phase start" platform=fabric-bft run=native-kv-mixed phase=sweep-1000 offered_tps=1000 workers=0 duration=1m0s
time=2026-09-16T16:58:44.794+05:30 level=INFO msg="phase end" platform=fabric-bft run=native-kv-mixed phase=sweep-1000 submitted=15000 committed=15000 confirmed_tps=1000.0 fail_rate=0.0000 e2e_p99_ms=599.04
time=2026-09-16T16:58:44.794+05:30 level=INFO msg="phase start" platform=fabric-bft run=native-kv-mixed phase=sweep-2000 offered_tps=2000 workers=0 duration=1m0s
time=2026-09-16T16:59:45.886+05:30 level=INFO msg="phase end" platform=fabric-bft run=native-kv-mixed phase=sweep-2000 submitted=30000 committed=30000 confirmed_tps=2000.0 fail_rate=0.0000 e2e_p99_ms=385.28
time=2026-09-16T16:59:45.886+05:30 level=INFO msg="phase start" platform=fabric-bft run=native-kv-mixed phase=sweep-3500 offered_tps=3500 workers=0 duration=1m0s
time=2026-09-16T17:00:52.150+05:30 level=INFO msg="phase end" platform=fabric-bft run=native-kv-mixed phase=sweep-3500 submitted=52500 committed=45968 confirmed_tps=3064.5 fail_rate=0.1244 e2e_p99_ms=18366.46
time=2026-09-16T17:00:52.150+05:30 level=WARN msg="phase errors" platform=fabric-bft run=native-kv-mixed phase=sweep-3500 count=6532 message="not sent: N transactions already in flight (platform is not finalizing)"
time=2026-09-16T17:00:52.150+05:30 level=INFO msg="phase start" platform=fabric-bft run=native-kv-mixed phase=sweep-5000 offered_tps=5000 workers=0 duration=1m0s
time=2026-09-16T17:02:01.321+05:30 level=INFO msg="phase end" platform=fabric-bft run=native-kv-mixed phase=sweep-5000 submitted=75000 committed=38761 confirmed_tps=2584.1 fail_rate=0.4832 e2e_p99_ms=28950.53
time=2026-09-16T17:02:01.321+05:30 level=WARN msg="phase errors" platform=fabric-bft run=native-kv-mixed phase=sweep-5000 count=36236 message="not sent: N transactions already in flight (platform is not finalizing)"
time=2026-09-16T17:02:01.321+05:30 level=WARN msg="phase errors" platform=fabric-bft run=native-kv-mixed phase=sweep-5000 count=3 message="submit to orderer: rpc error: code = Unavailable desc = insufficient number of orderers could successfully process transaction to satisfy quorum requirement\nDetails:\n  - Address: orderer2.example.com:7052\n    MspId: OrdererMSP\n    Message: received unsuccessful response from orderer: status=SERVICE_UNAVAILABLE, info=failed to submit request: request already processed\n  - Address: orderer3.example.com:7056\n    MspId: OrdererMSP\n    Message: received unsuccessful response from orderer: status=SERVICE_UNAVAILABLE, info=failed to submit request: request already processed"
time=2026-09-16T17:02:01.321+05:30 level=INFO msg="phase start" platform=fabric-bft run=native-kv-mixed phase=hold offered_tps=1800 workers=0 duration=5m0s
time=2026-09-16T17:07:02.970+05:30 level=INFO msg="phase end" platform=fabric-bft run=native-kv-mixed phase=hold submitted=459000 committed=459000 confirmed_tps=1800.0 fail_rate=0.0000 e2e_p99_ms=434.69
time=2026-09-16T17:07:02.970+05:30 level=WARN msg=caveat platform=fabric-bft run=native-kv-mixed text="sweep aborted early after 2 consecutive failed steps; 2 higher step(s) were never offered"
time=2026-09-16T17:07:03.115+05:30 level=WARN msg=caveat platform=fabric-bft run=native-kv-mixed text="native metrics scrape of http://localhost:9443/metrics failed: scrape http://localhost:9443/metrics: parser panic: Invalid name validation scheme requested: unset (informational metrics only; harness numbers unaffected)"
time=2026-09-16T17:07:03.119+05:30 level=INFO msg="run finished" platform=fabric-bft run=native-kv-mixed out_dir=results/fabric-bft/20260916-165410 caveats=3
results written to results/fabric-bft/20260916-165410
[34m2026-09-16 17:07:03.119 IST 0010 INFO[0m [grpc] [34;1mAddTraceEvent[0m -> [core] [Channel #1] Channel Connectivity change to SHUTDOWN
[34m2026-09-16 17:07:03.119 IST 0011 INFO[0m [grpc] [34;1mAddTraceEvent[0m -> [core] [Channel #1] Closing the name resolver
[34m2026-09-16 17:07:03.119 IST 0012 INFO[0m [grpc] [34;1mAddTraceEvent[0m -> [core] [Channel #1] ccBalancerWrapper: closing
[34m2026-09-16 17:07:03.119 IST 0013 INFO[0m [grpc] [34;1mAddTraceEvent[0m -> [core] [Channel #1 SubChannel #2] Subchannel Connectivity change to SHUTDOWN
[34m2026-09-16 17:07:03.119 IST 0014 INFO[0m [grpc] [34;1mAddTraceEvent[0m -> [core] [Channel #1 SubChannel #2] Subchannel deleted
[34m2026-09-16 17:07:03.119 IST 0015 INFO[0m [grpc] [34;1mInfof[0m -> [transport] [client-transport 0x3eb8e05e8008] Closing: rpc error: code = Canceled desc = grpc: the client connection is closing
[34m2026-09-16 17:07:03.119 IST 0016 INFO[0m [grpc] [34;1mInfof[0m -> [transport] [client-transport 0x3eb8e05e8008] loopyWriter exiting with error: rpc error: code = Canceled desc = grpc: the client connection is closing
[34m2026-09-16 17:07:03.119 IST 0017 INFO[0m [grpc] [34;1mAddTraceEvent[0m -> [core] [Channel #1] Channel deleted
monitoring report: results/fabric-bft/20260916-165410/monitoring-report.html
run book: results/index.html
