2026-09-14T18:07:06.063102411Z 1:1:C 14 Sep 2026 18:07:06.063 # oO0OoO0OoO0Oo KeyDB is starting oO0OoO0OoO0Oo
2026-09-14T18:07:06.063118591Z 1:1:C 14 Sep 2026 18:07:06.063 # KeyDB version=6.3.4, bits=64, commit=7e7e5e57, modified=1, pid=1, just started
2026-09-14T18:07:06.063129171Z 1:1:C 14 Sep 2026 18:07:06.063 # Configuration loaded
2026-09-14T18:07:06.063134942Z 1:1:C 14 Sep 2026 18:07:06.063 # WARNING overcommit_memory is set to 0! Background save may fail under low memory condition. To fix this issue add 'vm.overcommit_memory = 1' to /etc/sysctl.conf and then reboot or run the command 'sysctl vm.overcommit_memory=1' for this to take effect.
2026-09-14T18:07:06.063696829Z 1:1:M 14 Sep 2026 18:07:06.063 * monotonic clock: POSIX clock_gettime
2026-09-14T18:07:06.604094565Z                                                                       
2026-09-14T18:07:06.604110816Z                   _                                                   
2026-09-14T18:07:06.604114433Z                _-(+)-_                                                
2026-09-14T18:07:06.604117449Z             _-- /   \ --_                                            
2026-09-14T18:07:06.604120394Z          _--   /     \   --_            KeyDB  6.3.4 (7e7e5e57/1) 64 bit     
2026-09-14T18:07:06.604123320Z      __--     /       \     --__                                     
2026-09-14T18:07:06.604126576Z     (+) _    /         \    _ (+)       Running in standalone mode
2026-09-14T18:07:06.604130544Z      |   -- /           \ --   |        Port: 6379
2026-09-14T18:07:06.604134651Z      |     /--_   _   _--\     |        PID: 1
2026-09-14T18:07:06.604138499Z      |    /     -(+)-     \    |                                     
2026-09-14T18:07:06.604141324Z      |   /        |        \   |        https://docs.keydb.dev       
2026-09-14T18:07:06.604144069Z      |  /         |         \  |                                     
2026-09-14T18:07:06.604146804Z      | /          |          \ |                                     
2026-09-14T18:07:06.604149590Z     (+)_ -- -- -- | -- -- -- _(+)                                     
2026-09-14T18:07:06.604152355Z         --_       |       _--                                         
2026-09-14T18:07:06.604155110Z             --_   |   _--                                             
2026-09-14T18:07:06.604157956Z                 -(+)-        KeyDB has now joined Snap! See the announcement at:  https://docs.keydb.dev/news
2026-09-14T18:07:06.604160741Z 
2026-09-14T18:07:06.604163486Z                                                                      
2026-09-14T18:07:06.604167233Z 1:1:M 14 Sep 2026 18:07:06.604 # Server initialized
2026-09-14T18:07:06.604479456Z 1:25:M 14 Sep 2026 18:07:06.604 * Thread 0 alive.
2026-09-14T18:07:06.604516175Z 1:27:M 14 Sep 2026 18:07:06.604 * Thread 1 alive.
2026-09-14T18:12:07.081900734Z 1:25:M 14 Sep 2026 18:12:07.081 * 10 changes in 300 seconds. Saving...
2026-09-14T18:12:07.083136910Z 1:25:M 14 Sep 2026 18:12:07.082 * Background saving started by pid 29
2026-09-14T18:12:07.083158631Z 1:25:M 14 Sep 2026 18:12:07.082 * Background saving started
2026-09-14T18:12:07.092195487Z 29:25:C 14 Sep 2026 18:12:07.092 * DB saved on disk
2026-09-14T18:12:07.093662671Z 29:25:C 14 Sep 2026 18:12:07.093 * RDB: 0 MB of memory used by copy-on-write
2026-09-14T18:12:07.183493494Z 1:25:M 14 Sep 2026 18:12:07.183 * Background saving terminated with success
