[deploy 09:09:43] fabric images pinned to 2.5.16 (ca 1.5.22); peer and orderer verified
[deploy 09:09:43] pinning orderer batch in configtx.yaml: timeout=1s maxMsgCount=100 preferred=2 MB absolute=10 MB
[0;34mUsing docker and docker compose[0m
[0;34mStopping network[0m
 Volume compose_peer0.org2.example.com Removing 
 Volume compose_orderer.example.com Removing 
 Volume compose_peer0.org1.example.com Removing 
 Volume compose_peer0.org2.example.com Removed 
 Volume compose_orderer.example.com Removed 
 Volume compose_peer0.org1.example.com Removed 
Error response from daemon: get docker_orderer.example.com: no such volume
Error response from daemon: get docker_peer0.org1.example.com: no such volume
Error response from daemon: get docker_peer0.org2.example.com: no such volume
[0;34mRemoving remaining containers[0m
[0;34mRemoving generated chaincode docker images[0m
Untagged: dev-peer0.org2.example.com-kvstore_1.0-e88284a33ff8806958375f99312782794164d62aac26fe22876f2c72fb6294d9-68943f16f9aba9f24cbd04de158905f755f192c405682abc67b51f4b237b88ec:latest
Deleted: sha256:12d0968b21128c60f4d3a774db02bae4021283c96ef829d02ecc7fe31cfa9d8c
Deleted: sha256:e1dac28bc0346b0965c5161e234344585fab51ff5e0b5d1606d687307d6efc63
Deleted: sha256:f24c341865345895856bbf7ef078546c74676dd5b7fe5c19f65f3e4d17e2703d
Deleted: sha256:9c58c02b6edaffc2b5c05bf08a5b2ec86549fd0e23270a3697320bcd39f9c9d5
Untagged: dev-peer0.org1.example.com-kvstore_1.0-e88284a33ff8806958375f99312782794164d62aac26fe22876f2c72fb6294d9-69fc7c62d4c586b892ebdf21972c9f99a025fa7f3de7b416a325aa17c7d14ed9:latest
Deleted: sha256:86d44c17b17226658328c30c83ae0a7866d4b86a25744c4b93c441b76273ebe5
Deleted: sha256:f187d383b0ebc8964a909a1bb350c1d3a090bb963a95463b743489d60ce8b98a
Deleted: sha256:040adec4aef9d465036715510eb3446ff49a0f79ea580dfa25f980faf3da61e3
Deleted: sha256:95e919b3bc5c96d4b773537e19f0e3e25e4c35bb8d4fa792be26bdf0dfc5c6ac
[deploy 09:09:48] WARN: could not drop page cache (needs root); continuing
[0;34mUsing docker and docker compose[0m
[0;34mCreating channel 'mychannel'.[0m
[0;34mIf network is not up, starting nodes with CLI timeout of '5' tries and CLI delay of '3' seconds and using database 'leveldb with crypto from 'cryptogen'[0m
[0;34mBringing up network[0m
[0;34mLOCAL_VERSION=v2.5.16[0m
[0;34mDOCKER_IMAGE_VERSION=v2.5.16[0m
/home/chad/Projects/bench/deploy/docker/.cache/fabric-samples/test-network/../bin/cryptogen
[0;34mGenerating certificates using cryptogen tool[0m
[0;34mCreating Org1 Identities[0m
+ cryptogen generate --config=./organizations/cryptogen/crypto-config-org1.yaml --output=organizations
org1.example.com
+ res=0
[0;34mCreating Org2 Identities[0m
+ cryptogen generate --config=./organizations/cryptogen/crypto-config-org2.yaml --output=organizations
org2.example.com
+ res=0
[0;34mCreating Orderer Org Identities[0m
+ cryptogen generate --config=./organizations/cryptogen/crypto-config-orderer.yaml --output=organizations
+ res=0
[0;34mGenerating CCP files for Org1 and Org2[0m
 Network fabric_test Creating 
 Network fabric_test Creating 
 Volume compose_peer0.org2.example.com Creating 
 Volume compose_peer0.org2.example.com Creating 
 Volume compose_orderer.example.com Creating 
 Volume compose_orderer.example.com Creating 
 Volume compose_peer0.org1.example.com Creating 
 Volume compose_peer0.org1.example.com Creating 
 Volume compose_peer0.org2.example.com Created 
 Volume compose_peer0.org2.example.com Created 
 Volume compose_peer0.org1.example.com Created 
 Volume compose_peer0.org1.example.com Created 
 Volume compose_orderer.example.com Created 
 Volume compose_orderer.example.com Created 
 Network fabric_test Created 
 Network fabric_test Created 
 Container peer0.org2.example.com Creating 
 Container peer0.org1.example.com Creating 
 Container orderer.example.com Creating 
 Container peer0.org1.example.com Created 
 Container peer0.org2.example.com Created 
 Container orderer.example.com Created 
 Container peer0.org1.example.com Starting 
 Container peer0.org2.example.com Starting 
 Container orderer.example.com Starting 
 Container peer0.org2.example.com Started 
 Container peer0.org1.example.com Started 
 Container orderer.example.com Started 
CONTAINER ID   IMAGE                               COMMAND                  CREATED                  STATUS                          PORTS                                                                                                                                   NAMES
80dde1d66444   hyperledger/fabric-peer:latest      "peer node start"        Less than a second ago   Up Less than a second           0.0.0.0:7051->7051/tcp, [::]:7051->7051/tcp, 0.0.0.0:9444->9444/tcp, [::]:9444->9444/tcp                                                peer0.org1.example.com
c671e7aef7e4   hyperledger/fabric-peer:latest      "peer node start"        Less than a second ago   Up Less than a second           0.0.0.0:9051->9051/tcp, [::]:9051->9051/tcp, 7051/tcp, 0.0.0.0:9445->9445/tcp, [::]:9445->9445/tcp                                      peer0.org2.example.com
a457096ee697   hyperledger/fabric-orderer:latest   "orderer"                Less than a second ago   Up Less than a second           0.0.0.0:7050->7050/tcp, [::]:7050->7050/tcp, 0.0.0.0:7053->7053/tcp, [::]:7053->7053/tcp, 0.0.0.0:9443->9443/tcp, [::]:9443->9443/tcp   orderer.example.com
557f8da5234d   ghcr.io/google/cadvisor:0.57.0      "/usr/bin/entrypoint…"   17 hours ago             Up 16 hours (healthy)           0.0.0.0:8080->8080/tcp, [::]:8080->8080/tcp                                                                                             bench-monitoring-cadvisor-1
61f24273f8c4   prom/node-exporter:v1.9.0           "/bin/node_exporter …"   17 hours ago             Up About a minute               0.0.0.0:9100->9100/tcp, [::]:9100->9100/tcp                                                                                             bench-monitoring-node_exporter-1
263ebb8dcae5   grafana/grafana:11.4.0              "/run.sh"                17 hours ago             Up 16 hours                     0.0.0.0:3000->3000/tcp, [::]:3000->3000/tcp                                                                                             bench-monitoring-grafana-1
8761568d7ff5   prom/prometheus:v3.1.0              "/bin/prometheus --c…"   17 hours ago             Up 16 hours                     0.0.0.0:9090->9090/tcp, [::]:9090->9090/tcp                                                                                             bench-monitoring-prometheus-1
059e00831570   weaverai/nucleus-healthchecker      "/app/healthchecker"     5 weeks ago              Restarting (1) 25 seconds ago                                                                                                                                           nucleus-healthchecker-1
69c047fe19cc   weaverai/nucleus-k8-dashboard       "/headlamp/headlamp-…"   5 weeks ago              Up 16 hours                     0.0.0.0:4466->4466/tcp, [::]:4466->4466/tcp                                                                                             nucleus-headlamp-1
b40f395fe4bc   kindest/node:v1.36.1                "/usr/local/bin/entr…"   6 weeks ago              Up 16 hours                     127.0.0.1:40143->6443/tcp                                                                                                               feast-control-plane
6c0089a7879b   kindest/node:v1.36.1                "/usr/local/bin/entr…"   6 weeks ago              Up 16 hours                                                                                                                                                             feast-worker
902f5fc63b1e   kindest/node:v1.36.1                "/usr/local/bin/entr…"   6 weeks ago              Up 16 hours                                                                                                                                                             feast-worker2
d64d947f6529   cassandra:5.0                       "docker-entrypoint.s…"   7 weeks ago              Restarting (3) 57 seconds ago                                                                                                                                           untitled-cassandra
[0;34mUsing docker and docker compose[0m
[0;34mGenerating channel genesis block 'mychannel.block'[0m
[0;34mUsing organization 1[0m
/home/chad/Projects/bench/deploy/docker/.cache/fabric-samples/test-network/../bin/configtxgen
+ '[' 0 -eq 1 ']'
+ configtxgen -profile ChannelUsingRaft -outputBlock ./channel-artifacts/mychannel.block -channelID mychannel
[34m2026-09-16 09:09:50.609 IST 0001 INFO[0m [common.tools.configtxgen] [34;1mmain[0m -> Loading configuration
[34m2026-09-16 09:09:50.612 IST 0002 INFO[0m [common.tools.configtxgen.localconfig] [34;1mcompleteInitialization[0m -> orderer type: etcdraft
[34m2026-09-16 09:09:50.612 IST 0003 INFO[0m [common.tools.configtxgen.localconfig] [34;1mcompleteInitialization[0m -> Orderer.EtcdRaft.Options unset, setting to tick_interval:"500ms" election_tick:10 heartbeat_tick:1 max_inflight_blocks:5 snapshot_interval_size:16777216 
[34m2026-09-16 09:09:50.612 IST 0004 INFO[0m [common.tools.configtxgen.localconfig] [34;1mLoad[0m -> Loaded configuration: /home/chad/Projects/bench/deploy/docker/.cache/fabric-samples/test-network/configtx/configtx.yaml
[34m2026-09-16 09:09:50.613 IST 0005 INFO[0m [common.tools.configtxgen] [34;1mdoOutputBlock[0m -> Generating genesis block
[34m2026-09-16 09:09:50.613 IST 0006 INFO[0m [common.tools.configtxgen] [34;1mdoOutputBlock[0m -> Creating application channel genesis block
[34m2026-09-16 09:09:50.613 IST 0007 INFO[0m [common.tools.configtxgen] [34;1mdoOutputBlock[0m -> Writing genesis block
+ res=0
[0;34mCreating channel mychannel[0m
[0;34mAdding orderers[0m
+ . scripts/orderer.sh mychannel
+ '[' 0 -eq 1 ']'
+ res=0
Status: 201
{
	"name": "mychannel",
	"url": "/participation/v1/channels/mychannel",
	"consensusRelation": "consenter",
	"status": "active",
	"height": 1
}

[0;32mChannel 'mychannel' created[0m
[0;34mJoining org1 peer to the channel...[0m
[0;34mUsing organization 1[0m
+ peer channel join -b ./channel-artifacts/mychannel.block
+ res=0
[34m2026-09-16 09:09:56.710 IST 0001 INFO[0m [channelCmd] [34;1mInitCmdFactory[0m -> Endorser and orderer connections initialized
[34m2026-09-16 09:09:56.729 IST 0002 INFO[0m [channelCmd] [34;1mexecuteJoin[0m -> Successfully submitted proposal to join channel
[0;34mJoining org2 peer to the channel...[0m
[0;34mUsing organization 2[0m
+ peer channel join -b ./channel-artifacts/mychannel.block
+ res=0
[34m2026-09-16 09:09:59.762 IST 0001 INFO[0m [channelCmd] [34;1mInitCmdFactory[0m -> Endorser and orderer connections initialized
[34m2026-09-16 09:09:59.781 IST 0002 INFO[0m [channelCmd] [34;1mexecuteJoin[0m -> Successfully submitted proposal to join channel
[0;34mSetting anchor peer for org1...[0m
[0;34mUsing organization 1[0m
[0;34mFetching channel config for channel mychannel[0m
[0;34mUsing organization 1[0m
[0;34mFetching the most recent configuration block for the channel[0m
++ peer channel fetch config /home/chad/Projects/bench/deploy/docker/.cache/fabric-samples/test-network/channel-artifacts/config_block.pb -o localhost:7050 --ordererTLSHostnameOverride orderer.example.com -c mychannel --tls --cafile /home/chad/Projects/bench/deploy/docker/.cache/fabric-samples/test-network/organizations/ordererOrganizations/example.com/tlsca/tlsca.example.com-cert.pem
[34m2026-09-16 09:09:59.813 IST 0001 INFO[0m [channelCmd] [34;1mInitCmdFactory[0m -> Endorser and orderer connections initialized
[34m2026-09-16 09:09:59.814 IST 0002 INFO[0m [cli.common] [34;1mreadBlock[0m -> Received block: 0
[34m2026-09-16 09:09:59.814 IST 0003 INFO[0m [channelCmd] [34;1mfetch[0m -> Retrieving last config block: 0
[34m2026-09-16 09:09:59.815 IST 0004 INFO[0m [cli.common] [34;1mreadBlock[0m -> Received block: 0
[0;34mDecoding config block to JSON and isolating config to /home/chad/Projects/bench/deploy/docker/.cache/fabric-samples/test-network/channel-artifacts/Org1MSPconfig.json[0m
++ configtxlator proto_decode --input /home/chad/Projects/bench/deploy/docker/.cache/fabric-samples/test-network/channel-artifacts/config_block.pb --type common.Block --output /home/chad/Projects/bench/deploy/docker/.cache/fabric-samples/test-network/channel-artifacts/config_block.json
++ jq '.data.data[0].payload.data.config' /home/chad/Projects/bench/deploy/docker/.cache/fabric-samples/test-network/channel-artifacts/config_block.json
++ res=0
[0;34mGenerating anchor peer update transaction for Org1 on channel mychannel[0m
++ jq '.channel_group.groups.Application.groups.Org1MSP.values += {"AnchorPeers":{"mod_policy": "Admins","value":{"anchor_peers": [{"host": "peer0.org1.example.com","port": 7051}]},"version": "0"}}' /home/chad/Projects/bench/deploy/docker/.cache/fabric-samples/test-network/channel-artifacts/Org1MSPconfig.json
++ res=0
++ configtxlator proto_encode --input /home/chad/Projects/bench/deploy/docker/.cache/fabric-samples/test-network/channel-artifacts/Org1MSPconfig.json --type common.Config --output /home/chad/Projects/bench/deploy/docker/.cache/fabric-samples/test-network/channel-artifacts/original_config.pb
++ configtxlator proto_encode --input /home/chad/Projects/bench/deploy/docker/.cache/fabric-samples/test-network/channel-artifacts/Org1MSPmodified_config.json --type common.Config --output /home/chad/Projects/bench/deploy/docker/.cache/fabric-samples/test-network/channel-artifacts/modified_config.pb
++ configtxlator compute_update --channel_id mychannel --original /home/chad/Projects/bench/deploy/docker/.cache/fabric-samples/test-network/channel-artifacts/original_config.pb --updated /home/chad/Projects/bench/deploy/docker/.cache/fabric-samples/test-network/channel-artifacts/modified_config.pb --output /home/chad/Projects/bench/deploy/docker/.cache/fabric-samples/test-network/channel-artifacts/config_update.pb
++ configtxlator proto_decode --input /home/chad/Projects/bench/deploy/docker/.cache/fabric-samples/test-network/channel-artifacts/config_update.pb --type common.ConfigUpdate --output /home/chad/Projects/bench/deploy/docker/.cache/fabric-samples/test-network/channel-artifacts/config_update.json
++ jq .
+++ cat /home/chad/Projects/bench/deploy/docker/.cache/fabric-samples/test-network/channel-artifacts/config_update.json
++ echo '{"payload":{"header":{"channel_header":{"channel_id":"mychannel", "type":2}},"data":{"config_update":{' '"channel_id":' '"mychannel",' '"isolated_data":' '{},' '"read_set":' '{' '"groups":' '{' '"Application":' '{' '"groups":' '{' '"Org1MSP":' '{' '"groups":' '{},' '"mod_policy":' '"",' '"policies":' '{' '"Admins":' '{' '"mod_policy":' '"",' '"policy":' null, '"version":' '"0"' '},' '"Endorsement":' '{' '"mod_policy":' '"",' '"policy":' null, '"version":' '"0"' '},' '"Readers":' '{' '"mod_policy":' '"",' '"policy":' null, '"version":' '"0"' '},' '"Writers":' '{' '"mod_policy":' '"",' '"policy":' null, '"version":' '"0"' '}' '},' '"values":' '{' '"MSP":' '{' '"mod_policy":' '"",' '"value":' null, '"version":' '"0"' '}' '},' '"version":' '"0"' '}' '},' '"mod_policy":' '"",' '"policies":' '{},' '"values":' '{},' '"version":' '"0"' '}' '},' '"mod_policy":' '"",' '"policies":' '{},' '"values":' '{},' '"version":' '"0"' '},' '"write_set":' '{' '"groups":' '{' '"Application":' '{' '"groups":' '{' '"Org1MSP":' '{' '"groups":' '{},' '"mod_policy":' '"Admins",' '"policies":' '{' '"Admins":' '{' '"mod_policy":' '"",' '"policy":' null, '"version":' '"0"' '},' '"Endorsement":' '{' '"mod_policy":' '"",' '"policy":' null, '"version":' '"0"' '},' '"Readers":' '{' '"mod_policy":' '"",' '"policy":' null, '"version":' '"0"' '},' '"Writers":' '{' '"mod_policy":' '"",' '"policy":' null, '"version":' '"0"' '}' '},' '"values":' '{' '"AnchorPeers":' '{' '"mod_policy":' '"Admins",' '"value":' '{' '"anchor_peers":' '[' '{' '"host":' '"peer0.org1.example.com",' '"port":' 7051 '}' ']' '},' '"version":' '"0"' '},' '"MSP":' '{' '"mod_policy":' '"",' '"value":' null, '"version":' '"0"' '}' '},' '"version":' '"1"' '}' '},' '"mod_policy":' '"",' '"policies":' '{},' '"values":' '{},' '"version":' '"0"' '}' '},' '"mod_policy":' '"",' '"policies":' '{},' '"values":' '{},' '"version":' '"0"' '}' '}}}}'
++ configtxlator proto_encode --input /home/chad/Projects/bench/deploy/docker/.cache/fabric-samples/test-network/channel-artifacts/config_update_in_envelope.json --type common.Envelope --output /home/chad/Projects/bench/deploy/docker/.cache/fabric-samples/test-network/channel-artifacts/Org1MSPanchors.tx
[34m2026-09-16 09:09:59.923 IST 0001 INFO[0m [channelCmd] [34;1mInitCmdFactory[0m -> Endorser and orderer connections initialized
[34m2026-09-16 09:09:59.928 IST 0002 INFO[0m [channelCmd] [34;1mupdate[0m -> Successfully submitted channel update
[0;32mAnchor peer set for org 'Org1MSP' on channel 'mychannel'[0m
[0;34mSetting anchor peer for org2...[0m
[0;34mUsing organization 2[0m
[0;34mFetching channel config for channel mychannel[0m
[0;34mUsing organization 2[0m
[0;34mFetching the most recent configuration block for the channel[0m
++ peer channel fetch config /home/chad/Projects/bench/deploy/docker/.cache/fabric-samples/test-network/channel-artifacts/config_block.pb -o localhost:7050 --ordererTLSHostnameOverride orderer.example.com -c mychannel --tls --cafile /home/chad/Projects/bench/deploy/docker/.cache/fabric-samples/test-network/organizations/ordererOrganizations/example.com/tlsca/tlsca.example.com-cert.pem
[34m2026-09-16 09:09:59.957 IST 0001 INFO[0m [channelCmd] [34;1mInitCmdFactory[0m -> Endorser and orderer connections initialized
[34m2026-09-16 09:09:59.959 IST 0002 INFO[0m [cli.common] [34;1mreadBlock[0m -> Received block: 1
[34m2026-09-16 09:09:59.959 IST 0003 INFO[0m [channelCmd] [34;1mfetch[0m -> Retrieving last config block: 1
[34m2026-09-16 09:09:59.960 IST 0004 INFO[0m [cli.common] [34;1mreadBlock[0m -> Received block: 1
[0;34mDecoding config block to JSON and isolating config to /home/chad/Projects/bench/deploy/docker/.cache/fabric-samples/test-network/channel-artifacts/Org2MSPconfig.json[0m
++ configtxlator proto_decode --input /home/chad/Projects/bench/deploy/docker/.cache/fabric-samples/test-network/channel-artifacts/config_block.pb --type common.Block --output /home/chad/Projects/bench/deploy/docker/.cache/fabric-samples/test-network/channel-artifacts/config_block.json
++ jq '.data.data[0].payload.data.config' /home/chad/Projects/bench/deploy/docker/.cache/fabric-samples/test-network/channel-artifacts/config_block.json
++ res=0
[0;34mGenerating anchor peer update transaction for Org2 on channel mychannel[0m
++ jq '.channel_group.groups.Application.groups.Org2MSP.values += {"AnchorPeers":{"mod_policy": "Admins","value":{"anchor_peers": [{"host": "peer0.org2.example.com","port": 9051}]},"version": "0"}}' /home/chad/Projects/bench/deploy/docker/.cache/fabric-samples/test-network/channel-artifacts/Org2MSPconfig.json
++ res=0
++ configtxlator proto_encode --input /home/chad/Projects/bench/deploy/docker/.cache/fabric-samples/test-network/channel-artifacts/Org2MSPconfig.json --type common.Config --output /home/chad/Projects/bench/deploy/docker/.cache/fabric-samples/test-network/channel-artifacts/original_config.pb
++ configtxlator proto_encode --input /home/chad/Projects/bench/deploy/docker/.cache/fabric-samples/test-network/channel-artifacts/Org2MSPmodified_config.json --type common.Config --output /home/chad/Projects/bench/deploy/docker/.cache/fabric-samples/test-network/channel-artifacts/modified_config.pb
++ configtxlator compute_update --channel_id mychannel --original /home/chad/Projects/bench/deploy/docker/.cache/fabric-samples/test-network/channel-artifacts/original_config.pb --updated /home/chad/Projects/bench/deploy/docker/.cache/fabric-samples/test-network/channel-artifacts/modified_config.pb --output /home/chad/Projects/bench/deploy/docker/.cache/fabric-samples/test-network/channel-artifacts/config_update.pb
++ configtxlator proto_decode --input /home/chad/Projects/bench/deploy/docker/.cache/fabric-samples/test-network/channel-artifacts/config_update.pb --type common.ConfigUpdate --output /home/chad/Projects/bench/deploy/docker/.cache/fabric-samples/test-network/channel-artifacts/config_update.json
++ jq .
+++ cat /home/chad/Projects/bench/deploy/docker/.cache/fabric-samples/test-network/channel-artifacts/config_update.json
++ echo '{"payload":{"header":{"channel_header":{"channel_id":"mychannel", "type":2}},"data":{"config_update":{' '"channel_id":' '"mychannel",' '"isolated_data":' '{},' '"read_set":' '{' '"groups":' '{' '"Application":' '{' '"groups":' '{' '"Org2MSP":' '{' '"groups":' '{},' '"mod_policy":' '"",' '"policies":' '{' '"Admins":' '{' '"mod_policy":' '"",' '"policy":' null, '"version":' '"0"' '},' '"Endorsement":' '{' '"mod_policy":' '"",' '"policy":' null, '"version":' '"0"' '},' '"Readers":' '{' '"mod_policy":' '"",' '"policy":' null, '"version":' '"0"' '},' '"Writers":' '{' '"mod_policy":' '"",' '"policy":' null, '"version":' '"0"' '}' '},' '"values":' '{' '"MSP":' '{' '"mod_policy":' '"",' '"value":' null, '"version":' '"0"' '}' '},' '"version":' '"0"' '}' '},' '"mod_policy":' '"",' '"policies":' '{},' '"values":' '{},' '"version":' '"0"' '}' '},' '"mod_policy":' '"",' '"policies":' '{},' '"values":' '{},' '"version":' '"0"' '},' '"write_set":' '{' '"groups":' '{' '"Application":' '{' '"groups":' '{' '"Org2MSP":' '{' '"groups":' '{},' '"mod_policy":' '"Admins",' '"policies":' '{' '"Admins":' '{' '"mod_policy":' '"",' '"policy":' null, '"version":' '"0"' '},' '"Endorsement":' '{' '"mod_policy":' '"",' '"policy":' null, '"version":' '"0"' '},' '"Readers":' '{' '"mod_policy":' '"",' '"policy":' null, '"version":' '"0"' '},' '"Writers":' '{' '"mod_policy":' '"",' '"policy":' null, '"version":' '"0"' '}' '},' '"values":' '{' '"AnchorPeers":' '{' '"mod_policy":' '"Admins",' '"value":' '{' '"anchor_peers":' '[' '{' '"host":' '"peer0.org2.example.com",' '"port":' 9051 '}' ']' '},' '"version":' '"0"' '},' '"MSP":' '{' '"mod_policy":' '"",' '"value":' null, '"version":' '"0"' '}' '},' '"version":' '"1"' '}' '},' '"mod_policy":' '"",' '"policies":' '{},' '"values":' '{},' '"version":' '"0"' '}' '},' '"mod_policy":' '"",' '"policies":' '{},' '"values":' '{},' '"version":' '"0"' '}' '}}}}'
++ configtxlator proto_encode --input /home/chad/Projects/bench/deploy/docker/.cache/fabric-samples/test-network/channel-artifacts/config_update_in_envelope.json --type common.Envelope --output /home/chad/Projects/bench/deploy/docker/.cache/fabric-samples/test-network/channel-artifacts/Org2MSPanchors.tx
[34m2026-09-16 09:10:00.048 IST 0001 INFO[0m [channelCmd] [34;1mInitCmdFactory[0m -> Endorser and orderer connections initialized
[34m2026-09-16 09:10:00.053 IST 0002 INFO[0m [channelCmd] [34;1mupdate[0m -> Successfully submitted channel update
[0;32mAnchor peer set for org 'Org2MSP' on channel 'mychannel'[0m
[0;32mChannel 'mychannel' joined[0m
[deploy 09:10:00] deploying kvstore chaincode from /home/chad/Projects/bench/chaincodes/kvstore
[0;34mUsing docker and docker compose[0m
[0;34mdeploying chaincode on channel 'mychannel'[0m
executing with the following
- CHANNEL_NAME: [0;32mmychannel[0m
- CC_NAME: [0;32mkvstore[0m
- CC_SRC_PATH: [0;32m/home/chad/Projects/bench/chaincodes/kvstore[0m
- CC_SRC_LANGUAGE: [0;32mgo[0m
- CC_VERSION: [0;32m1.0[0m
- CC_SEQUENCE: [0;32m1[0m
- CC_END_POLICY: [0;32mNA[0m
- CC_COLL_CONFIG: [0;32mNA[0m
- CC_INIT_FCN: [0;32mNA[0m
- DELAY: [0;32m3[0m
- MAX_RETRY: [0;32m5[0m
- VERBOSE: [0;32mfalse[0m
executing with the following
- CC_NAME: [0;32mkvstore[0m
- CC_SRC_PATH: [0;32m/home/chad/Projects/bench/chaincodes/kvstore[0m
- CC_SRC_LANGUAGE: [0;32mgo[0m
- CC_VERSION: [0;32m1.0[0m
[0;34mVendoring Go dependencies at /home/chad/Projects/bench/chaincodes/kvstore[0m
/home/chad/Projects/bench/chaincodes/kvstore /home/chad/Projects/bench/deploy/docker/.cache/fabric-samples/test-network
/home/chad/Projects/bench/deploy/docker/.cache/fabric-samples/test-network
[0;32mFinished vendoring Go dependencies[0m
+ '[' false = true ']'
+ peer lifecycle chaincode package kvstore.tar.gz --path /home/chad/Projects/bench/chaincodes/kvstore --lang golang --label kvstore_1.0
+ res=0
[0;32mChaincode is packaged[0m
[0;34mInstalling chaincode on peer0.org1...[0m
[0;34mUsing organization 1[0m
+ peer lifecycle chaincode queryinstalled --output json
+ grep '^kvstore_1.0:e88284a33ff8806958375f99312782794164d62aac26fe22876f2c72fb6294d9$'
+ jq -r 'try (.installed_chaincodes[].package_id)'
+ test 1 -ne 0
+ peer lifecycle chaincode install kvstore.tar.gz
+ res=0
[34m2026-09-16 09:10:08.689 IST 0001 INFO[0m [cli.lifecycle.chaincode] [34;1msubmitInstallProposal[0m -> Installed remotely: response:<status:200 payload:"\nLkvstore_1.0:e88284a33ff8806958375f99312782794164d62aac26fe22876f2c72fb6294d9\022\013kvstore_1.0" > 
[34m2026-09-16 09:10:08.689 IST 0002 INFO[0m [cli.lifecycle.chaincode] [34;1msubmitInstallProposal[0m -> Chaincode code package identifier: kvstore_1.0:e88284a33ff8806958375f99312782794164d62aac26fe22876f2c72fb6294d9
[0;32mChaincode is installed on peer0.org1[0m
[0;34mInstall chaincode on peer0.org2...[0m
[0;34mUsing organization 2[0m
+ peer lifecycle chaincode queryinstalled --output json
+ jq -r 'try (.installed_chaincodes[].package_id)'
+ grep '^kvstore_1.0:e88284a33ff8806958375f99312782794164d62aac26fe22876f2c72fb6294d9$'
+ test 1 -ne 0
+ peer lifecycle chaincode install kvstore.tar.gz
+ res=0
[34m2026-09-16 09:10:15.589 IST 0001 INFO[0m [cli.lifecycle.chaincode] [34;1msubmitInstallProposal[0m -> Installed remotely: response:<status:200 payload:"\nLkvstore_1.0:e88284a33ff8806958375f99312782794164d62aac26fe22876f2c72fb6294d9\022\013kvstore_1.0" > 
[34m2026-09-16 09:10:15.589 IST 0002 INFO[0m [cli.lifecycle.chaincode] [34;1msubmitInstallProposal[0m -> Chaincode code package identifier: kvstore_1.0:e88284a33ff8806958375f99312782794164d62aac26fe22876f2c72fb6294d9
[0;32mChaincode is installed on peer0.org2[0m
[0;34mUsing organization 1[0m
+ peer lifecycle chaincode queryinstalled --output json
+ jq -r 'try (.installed_chaincodes[].package_id)'
+ grep '^kvstore_1.0:e88284a33ff8806958375f99312782794164d62aac26fe22876f2c72fb6294d9$'
+ res=0
kvstore_1.0:e88284a33ff8806958375f99312782794164d62aac26fe22876f2c72fb6294d9
[0;32mQuery installed successful on peer0.org1 on channel[0m
[0;34mUsing organization 1[0m
+ peer lifecycle chaincode approveformyorg -o localhost:7050 --ordererTLSHostnameOverride orderer.example.com --tls --cafile /home/chad/Projects/bench/deploy/docker/.cache/fabric-samples/test-network/organizations/ordererOrganizations/example.com/tlsca/tlsca.example.com-cert.pem --channelID mychannel --name kvstore --version 1.0 --package-id kvstore_1.0:e88284a33ff8806958375f99312782794164d62aac26fe22876f2c72fb6294d9 --sequence 1
+ res=0
[34m2026-09-16 09:10:16.675 IST 0001 INFO[0m [chaincodeCmd] [34;1mClientWait[0m -> txid [8fdeaeb1d52fdbfd600cd0eea60335b1201f250f9495f384e18bb553b98bbd35] committed with status (VALID) at localhost:7051
[0;32mChaincode definition approved on peer0.org1 on channel 'mychannel'[0m
[0;34mUsing organization 1[0m
[0;34mChecking the commit readiness of the chaincode definition on peer0.org1 on channel 'mychannel'...[0m
[0;34mAttempting to check the commit readiness of the chaincode definition on peer0.org1, Retry after 3 seconds.[0m
+ peer lifecycle chaincode checkcommitreadiness --channelID mychannel --name kvstore --version 1.0 --sequence 1 --output json
+ res=0
{
	"approvals": {
		"Org1MSP": true,
		"Org2MSP": false
	}
}
[0;34mChecking the commit readiness of the chaincode definition successful on peer0.org1 on channel 'mychannel'[0m
[0;34mUsing organization 2[0m
[0;34mChecking the commit readiness of the chaincode definition on peer0.org2 on channel 'mychannel'...[0m
[0;34mAttempting to check the commit readiness of the chaincode definition on peer0.org2, Retry after 3 seconds.[0m
+ peer lifecycle chaincode checkcommitreadiness --channelID mychannel --name kvstore --version 1.0 --sequence 1 --output json
+ res=0
{
	"approvals": {
		"Org1MSP": true,
		"Org2MSP": false
	}
}
[0;34mChecking the commit readiness of the chaincode definition successful on peer0.org2 on channel 'mychannel'[0m
[0;34mUsing organization 2[0m
+ peer lifecycle chaincode approveformyorg -o localhost:7050 --ordererTLSHostnameOverride orderer.example.com --tls --cafile /home/chad/Projects/bench/deploy/docker/.cache/fabric-samples/test-network/organizations/ordererOrganizations/example.com/tlsca/tlsca.example.com-cert.pem --channelID mychannel --name kvstore --version 1.0 --package-id kvstore_1.0:e88284a33ff8806958375f99312782794164d62aac26fe22876f2c72fb6294d9 --sequence 1
+ res=0
[34m2026-09-16 09:10:23.804 IST 0001 INFO[0m [chaincodeCmd] [34;1mClientWait[0m -> txid [549bdd7cab94693fbe84f1409cc82229ad8ea2c0e1464f3afd75d2ad74a3932c] committed with status (VALID) at localhost:9051
[0;32mChaincode definition approved on peer0.org2 on channel 'mychannel'[0m
[0;34mUsing organization 1[0m
[0;34mChecking the commit readiness of the chaincode definition on peer0.org1 on channel 'mychannel'...[0m
[0;34mAttempting to check the commit readiness of the chaincode definition on peer0.org1, Retry after 3 seconds.[0m
+ peer lifecycle chaincode checkcommitreadiness --channelID mychannel --name kvstore --version 1.0 --sequence 1 --output json
+ res=0
{
	"approvals": {
		"Org1MSP": true,
		"Org2MSP": true
	}
}
[0;34mChecking the commit readiness of the chaincode definition successful on peer0.org1 on channel 'mychannel'[0m
[0;34mUsing organization 2[0m
[0;34mChecking the commit readiness of the chaincode definition on peer0.org2 on channel 'mychannel'...[0m
[0;34mAttempting to check the commit readiness of the chaincode definition on peer0.org2, Retry after 3 seconds.[0m
+ peer lifecycle chaincode checkcommitreadiness --channelID mychannel --name kvstore --version 1.0 --sequence 1 --output json
+ res=0
{
	"approvals": {
		"Org1MSP": true,
		"Org2MSP": true
	}
}
[0;34mChecking the commit readiness of the chaincode definition successful on peer0.org2 on channel 'mychannel'[0m
[0;34mUsing organization 1[0m
[0;34mUsing organization 2[0m
+ peer lifecycle chaincode commit -o localhost:7050 --ordererTLSHostnameOverride orderer.example.com --tls --cafile /home/chad/Projects/bench/deploy/docker/.cache/fabric-samples/test-network/organizations/ordererOrganizations/example.com/tlsca/tlsca.example.com-cert.pem --channelID mychannel --name kvstore --peerAddresses localhost:7051 --tlsRootCertFiles /home/chad/Projects/bench/deploy/docker/.cache/fabric-samples/test-network/organizations/peerOrganizations/org1.example.com/tlsca/tlsca.org1.example.com-cert.pem --peerAddresses localhost:9051 --tlsRootCertFiles /home/chad/Projects/bench/deploy/docker/.cache/fabric-samples/test-network/organizations/peerOrganizations/org2.example.com/tlsca/tlsca.org2.example.com-cert.pem --version 1.0 --sequence 1
+ res=0
[34m2026-09-16 09:10:30.982 IST 0001 INFO[0m [chaincodeCmd] [34;1mClientWait[0m -> txid [f2ff83f1d40fa569df8d3f08eae5dcf3e8ba49e691a55eb018da8b9b9b7f455c] committed with status (VALID) at localhost:9051
[34m2026-09-16 09:10:30.983 IST 0002 INFO[0m [chaincodeCmd] [34;1mClientWait[0m -> txid [f2ff83f1d40fa569df8d3f08eae5dcf3e8ba49e691a55eb018da8b9b9b7f455c] committed with status (VALID) at localhost:7051
[0;32mChaincode definition committed on channel 'mychannel'[0m
[0;34mUsing organization 1[0m
[0;34mQuerying chaincode definition on peer0.org1 on channel 'mychannel'...[0m
[0;34mAttempting to Query committed status on peer0.org1, Retry after 3 seconds.[0m
+ peer lifecycle chaincode querycommitted --channelID mychannel --name kvstore
+ res=0
Committed chaincode definition for chaincode 'kvstore' on channel 'mychannel':
Version: 1.0, Sequence: 1, Endorsement Plugin: escc, Validation Plugin: vscc, Approvals: [Org1MSP: true, Org2MSP: true]
[0;32mQuery chaincode definition successful on peer0.org1 on channel 'mychannel'[0m
[0;34mUsing organization 2[0m
[0;34mQuerying chaincode definition on peer0.org2 on channel 'mychannel'...[0m
[0;34mAttempting to Query committed status on peer0.org2, Retry after 3 seconds.[0m
+ peer lifecycle chaincode querycommitted --channelID mychannel --name kvstore
+ res=0
Committed chaincode definition for chaincode 'kvstore' on channel 'mychannel':
Version: 1.0, Sequence: 1, Endorsement Plugin: escc, Validation Plugin: vscc, Approvals: [Org1MSP: true, Org2MSP: true]
[0;32mQuery chaincode definition successful on peer0.org2 on channel 'mychannel'[0m
[0;34mChaincode initialization is not required[0m
[deploy 09:10:37] resource budget for fabric-cft: 11 CPU / 11 GB across 5 containers = 2.20 CPU each; memory by role weight (peer=4 statedb=4 orderer=2 other=1, total weight 12)
[deploy 09:10:38]   dev-peer0.org1.example.com-kvstore_1.0-e88284a33ff8806958375f99312782794164d62aac26fe22876f2c72fb6294d9  (other) 938m
[deploy 09:10:38]   dev-peer0.org2.example.com-kvstore_1.0-e88284a33ff8806958375f99312782794164d62aac26fe22876f2c72fb6294d9  (other) 938m
[deploy 09:10:39]   orderer.example.com  (orderer) 1877m
[deploy 09:10:39]   peer0.org1.example.com  (peer) 3754m
[deploy 09:10:39]   peer0.org2.example.com  (peer) 3754m
[deploy 09:10:39] wrote /home/chad/Projects/bench/deploy/docker/fabric-cft/connection.env
[deploy 09:10:39] fabric-cft up. peer :7051  orderer :7050  operations :9443
