time=2026-09-16T15:43:10.896+05:30 level=INFO msg="run starting" platform=neuchain run=probe-sweep workload=kv-write profile=local-32gb normalized=false out_dir=results/neuchain/20260916-154310
time=2026-09-16T15:43:10.896+05:30 level=WARN msg=caveat platform=neuchain run=probe-sweep text="neuchain native run is shortened to stay under the upstream epoch-10000 crash (nodes SIGSEGV together; see docs/REMAINING-WORK.md)"
time=2026-09-16T15:43:10.896+05:30 level=INFO msg="adapter setup" platform=neuchain run=probe-sweep
time=2026-09-16T15:43:11.102+05:30 level=INFO msg="setup complete" platform=neuchain run=probe-sweep component=adapter block_servers="[localhost:5001 localhost:5011 localhost:5021 localhost:5031]" query=localhost:7003 tip=0 start_block=1 poll_interval=50ms
time=2026-09-16T15:43:11.102+05:30 level=INFO msg="phase start" platform=neuchain run=probe-sweep phase=probe offered_tps=10 workers=0 duration=30s
time=2026-09-16T15:43:41.556+05:30 level=INFO msg="phase end" platform=neuchain run=probe-sweep phase=probe submitted=50 committed=50 confirmed_tps=10.0 fail_rate=0.0000 e2e_p99_ms=485.38
time=2026-09-16T15:43:41.556+05:30 level=INFO msg="phase start" platform=neuchain run=probe-sweep phase=sweep-100 offered_tps=100 workers=0 duration=30s
time=2026-09-16T15:44:11.856+05:30 level=INFO msg="phase end" platform=neuchain run=probe-sweep phase=sweep-100 submitted=500 committed=500 confirmed_tps=100.0 fail_rate=0.0000 e2e_p99_ms=302.85
time=2026-09-16T15:44:11.856+05:30 level=INFO msg="phase start" platform=neuchain run=probe-sweep phase=sweep-250 offered_tps=250 workers=0 duration=30s
time=2026-09-16T15:44:42.256+05:30 level=INFO msg="phase end" platform=neuchain run=probe-sweep phase=sweep-250 submitted=1250 committed=1250 confirmed_tps=250.0 fail_rate=0.0000 e2e_p99_ms=280.58
time=2026-09-16T15:44:42.256+05:30 level=INFO msg="phase start" platform=neuchain run=probe-sweep phase=sweep-500 offered_tps=500 workers=0 duration=30s
time=2026-09-16T15:45:12.558+05:30 level=INFO msg="phase end" platform=neuchain run=probe-sweep phase=sweep-500 submitted=2500 committed=2500 confirmed_tps=500.0 fail_rate=0.0000 e2e_p99_ms=295.94
time=2026-09-16T15:45:12.558+05:30 level=INFO msg="phase start" platform=neuchain run=probe-sweep phase=sweep-1000 offered_tps=1000 workers=0 duration=30s
time=2026-09-16T15:45:42.867+05:30 level=INFO msg="phase end" platform=neuchain run=probe-sweep phase=sweep-1000 submitted=5000 committed=4999 confirmed_tps=999.8 fail_rate=0.0002 e2e_p99_ms=262.91
time=2026-09-16T15:45:42.867+05:30 level=WARN msg="phase errors" platform=neuchain run=probe-sweep phase=sweep-1000 count=1 message="committed invalid"
time=2026-09-16T15:45:42.867+05:30 level=INFO msg="phase start" platform=neuchain run=probe-sweep phase=sweep-2000 offered_tps=2000 workers=0 duration=30s
time=2026-09-16T15:46:13.382+05:30 level=INFO msg="phase end" platform=neuchain run=probe-sweep phase=sweep-2000 submitted=10000 committed=9990 confirmed_tps=1998.0 fail_rate=0.0010 e2e_p99_ms=257.41
time=2026-09-16T15:46:13.382+05:30 level=WARN msg="phase errors" platform=neuchain run=probe-sweep phase=sweep-2000 count=10 message="committed invalid"
time=2026-09-16T15:46:13.382+05:30 level=INFO msg="phase start" platform=neuchain run=probe-sweep phase=sweep-3500 offered_tps=3500 workers=0 duration=30s
time=2026-09-16T15:46:43.810+05:30 level=INFO msg="phase end" platform=neuchain run=probe-sweep phase=sweep-3500 submitted=17500 committed=17479 confirmed_tps=3495.8 fail_rate=0.0012 e2e_p99_ms=273.66
time=2026-09-16T15:46:43.810+05:30 level=WARN msg="phase errors" platform=neuchain run=probe-sweep phase=sweep-3500 count=21 message="committed invalid"
time=2026-09-16T15:46:43.810+05:30 level=INFO msg="phase start" platform=neuchain run=probe-sweep phase=sweep-5000 offered_tps=5000 workers=0 duration=30s
time=2026-09-16T15:47:14.276+05:30 level=INFO msg="phase end" platform=neuchain run=probe-sweep phase=sweep-5000 submitted=25000 committed=24970 confirmed_tps=4994.0 fail_rate=0.0012 e2e_p99_ms=288.00
time=2026-09-16T15:47:14.276+05:30 level=WARN msg="phase errors" platform=neuchain run=probe-sweep phase=sweep-5000 count=30 message="committed invalid"
time=2026-09-16T15:47:14.276+05:30 level=INFO msg="phase start" platform=neuchain run=probe-sweep phase=sweep-7500 offered_tps=7500 workers=0 duration=30s
time=2026-09-16T15:47:44.855+05:30 level=INFO msg="phase end" platform=neuchain run=probe-sweep phase=sweep-7500 submitted=37500 committed=37417 confirmed_tps=7483.4 fail_rate=0.0022 e2e_p99_ms=286.98
time=2026-09-16T15:47:44.855+05:30 level=WARN msg="phase errors" platform=neuchain run=probe-sweep phase=sweep-7500 count=83 message="committed invalid"
time=2026-09-16T15:47:44.855+05:30 level=INFO msg="phase start" platform=neuchain run=probe-sweep phase=sweep-10000 offered_tps=10000 workers=0 duration=30s
time=2026-09-16T15:48:15.635+05:30 level=INFO msg="phase end" platform=neuchain run=probe-sweep phase=sweep-10000 submitted=50000 committed=49862 confirmed_tps=9972.4 fail_rate=0.0028 e2e_p99_ms=298.75
time=2026-09-16T15:48:15.635+05:30 level=WARN msg="phase errors" platform=neuchain run=probe-sweep phase=sweep-10000 count=138 message="committed invalid"
time=2026-09-16T15:48:15.635+05:30 level=INFO msg="phase start" platform=neuchain run=probe-sweep phase=hold offered_tps=9000 workers=0 duration=1m30s
time=2026-09-16T15:49:46.955+05:30 level=INFO msg="phase end" platform=neuchain run=probe-sweep phase=hold submitted=585000 committed=583649 confirmed_tps=8979.2 fail_rate=0.0023 e2e_p99_ms=287.74
time=2026-09-16T15:49:46.955+05:30 level=WARN msg="phase errors" platform=neuchain run=probe-sweep phase=hold count=1351 message="committed invalid"
time=2026-09-16T15:49:46.955+05:30 level=WARN msg=caveat platform=neuchain run=probe-sweep text="every sweep step held: the platform did not saturate within the ladder, so 10000 TPS is a lower bound on its knee, not the knee"
time=2026-09-16T15:49:47.146+05:30 level=INFO msg="run finished" platform=neuchain run=probe-sweep out_dir=results/neuchain/20260916-154310 caveats=2
results written to results/neuchain/20260916-154310
monitoring report: results/neuchain/20260916-154310/monitoring-report.html
run book: results/index.html
