 Container bench-neuchain-block-server-3 Stopping 
 Container bench-neuchain-block-server-1 Stopping 
 Container bench-neuchain-block-server-0 Stopping 
 Container bench-neuchain-block-server-2 Stopping 
 Container bench-neuchain-block-server-2 Stopped 
 Container bench-neuchain-block-server-2 Removing 
 Container bench-neuchain-block-server-2 Removed 
 Container bench-neuchain-block-server-0 Stopped 
 Container bench-neuchain-block-server-0 Removing 
 Container bench-neuchain-block-server-0 Removed 
 Container bench-neuchain-block-server-1 Stopped 
 Container bench-neuchain-block-server-1 Removing 
 Container bench-neuchain-block-server-3 Stopped 
 Container bench-neuchain-block-server-3 Removing 
 Container bench-neuchain-block-server-1 Removed 
 Container bench-neuchain-block-server-3 Removed 
 Network bench-neuchain_nc Removing 
 Network bench-neuchain_nc Removed 
[deploy 15:50:05] WARN: could not drop page cache (needs root); continuing
[deploy 15:50:05] neuchain down (image and .cache/crypto kept; 'docker rmi' / rm -rf .cache to reclaim)
