time=2026-09-16T09:54:59.974+05:30 level=INFO msg="run starting" workload=kv-write profile=local normalized=true out_dir=results/mock/20260916-095459
time=2026-09-16T09:54:59.974+05:30 level=WARN msg=caveat text="resource budget not reported by the deploy script (BENCH_RESOURCE_CONTAINERS unset - was connection.env sourced?): container limits are unverified, so this run's hardware share is unknown"
time=2026-09-16T09:54:59.974+05:30 level=INFO msg="adapter setup"
time=2026-09-16T09:54:59.974+05:30 level=INFO msg="phase start" phase=probe offered_tps=10 workers=0 duration=30s
time=2026-09-16T09:55:30.034+05:30 level=DEBUG msg="phase shorter than warmup+cooldown; measuring whole phase" phase=probe
time=2026-09-16T09:55:30.036+05:30 level=INFO msg="phase end" phase=probe submitted=300 committed=300 confirmed_tps=10.0 fail_rate=0.0000 e2e_p99_ms=71.94
time=2026-09-16T09:55:30.036+05:30 level=INFO msg="phase start" phase=sweep-100 offered_tps=100 workers=0 duration=1m0s
time=2026-09-16T09:56:30.102+05:30 level=INFO msg="phase end" phase=sweep-100 submitted=1500 committed=1500 confirmed_tps=100.0 fail_rate=0.0000 e2e_p99_ms=71.94
time=2026-09-16T09:56:30.102+05:30 level=INFO msg="phase start" phase=sweep-250 offered_tps=250 workers=0 duration=1m0s
time=2026-09-16T09:57:30.175+05:30 level=INFO msg="phase end" phase=sweep-250 submitted=3750 committed=3750 confirmed_tps=250.0 fail_rate=0.0000 e2e_p99_ms=71.74
time=2026-09-16T09:57:30.175+05:30 level=INFO msg="phase start" phase=sweep-500 offered_tps=500 workers=0 duration=1m0s
time=2026-09-16T09:58:30.244+05:30 level=INFO msg="phase end" phase=sweep-500 submitted=7500 committed=7500 confirmed_tps=500.0 fail_rate=0.0000 e2e_p99_ms=71.55
time=2026-09-16T09:58:30.244+05:30 level=INFO msg="phase start" phase=sweep-1000 offered_tps=1000 workers=0 duration=1m0s
time=2026-09-16T09:59:30.336+05:30 level=INFO msg="phase end" phase=sweep-1000 submitted=15000 committed=15000 confirmed_tps=1000.0 fail_rate=0.0000 e2e_p99_ms=71.55
time=2026-09-16T09:59:30.336+05:30 level=INFO msg="phase start" phase=sweep-2000 offered_tps=2000 workers=0 duration=1m0s
time=2026-09-16T10:00:30.470+05:30 level=INFO msg="phase end" phase=sweep-2000 submitted=30000 committed=30000 confirmed_tps=2000.0 fail_rate=0.0000 e2e_p99_ms=71.49
time=2026-09-16T10:00:30.470+05:30 level=INFO msg="phase start" phase=sweep-3500 offered_tps=3500 workers=0 duration=1m0s
time=2026-09-16T10:01:30.696+05:30 level=INFO msg="phase end" phase=sweep-3500 submitted=52500 committed=52500 confirmed_tps=3500.0 fail_rate=0.0000 e2e_p99_ms=71.62
time=2026-09-16T10:01:30.696+05:30 level=INFO msg="phase start" phase=sweep-5000 offered_tps=5000 workers=0 duration=1m0s
time=2026-09-16T10:02:31.012+05:30 level=INFO msg="phase end" phase=sweep-5000 submitted=75000 committed=75000 confirmed_tps=5000.0 fail_rate=0.0000 e2e_p99_ms=71.62
time=2026-09-16T10:02:31.012+05:30 level=INFO msg="phase start" phase=sweep-7500 offered_tps=7500 workers=0 duration=1m0s
time=2026-09-16T10:03:26.969+05:30 level=INFO msg="phase end" phase=sweep-7500 submitted=78518 committed=78518 confirmed_tps=7500.1 fail_rate=0.0000 e2e_p99_ms=71.49
time=2026-09-16T10:03:26.969+05:30 level=WARN msg=caveat text="run interrupted (signal or cancelled context) during phase sweep-7500 after 56s: that phase is partial and not a headline; phases never run: sweep-10000, hold"
time=2026-09-16T10:03:27.087+05:30 level=WARN msg="run has no headline: it did not complete a headline phase on a healthy platform; see caveats in summary.txt" dir=results/mock/20260916-095459
time=2026-09-16T10:03:27.087+05:30 level=INFO msg="run finished" out_dir=results/mock/20260916-095459 caveats=2
