2026-09-16T10:29:34.834851011Z 1:1:C 16 Sep 2026 10:29:34.834 # oO0OoO0OoO0Oo KeyDB is starting oO0OoO0OoO0Oo
2026-09-16T10:29:34.834885372Z 1:1:C 16 Sep 2026 10:29:34.834 # KeyDB version=6.3.4, bits=64, commit=7e7e5e57, modified=1, pid=1, just started
2026-09-16T10:29:34.834887256Z 1:1:C 16 Sep 2026 10:29:34.834 # Configuration loaded
2026-09-16T10:29:34.835655103Z 1:1:M 16 Sep 2026 10:29:34.835 * Increased maximum number of open files to 10032 (it was originally set to 1024).
2026-09-16T10:29:34.835660700Z 1:1:M 16 Sep 2026 10:29:34.835 * monotonic clock: POSIX clock_gettime
2026-09-16T10:29:35.361596632Z                                                                       
2026-09-16T10:29:35.361624423Z                   _                                                   
2026-09-16T10:29:35.361625603Z                _-(+)-_                                                
2026-09-16T10:29:35.361626474Z             _-- /   \ --_                                            
2026-09-16T10:29:35.361627285Z          _--   /     \   --_            KeyDB  6.3.4 (7e7e5e57/1) 64 bit     
2026-09-16T10:29:35.361627937Z      __--     /       \     --__                                     
2026-09-16T10:29:35.361628496Z     (+) _    /         \    _ (+)       Running in standalone mode
2026-09-16T10:29:35.361629058Z      |   -- /           \ --   |        Port: 6379
2026-09-16T10:29:35.361629606Z      |     /--_   _   _--\     |        PID: 1
2026-09-16T10:29:35.361630215Z      |    /     -(+)-     \    |                                     
2026-09-16T10:29:35.361630826Z      |   /        |        \   |        https://docs.keydb.dev       
2026-09-16T10:29:35.361631421Z      |  /         |         \  |                                     
2026-09-16T10:29:35.361632030Z      | /          |          \ |                                     
2026-09-16T10:29:35.361632633Z     (+)_ -- -- -- | -- -- -- _(+)                                     
2026-09-16T10:29:35.361633210Z         --_       |       _--                                         
2026-09-16T10:29:35.361633753Z             --_   |   _--                                             
2026-09-16T10:29:35.361634374Z                 -(+)-        KeyDB has now joined Snap! See the announcement at:  https://docs.keydb.dev/news
2026-09-16T10:29:35.361634966Z 
2026-09-16T10:29:35.361635492Z                                                                      
2026-09-16T10:29:35.361636059Z 1:1:M 16 Sep 2026 10:29:35.361 # Server initialized
2026-09-16T10:29:35.362130313Z 1:25:M 16 Sep 2026 10:29:35.362 * Thread 0 alive.
2026-09-16T10:29:35.362137376Z 1:26:M 16 Sep 2026 10:29:35.362 * Thread 1 alive.
2026-09-16T10:34:35.049462385Z 1:25:M 16 Sep 2026 10:34:35.049 * 10 changes in 300 seconds. Saving...
2026-09-16T10:34:35.050230051Z 1:25:M 16 Sep 2026 10:34:35.050 * Background saving started by pid 29
2026-09-16T10:34:35.050237660Z 1:25:M 16 Sep 2026 10:34:35.050 * Background saving started
2026-09-16T10:34:35.052566933Z 29:25:C 16 Sep 2026 10:34:35.052 * DB saved on disk
2026-09-16T10:34:35.053026915Z 29:25:C 16 Sep 2026 10:34:35.052 * RDB: 0 MB of memory used by copy-on-write
2026-09-16T10:34:35.150774438Z 1:25:M 16 Sep 2026 10:34:35.150 * Background saving terminated with success
2026-09-16T10:39:36.079352305Z 1:25:M 16 Sep 2026 10:39:36.079 * 10 changes in 300 seconds. Saving...
2026-09-16T10:39:36.080107261Z 1:25:M 16 Sep 2026 10:39:36.080 * Background saving started by pid 30
2026-09-16T10:39:36.080114856Z 1:25:M 16 Sep 2026 10:39:36.080 * Background saving started
2026-09-16T10:39:36.082667421Z 30:25:C 16 Sep 2026 10:39:36.082 * DB saved on disk
2026-09-16T10:39:36.083122522Z 30:25:C 16 Sep 2026 10:39:36.083 * RDB: 0 MB of memory used by copy-on-write
2026-09-16T10:39:36.180582979Z 1:25:M 16 Sep 2026 10:39:36.180 * Background saving terminated with success
