2026-09-16T10:29:34.834842722Z 1:1:C 16 Sep 2026 10:29:34.834 # oO0OoO0OoO0Oo KeyDB is starting oO0OoO0OoO0Oo
2026-09-16T10:29:34.834876868Z 1:1:C 16 Sep 2026 10:29:34.834 # KeyDB version=6.3.4, bits=64, commit=7e7e5e57, modified=1, pid=1, just started
2026-09-16T10:29:34.834879008Z 1:1:C 16 Sep 2026 10:29:34.834 # Configuration loaded
2026-09-16T10:29:34.835665194Z 1:1:M 16 Sep 2026 10:29:34.835 * Increased maximum number of open files to 10032 (it was originally set to 1024).
2026-09-16T10:29:34.835669339Z 1:1:M 16 Sep 2026 10:29:34.835 * monotonic clock: POSIX clock_gettime
2026-09-16T10:29:35.372236757Z                                                                       
2026-09-16T10:29:35.372247695Z                   _                                                   
2026-09-16T10:29:35.372249145Z                _-(+)-_                                                
2026-09-16T10:29:35.372250215Z             _-- /   \ --_                                            
2026-09-16T10:29:35.372251150Z          _--   /     \   --_            KeyDB  6.3.4 (7e7e5e57/1) 64 bit     
2026-09-16T10:29:35.372251884Z      __--     /       \     --__                                     
2026-09-16T10:29:35.372252482Z     (+) _    /         \    _ (+)       Running in standalone mode
2026-09-16T10:29:35.372253063Z      |   -- /           \ --   |        Port: 6379
2026-09-16T10:29:35.372253632Z      |     /--_   _   _--\     |        PID: 1
2026-09-16T10:29:35.372254187Z      |    /     -(+)-     \    |                                     
2026-09-16T10:29:35.372254744Z      |   /        |        \   |        https://docs.keydb.dev       
2026-09-16T10:29:35.372255385Z      |  /         |         \  |                                     
2026-09-16T10:29:35.372255966Z      | /          |          \ |                                     
2026-09-16T10:29:35.372256541Z     (+)_ -- -- -- | -- -- -- _(+)                                     
2026-09-16T10:29:35.372257070Z         --_       |       _--                                         
2026-09-16T10:29:35.372257660Z             --_   |   _--                                             
2026-09-16T10:29:35.372258289Z                 -(+)-        KeyDB has now joined Snap! See the announcement at:  https://docs.keydb.dev/news
2026-09-16T10:29:35.372258863Z 
2026-09-16T10:29:35.372259454Z                                                                      
2026-09-16T10:29:35.372259997Z 1:1:M 16 Sep 2026 10:29:35.372 # Server initialized
2026-09-16T10:29:35.372684886Z 1:25:M 16 Sep 2026 10:29:35.372 * Thread 0 alive.
2026-09-16T10:29:35.372691030Z 1:26:M 16 Sep 2026 10:29:35.372 * Thread 1 alive.
2026-09-16T10:34:35.050793805Z 1:25:M 16 Sep 2026 10:34:35.050 * 10 changes in 300 seconds. Saving...
2026-09-16T10:34:35.051470885Z 1:25:M 16 Sep 2026 10:34:35.051 * Background saving started by pid 29
2026-09-16T10:34:35.051480806Z 1:25:M 16 Sep 2026 10:34:35.051 * Background saving started
2026-09-16T10:34:35.053751198Z 29:25:C 16 Sep 2026 10:34:35.053 * DB saved on disk
2026-09-16T10:34:35.054167712Z 29:25:C 16 Sep 2026 10:34:35.054 * RDB: 0 MB of memory used by copy-on-write
2026-09-16T10:34:35.152032293Z 1:25:M 16 Sep 2026 10:34:35.151 * Background saving terminated with success
2026-09-16T10:39:36.007112043Z 1:25:M 16 Sep 2026 10:39:36.006 * 10 changes in 300 seconds. Saving...
2026-09-16T10:39:36.007902344Z 1:25:M 16 Sep 2026 10:39:36.007 * Background saving started by pid 30
2026-09-16T10:39:36.007909788Z 1:25:M 16 Sep 2026 10:39:36.007 * Background saving started
2026-09-16T10:39:36.010952337Z 30:25:C 16 Sep 2026 10:39:36.010 * DB saved on disk
2026-09-16T10:39:36.011398960Z 30:25:C 16 Sep 2026 10:39:36.011 * RDB: 0 MB of memory used by copy-on-write
2026-09-16T10:39:36.108431402Z 1:25:M 16 Sep 2026 10:39:36.108 * Background saving terminated with success
