[0;34mUsing docker and docker-compose[0m
[0;34mStopping network[0m
 Container yugabyte-org2 Stopping 
 Container yugabyte-org1 Stopping 
 Container hlf_keydb_org1msp Stopping 
 Container hlf_keydb_org2msp Stopping 
 Container hlf_keydb_org2msp Stopped 
 Container hlf_keydb_org2msp Removing 
 Container hlf_keydb_org1msp Stopped 
 Container hlf_keydb_org1msp Removing 
 Container hlf_keydb_org2msp Removed 
 Container hlf_keydb_org1msp Removed 
 Container yugabyte-org2 Stopped 
 Container yugabyte-org2 Removing 
 Container yugabyte-org1 Stopped 
 Container yugabyte-org1 Removing 
 Container yugabyte-org2 Removed 
 Container yugabyte-org1 Removed 
 Network drunix_test Removing 
 Network drunix_test Resource is still in use 
 Container vs1.org1 Stopping 
 Container vs1.org2 Stopping 
 Container cp.org1 Stopping 
 Container lp1.org1 Stopping 
 Container orderer.example.com Stopping 
 Container cp.org2 Stopping 
 Container lp1.org2 Stopping 
 Container vs1.org1 Stopped 
 Container vs1.org1 Removing 
 Container vs1.org1 Removed 
 Container orderer.example.com Stopped 
 Container orderer.example.com Removing 
 Container vs1.org2 Stopped 
 Container vs1.org2 Removing 
 Container orderer.example.com Removed 
 Container vs1.org2 Removed 
 Container cp.org1 Stopped 
 Container cp.org1 Removing 
 Container cp.org2 Stopped 
 Container cp.org2 Removing 
 Container cp.org1 Removed 
 Container cp.org2 Removed 
 Container lp1.org2 Stopped 
 Container lp1.org2 Removing 
 Container lp1.org2 Removed 
 Container lp1.org1 Stopped 
 Container lp1.org1 Removing 
 Container lp1.org1 Removed 
 Volume compose_orderer.example.com Removing 
 Volume compose_peer1.org2.example.com Removing 
 Volume compose_peer0.org2.example.com Removing 
 Volume compose_peer0.org1.example.com Removing 
 Volume compose_peer1.org1.example.com Removing 
 Volume compose_orderer.example.com Removed 
 Volume compose_peer1.org2.example.com Removed 
 Volume compose_peer0.org2.example.com Removed 
 Volume compose_peer1.org1.example.com Removed 
 Volume compose_peer0.org1.example.com Removed 
[0;34mRemoving remaining containers[0m
Error response from daemon: get compose_orderer.example.com: no such volume
Error response from daemon: get compose_peer0.org1.example.com: no such volume
Error response from daemon: get compose_peer1.org1.example.com: no such volume
Error response from daemon: get compose_peer2.org1.example.com: no such volume
Error response from daemon: get compose_peer0.org2.example.com: no such volume
Error response from daemon: get compose_peer1.org2.example.com: no such volume
Error response from daemon: get compose_peer2.org2.example.com: no such volume
[0;34mRemoving generated chaincode docker images[0m
Untagged: dev-peer0.org2.example.com-kvstore_1.0-2ea7b22cef577b6fa4ca655d0dab5283b6734bee9c35f654d050c69a24ed4de2-66df8d15e996db8c818a7789c9509cde750e8b55a524e463d93ae58586a76342:latest
Deleted: sha256:adf176d17a6d58c33741bccf95369449cc9fcab63b2208dd47a4f7d687c6f1c8
Untagged: dev-peer0.org1.example.com-kvstore_1.0-2ea7b22cef577b6fa4ca655d0dab5283b6734bee9c35f654d050c69a24ed4de2-f93e551618bbe1f07063118dfeb9edef05725d1badac579b530c38a96205d266:latest
Deleted: sha256:739cb0cc58203ab8c8b4ee5dbde41d92513a1802ed0e9b820d46f56796c5fc30
[deploy 23:14:31] WARN: could not drop page cache (needs root); continuing
[deploy 23:14:31] drunix down
