[deploy 23:15:47] installing Fabric 2.5.16 binaries + config (had: 3.1.5)
[deploy 23:15:49] pulling Fabric 2.5.16 docker images

Pull Hyperledger Fabric docker images

FABRIC_IMAGES: peer orderer ccenv tools baseos
===> Pulling fabric Images
====>  docker.io/hyperledger/fabric-peer:2.5.16
2.5.16: Pulling from hyperledger/fabric-peer
Digest: sha256:09ee75042de9983bfde31ca88a5bf033386351f10a990e4c48264ee50172dee0
Status: Image is up to date for hyperledger/fabric-peer:2.5.16
docker.io/hyperledger/fabric-peer:2.5.16
====>  docker.io/hyperledger/fabric-orderer:2.5.16
2.5.16: Pulling from hyperledger/fabric-orderer
Digest: sha256:e322c57331d37e0a35ffae3cb3d3265a0e852211c0f801f2514cc15b964ffc93
Status: Image is up to date for hyperledger/fabric-orderer:2.5.16
docker.io/hyperledger/fabric-orderer:2.5.16
====>  docker.io/hyperledger/fabric-ccenv:2.5.16
2.5.16: Pulling from hyperledger/fabric-ccenv
Digest: sha256:19ea2b3c144055807cac5ad1a0cd19f89753e930e06a4b6b261f12d7087ae3b4
Status: Image is up to date for hyperledger/fabric-ccenv:2.5.16
docker.io/hyperledger/fabric-ccenv:2.5.16
====>  docker.io/hyperledger/fabric-tools:2.5.16
2.5.16: Pulling from hyperledger/fabric-tools
Digest: sha256:1d163b2513453637c2eb8ffe00bfb367f6edb2fb824604818f30646f552c9f42
Status: Image is up to date for hyperledger/fabric-tools:2.5.16
docker.io/hyperledger/fabric-tools:2.5.16
====>  docker.io/hyperledger/fabric-baseos:2.5.16
2.5.16: Pulling from hyperledger/fabric-baseos
Digest: sha256:0087a600908f792a46c6850a1383b54b11e0bd451e9dcdbd1505dcf9e30a1511
Status: Image is up to date for hyperledger/fabric-baseos:2.5.16
docker.io/hyperledger/fabric-baseos:2.5.16
===> Pulling fabric ca Image
====>  docker.io/hyperledger/fabric-ca:1.5.22
1.5.22: Pulling from hyperledger/fabric-ca
Digest: sha256:a70b6ba64a08b4d856802fe1fa66af9f2e03a26a63ceaff0de7c852ca7178b72
Status: Downloaded newer image for hyperledger/fabric-ca:1.5.22
docker.io/hyperledger/fabric-ca:1.5.22
===> List out hyperledger images
ghcr.io/hyperledger/fabric-baseos:2.5.16    109b4a15b282        257MB         83.2MB        
ghcr.io/hyperledger/fabric-baseos:3.1.5     9673173d2bbf        206MB           66MB        
ghcr.io/hyperledger/fabric-ca:1.5.22        87c36f0b6558        397MB          129MB        
ghcr.io/hyperledger/fabric-ccenv:2.5.16     807493f095f6        999MB          257MB        
ghcr.io/hyperledger/fabric-ccenv:3.1.5      274c7d10872d       1.03GB          259MB        
ghcr.io/hyperledger/fabric-orderer:2.5.16   1d918fc7e1e0        180MB         50.7MB        
ghcr.io/hyperledger/fabric-orderer:3.1.5    9d15017ba215        177MB         49.6MB        
ghcr.io/hyperledger/fabric-peer:2.5.16      58979b65744b        230MB         66.8MB        
ghcr.io/hyperledger/fabric-peer:3.1.5       db65e6f6698e        226MB         64.8MB        
hyperledger/fabric-baseos:2.5               0087a600908f        257MB         83.2MB        
hyperledger/fabric-baseos:2.5.16            0087a600908f        257MB         83.2MB        
hyperledger/fabric-baseos:3.1               9673173d2bbf        206MB           66MB        
hyperledger/fabric-baseos:3.1.5             9673173d2bbf        206MB           66MB        
hyperledger/fabric-baseos:latest            0087a600908f        257MB         83.2MB        
hyperledger/fabric-ca:1.5                   a70b6ba64a08        397MB          129MB        
hyperledger/fabric-ca:1.5.22                a70b6ba64a08        397MB          129MB        
hyperledger/fabric-ca:latest                a70b6ba64a08        397MB          129MB        
hyperledger/fabric-ccenv:2.5                19ea2b3c1440        999MB          257MB        
hyperledger/fabric-ccenv:2.5.16             19ea2b3c1440        999MB          257MB        
hyperledger/fabric-ccenv:3.1                274c7d10872d       1.03GB          259MB        
hyperledger/fabric-ccenv:3.1.5              274c7d10872d       1.03GB          259MB        
hyperledger/fabric-ccenv:latest             19ea2b3c1440        999MB          257MB        
hyperledger/fabric-orderer:2.5              e322c57331d3        180MB         50.7MB        
hyperledger/fabric-orderer:2.5.16           e322c57331d3        180MB         50.7MB        
hyperledger/fabric-orderer:3.1              9d15017ba215        177MB         49.6MB        
hyperledger/fabric-orderer:3.1.5            9d15017ba215        177MB         49.6MB        
hyperledger/fabric-orderer:latest           e322c57331d3        180MB         50.7MB        
hyperledger/fabric-peer:2.5                 09ee75042de9        230MB         66.8MB        
hyperledger/fabric-peer:2.5.16              09ee75042de9        230MB         66.8MB        
hyperledger/fabric-peer:3.1                 db65e6f6698e        226MB         64.8MB        
hyperledger/fabric-peer:3.1.5               db65e6f6698e        226MB         64.8MB        
hyperledger/fabric-peer:latest              09ee75042de9        230MB         66.8MB        
hyperledger/fabric-tools:2.5                1d163b251345        923MB          255MB        
hyperledger/fabric-tools:2.5.16             1d163b251345        923MB          255MB        
hyperledger/fabric-tools:latest             1d163b251345        923MB          255MB        
[deploy 23:16:12] fabric images pinned to 2.5.16 (ca 1.5.22); peer and orderer verified
[deploy 23:16:12] pinning orderer batch in configtx.yaml: timeout=1s maxMsgCount=100 preferred=2 MB absolute=10 MB
[0;34mUsing docker and docker-compose[0m
[0;34mStopping network[0m
Error response from daemon: get docker_orderer.example.com: no such volume
Error response from daemon: get docker_peer0.org1.example.com: no such volume
Error response from daemon: get docker_peer0.org2.example.com: no such volume
[0;34mRemoving remaining containers[0m
[0;34mRemoving generated chaincode docker images[0m
[deploy 23:16:17] WARN: could not drop page cache (needs root); continuing
[0;34mUsing docker and docker-compose[0m
[0;34mCreating channel 'mychannel'.[0m
[0;34mIf network is not up, starting nodes with CLI timeout of '5' tries and CLI delay of '3' seconds and using database 'leveldb with crypto from 'cryptogen'[0m
[0;34mBringing up network[0m
[0;34mLOCAL_VERSION=v2.5.16[0m
[0;34mDOCKER_IMAGE_VERSION=v2.5.16[0m
~/bench/deploy/docker/.cache/fabric-samples/bin/cryptogen
[0;34mGenerating certificates using cryptogen tool[0m
[0;34mCreating Org1 Identities[0m
+ cryptogen generate --config=./organizations/cryptogen/crypto-config-org1.yaml --output=organizations
org1.example.com
+ res=0
[0;34mCreating Org2 Identities[0m
+ cryptogen generate --config=./organizations/cryptogen/crypto-config-org2.yaml --output=organizations
org2.example.com
+ res=0
[0;34mCreating Orderer Org Identities[0m
+ cryptogen generate --config=./organizations/cryptogen/crypto-config-orderer.yaml --output=organizations
+ res=0
[0;34mGenerating CCP files for Org1 and Org2[0m
 Network fabric_test Creating 
 Network fabric_test Creating 
 Volume compose_peer0.org2.example.com Creating 
 Volume compose_orderer.example.com Creating 
 Volume compose_peer0.org2.example.com Creating 
 Volume compose_peer0.org1.example.com Creating 
 Volume compose_peer0.org1.example.com Creating 
 Volume compose_orderer.example.com Creating 
 Volume compose_peer0.org2.example.com Created 
 Volume compose_peer0.org2.example.com Created 
 Volume compose_peer0.org1.example.com Created 
 Volume compose_peer0.org1.example.com Created 
 Volume compose_orderer.example.com Created 
 Volume compose_orderer.example.com Created 
 Network fabric_test Created 
 Network fabric_test Created 
 Container peer0.org2.example.com Creating 
 Container peer0.org1.example.com Creating 
 Container orderer.example.com Creating 
 Container peer0.org1.example.com Created 
 Container peer0.org2.example.com Created 
 Container orderer.example.com Created 
 Container peer0.org2.example.com Starting 
 Container peer0.org1.example.com Starting 
 Container orderer.example.com Starting 
 Container peer0.org1.example.com Started 
 Container orderer.example.com Started 
 Container peer0.org2.example.com Started 
CONTAINER ID   IMAGE                               COMMAND                  CREATED          STATUS                    PORTS                                                                                                                                   NAMES
8251e990b1b4   hyperledger/fabric-orderer:latest   "orderer"                1 second ago     Up Less than a second     0.0.0.0:7050->7050/tcp, [::]:7050->7050/tcp, 0.0.0.0:7053->7053/tcp, [::]:7053->7053/tcp, 0.0.0.0:9443->9443/tcp, [::]:9443->9443/tcp   orderer.example.com
1ba60a939d63   hyperledger/fabric-peer:latest      "peer node start"        1 second ago     Up Less than a second     0.0.0.0:9051->9051/tcp, [::]:9051->9051/tcp, 7051/tcp, 0.0.0.0:9445->9445/tcp, [::]:9445->9445/tcp                                      peer0.org2.example.com
36b8bc296536   hyperledger/fabric-peer:latest      "peer node start"        1 second ago     Up Less than a second     0.0.0.0:7051->7051/tcp, [::]:7051->7051/tcp, 0.0.0.0:9444->9444/tcp, [::]:9444->9444/tcp                                                peer0.org1.example.com
3644ee7660d8   prom/prometheus:v3.1.0              "/bin/prometheus --c…"   11 minutes ago   Up 11 minutes             0.0.0.0:9090->9090/tcp, [::]:9090->9090/tcp                                                                                             bench-monitoring-prometheus-1
1be7cebdcec7   ghcr.io/google/cadvisor:0.57.0      "/usr/bin/entrypoint…"   11 minutes ago   Up 11 minutes (healthy)   0.0.0.0:8080->8080/tcp, [::]:8080->8080/tcp                                                                                             bench-monitoring-cadvisor-1
1a01fc4542da   grafana/grafana:11.4.0              "/run.sh"                11 minutes ago   Up 11 minutes             0.0.0.0:3000->3000/tcp, [::]:3000->3000/tcp                                                                                             bench-monitoring-grafana-1
bfee4110033c   prom/node-exporter:v1.9.0           "/bin/node_exporter …"   11 minutes ago   Up 11 minutes             0.0.0.0:9100->9100/tcp, [::]:9100->9100/tcp                                                                                             bench-monitoring-node_exporter-1
[0;34mUsing docker and docker-compose[0m
[0;34mGenerating channel genesis block 'mychannel.block'[0m
[0;34mUsing organization 1[0m
~/bench/deploy/docker/.cache/fabric-samples/bin/configtxgen
+ '[' 0 -eq 1 ']'
+ configtxgen -profile ChannelUsingRaft -outputBlock ./channel-artifacts/mychannel.block -channelID mychannel
[34m2026-09-14 23:16:19.819 IST 0001 INFO[0m [common.tools.configtxgen] [34;1mmain[0m -> Loading configuration
[34m2026-09-14 23:16:19.821 IST 0002 INFO[0m [common.tools.configtxgen.localconfig] [34;1mcompleteInitialization[0m -> orderer type: etcdraft
[34m2026-09-14 23:16:19.821 IST 0003 INFO[0m [common.tools.configtxgen.localconfig] [34;1mcompleteInitialization[0m -> Orderer.EtcdRaft.Options unset, setting to tick_interval:"500ms" election_tick:10 heartbeat_tick:1 max_inflight_blocks:5 snapshot_interval_size:16777216 
[34m2026-09-14 23:16:19.821 IST 0004 INFO[0m [common.tools.configtxgen.localconfig] [34;1mLoad[0m -> Loaded configuration: ~/bench/deploy/docker/.cache/fabric-samples/test-network/configtx/configtx.yaml
[34m2026-09-14 23:16:19.822 IST 0005 INFO[0m [common.tools.configtxgen] [34;1mdoOutputBlock[0m -> Generating genesis block
[34m2026-09-14 23:16:19.822 IST 0006 INFO[0m [common.tools.configtxgen] [34;1mdoOutputBlock[0m -> Creating application channel genesis block
[34m2026-09-14 23:16:19.822 IST 0007 INFO[0m [common.tools.configtxgen] [34;1mdoOutputBlock[0m -> Writing genesis block
+ res=0
[0;34mCreating channel mychannel[0m
[0;34mAdding orderers[0m
+ . scripts/orderer.sh mychannel
+ '[' 0 -eq 1 ']'
+ res=0
Status: 201
{
	"name": "mychannel",
	"url": "/participation/v1/channels/mychannel",
	"consensusRelation": "consenter",
	"status": "active",
	"height": 1
}

[0;32mChannel 'mychannel' created[0m
[0;34mJoining org1 peer to the channel...[0m
[0;34mUsing organization 1[0m
+ peer channel join -b ./channel-artifacts/mychannel.block
+ res=0
[34m2026-09-14 23:16:26.018 IST 0001 INFO[0m [channelCmd] [34;1mInitCmdFactory[0m -> Endorser and orderer connections initialized
[34m2026-09-14 23:16:26.097 IST 0002 INFO[0m [channelCmd] [34;1mexecuteJoin[0m -> Successfully submitted proposal to join channel
[0;34mJoining org2 peer to the channel...[0m
[0;34mUsing organization 2[0m
+ peer channel join -b ./channel-artifacts/mychannel.block
+ res=0
[34m2026-09-14 23:16:29.134 IST 0001 INFO[0m [channelCmd] [34;1mInitCmdFactory[0m -> Endorser and orderer connections initialized
[34m2026-09-14 23:16:29.287 IST 0002 INFO[0m [channelCmd] [34;1mexecuteJoin[0m -> Successfully submitted proposal to join channel
[0;34mSetting anchor peer for org1...[0m
[0;34mUsing organization 1[0m
[0;34mFetching channel config for channel mychannel[0m
[0;34mUsing organization 1[0m
[0;34mFetching the most recent configuration block for the channel[0m
++ peer channel fetch config ~/bench/deploy/docker/.cache/fabric-samples/test-network/channel-artifacts/config_block.pb -o localhost:7050 --ordererTLSHostnameOverride orderer.example.com -c mychannel --tls --cafile ~/bench/deploy/docker/.cache/fabric-samples/test-network/organizations/ordererOrganizations/example.com/tlsca/tlsca.example.com-cert.pem
[34m2026-09-14 23:16:29.325 IST 0001 INFO[0m [channelCmd] [34;1mInitCmdFactory[0m -> Endorser and orderer connections initialized
[34m2026-09-14 23:16:29.326 IST 0002 INFO[0m [cli.common] [34;1mreadBlock[0m -> Received block: 0
[34m2026-09-14 23:16:29.326 IST 0003 INFO[0m [channelCmd] [34;1mfetch[0m -> Retrieving last config block: 0
[34m2026-09-14 23:16:29.327 IST 0004 INFO[0m [cli.common] [34;1mreadBlock[0m -> Received block: 0
[0;34mDecoding config block to JSON and isolating config to ~/bench/deploy/docker/.cache/fabric-samples/test-network/channel-artifacts/Org1MSPconfig.json[0m
++ configtxlator proto_decode --input ~/bench/deploy/docker/.cache/fabric-samples/test-network/channel-artifacts/config_block.pb --type common.Block --output ~/bench/deploy/docker/.cache/fabric-samples/test-network/channel-artifacts/config_block.json
++ jq '.data.data[0].payload.data.config' ~/bench/deploy/docker/.cache/fabric-samples/test-network/channel-artifacts/config_block.json
++ res=0
[0;34mGenerating anchor peer update transaction for Org1 on channel mychannel[0m
++ jq '.channel_group.groups.Application.groups.Org1MSP.values += {"AnchorPeers":{"mod_policy": "Admins","value":{"anchor_peers": [{"host": "peer0.org1.example.com","port": 7051}]},"version": "0"}}' ~/bench/deploy/docker/.cache/fabric-samples/test-network/channel-artifacts/Org1MSPconfig.json
++ res=0
++ configtxlator proto_encode --input ~/bench/deploy/docker/.cache/fabric-samples/test-network/channel-artifacts/Org1MSPconfig.json --type common.Config --output ~/bench/deploy/docker/.cache/fabric-samples/test-network/channel-artifacts/original_config.pb
++ configtxlator proto_encode --input ~/bench/deploy/docker/.cache/fabric-samples/test-network/channel-artifacts/Org1MSPmodified_config.json --type common.Config --output ~/bench/deploy/docker/.cache/fabric-samples/test-network/channel-artifacts/modified_config.pb
++ configtxlator compute_update --channel_id mychannel --original ~/bench/deploy/docker/.cache/fabric-samples/test-network/channel-artifacts/original_config.pb --updated ~/bench/deploy/docker/.cache/fabric-samples/test-network/channel-artifacts/modified_config.pb --output ~/bench/deploy/docker/.cache/fabric-samples/test-network/channel-artifacts/config_update.pb
++ configtxlator proto_decode --input ~/bench/deploy/docker/.cache/fabric-samples/test-network/channel-artifacts/config_update.pb --type common.ConfigUpdate --output ~/bench/deploy/docker/.cache/fabric-samples/test-network/channel-artifacts/config_update.json
++ jq .
+++ cat ~/bench/deploy/docker/.cache/fabric-samples/test-network/channel-artifacts/config_update.json
++ echo '{"payload":{"header":{"channel_header":{"channel_id":"mychannel", "type":2}},"data":{"config_update":{' '"channel_id":' '"mychannel",' '"isolated_data":' '{},' '"read_set":' '{' '"groups":' '{' '"Application":' '{' '"groups":' '{' '"Org1MSP":' '{' '"groups":' '{},' '"mod_policy":' '"",' '"policies":' '{' '"Admins":' '{' '"mod_policy":' '"",' '"policy":' null, '"version":' '"0"' '},' '"Endorsement":' '{' '"mod_policy":' '"",' '"policy":' null, '"version":' '"0"' '},' '"Readers":' '{' '"mod_policy":' '"",' '"policy":' null, '"version":' '"0"' '},' '"Writers":' '{' '"mod_policy":' '"",' '"policy":' null, '"version":' '"0"' '}' '},' '"values":' '{' '"MSP":' '{' '"mod_policy":' '"",' '"value":' null, '"version":' '"0"' '}' '},' '"version":' '"0"' '}' '},' '"mod_policy":' '"",' '"policies":' '{},' '"values":' '{},' '"version":' '"0"' '}' '},' '"mod_policy":' '"",' '"policies":' '{},' '"values":' '{},' '"version":' '"0"' '},' '"write_set":' '{' '"groups":' '{' '"Application":' '{' '"groups":' '{' '"Org1MSP":' '{' '"groups":' '{},' '"mod_policy":' '"Admins",' '"policies":' '{' '"Admins":' '{' '"mod_policy":' '"",' '"policy":' null, '"version":' '"0"' '},' '"Endorsement":' '{' '"mod_policy":' '"",' '"policy":' null, '"version":' '"0"' '},' '"Readers":' '{' '"mod_policy":' '"",' '"policy":' null, '"version":' '"0"' '},' '"Writers":' '{' '"mod_policy":' '"",' '"policy":' null, '"version":' '"0"' '}' '},' '"values":' '{' '"AnchorPeers":' '{' '"mod_policy":' '"Admins",' '"value":' '{' '"anchor_peers":' '[' '{' '"host":' '"peer0.org1.example.com",' '"port":' 7051 '}' ']' '},' '"version":' '"0"' '},' '"MSP":' '{' '"mod_policy":' '"",' '"value":' null, '"version":' '"0"' '}' '},' '"version":' '"1"' '}' '},' '"mod_policy":' '"",' '"policies":' '{},' '"values":' '{},' '"version":' '"0"' '}' '},' '"mod_policy":' '"",' '"policies":' '{},' '"values":' '{},' '"version":' '"0"' '}' '}}}}'
++ configtxlator proto_encode --input ~/bench/deploy/docker/.cache/fabric-samples/test-network/channel-artifacts/config_update_in_envelope.json --type common.Envelope --output ~/bench/deploy/docker/.cache/fabric-samples/test-network/channel-artifacts/Org1MSPanchors.tx
[34m2026-09-14 23:16:29.410 IST 0001 INFO[0m [channelCmd] [34;1mInitCmdFactory[0m -> Endorser and orderer connections initialized
[34m2026-09-14 23:16:29.419 IST 0002 INFO[0m [channelCmd] [34;1mupdate[0m -> Successfully submitted channel update
[0;32mAnchor peer set for org 'Org1MSP' on channel 'mychannel'[0m
[0;34mSetting anchor peer for org2...[0m
[0;34mUsing organization 2[0m
[0;34mFetching channel config for channel mychannel[0m
[0;34mUsing organization 2[0m
[0;34mFetching the most recent configuration block for the channel[0m
++ peer channel fetch config ~/bench/deploy/docker/.cache/fabric-samples/test-network/channel-artifacts/config_block.pb -o localhost:7050 --ordererTLSHostnameOverride orderer.example.com -c mychannel --tls --cafile ~/bench/deploy/docker/.cache/fabric-samples/test-network/organizations/ordererOrganizations/example.com/tlsca/tlsca.example.com-cert.pem
[34m2026-09-14 23:16:29.455 IST 0001 INFO[0m [channelCmd] [34;1mInitCmdFactory[0m -> Endorser and orderer connections initialized
[34m2026-09-14 23:16:29.456 IST 0002 INFO[0m [cli.common] [34;1mreadBlock[0m -> Received block: 1
[34m2026-09-14 23:16:29.456 IST 0003 INFO[0m [channelCmd] [34;1mfetch[0m -> Retrieving last config block: 1
[34m2026-09-14 23:16:29.456 IST 0004 INFO[0m [cli.common] [34;1mreadBlock[0m -> Received block: 1
[0;34mDecoding config block to JSON and isolating config to ~/bench/deploy/docker/.cache/fabric-samples/test-network/channel-artifacts/Org2MSPconfig.json[0m
++ configtxlator proto_decode --input ~/bench/deploy/docker/.cache/fabric-samples/test-network/channel-artifacts/config_block.pb --type common.Block --output ~/bench/deploy/docker/.cache/fabric-samples/test-network/channel-artifacts/config_block.json
++ jq '.data.data[0].payload.data.config' ~/bench/deploy/docker/.cache/fabric-samples/test-network/channel-artifacts/config_block.json
++ res=0
[0;34mGenerating anchor peer update transaction for Org2 on channel mychannel[0m
++ jq '.channel_group.groups.Application.groups.Org2MSP.values += {"AnchorPeers":{"mod_policy": "Admins","value":{"anchor_peers": [{"host": "peer0.org2.example.com","port": 9051}]},"version": "0"}}' ~/bench/deploy/docker/.cache/fabric-samples/test-network/channel-artifacts/Org2MSPconfig.json
++ res=0
++ configtxlator proto_encode --input ~/bench/deploy/docker/.cache/fabric-samples/test-network/channel-artifacts/Org2MSPconfig.json --type common.Config --output ~/bench/deploy/docker/.cache/fabric-samples/test-network/channel-artifacts/original_config.pb
++ configtxlator proto_encode --input ~/bench/deploy/docker/.cache/fabric-samples/test-network/channel-artifacts/Org2MSPmodified_config.json --type common.Config --output ~/bench/deploy/docker/.cache/fabric-samples/test-network/channel-artifacts/modified_config.pb
++ configtxlator compute_update --channel_id mychannel --original ~/bench/deploy/docker/.cache/fabric-samples/test-network/channel-artifacts/original_config.pb --updated ~/bench/deploy/docker/.cache/fabric-samples/test-network/channel-artifacts/modified_config.pb --output ~/bench/deploy/docker/.cache/fabric-samples/test-network/channel-artifacts/config_update.pb
++ configtxlator proto_decode --input ~/bench/deploy/docker/.cache/fabric-samples/test-network/channel-artifacts/config_update.pb --type common.ConfigUpdate --output ~/bench/deploy/docker/.cache/fabric-samples/test-network/channel-artifacts/config_update.json
++ jq .
+++ cat ~/bench/deploy/docker/.cache/fabric-samples/test-network/channel-artifacts/config_update.json
++ echo '{"payload":{"header":{"channel_header":{"channel_id":"mychannel", "type":2}},"data":{"config_update":{' '"channel_id":' '"mychannel",' '"isolated_data":' '{},' '"read_set":' '{' '"groups":' '{' '"Application":' '{' '"groups":' '{' '"Org2MSP":' '{' '"groups":' '{},' '"mod_policy":' '"",' '"policies":' '{' '"Admins":' '{' '"mod_policy":' '"",' '"policy":' null, '"version":' '"0"' '},' '"Endorsement":' '{' '"mod_policy":' '"",' '"policy":' null, '"version":' '"0"' '},' '"Readers":' '{' '"mod_policy":' '"",' '"policy":' null, '"version":' '"0"' '},' '"Writers":' '{' '"mod_policy":' '"",' '"policy":' null, '"version":' '"0"' '}' '},' '"values":' '{' '"MSP":' '{' '"mod_policy":' '"",' '"value":' null, '"version":' '"0"' '}' '},' '"version":' '"0"' '}' '},' '"mod_policy":' '"",' '"policies":' '{},' '"values":' '{},' '"version":' '"0"' '}' '},' '"mod_policy":' '"",' '"policies":' '{},' '"values":' '{},' '"version":' '"0"' '},' '"write_set":' '{' '"groups":' '{' '"Application":' '{' '"groups":' '{' '"Org2MSP":' '{' '"groups":' '{},' '"mod_policy":' '"Admins",' '"policies":' '{' '"Admins":' '{' '"mod_policy":' '"",' '"policy":' null, '"version":' '"0"' '},' '"Endorsement":' '{' '"mod_policy":' '"",' '"policy":' null, '"version":' '"0"' '},' '"Readers":' '{' '"mod_policy":' '"",' '"policy":' null, '"version":' '"0"' '},' '"Writers":' '{' '"mod_policy":' '"",' '"policy":' null, '"version":' '"0"' '}' '},' '"values":' '{' '"AnchorPeers":' '{' '"mod_policy":' '"Admins",' '"value":' '{' '"anchor_peers":' '[' '{' '"host":' '"peer0.org2.example.com",' '"port":' 9051 '}' ']' '},' '"version":' '"0"' '},' '"MSP":' '{' '"mod_policy":' '"",' '"value":' null, '"version":' '"0"' '}' '},' '"version":' '"1"' '}' '},' '"mod_policy":' '"",' '"policies":' '{},' '"values":' '{},' '"version":' '"0"' '}' '},' '"mod_policy":' '"",' '"policies":' '{},' '"values":' '{},' '"version":' '"0"' '}' '}}}}'
++ configtxlator proto_encode --input ~/bench/deploy/docker/.cache/fabric-samples/test-network/channel-artifacts/config_update_in_envelope.json --type common.Envelope --output ~/bench/deploy/docker/.cache/fabric-samples/test-network/channel-artifacts/Org2MSPanchors.tx
[34m2026-09-14 23:16:29.543 IST 0001 INFO[0m [channelCmd] [34;1mInitCmdFactory[0m -> Endorser and orderer connections initialized
[34m2026-09-14 23:16:29.551 IST 0002 INFO[0m [channelCmd] [34;1mupdate[0m -> Successfully submitted channel update
[0;32mAnchor peer set for org 'Org2MSP' on channel 'mychannel'[0m
[0;32mChannel 'mychannel' joined[0m
[deploy 23:16:29] deploying kvstore chaincode from ~/bench/chaincodes/kvstore
[0;34mUsing docker and docker-compose[0m
[0;34mdeploying chaincode on channel 'mychannel'[0m
executing with the following
- CHANNEL_NAME: [0;32mmychannel[0m
- CC_NAME: [0;32mkvstore[0m
- CC_SRC_PATH: [0;32m~/bench/chaincodes/kvstore[0m
- CC_SRC_LANGUAGE: [0;32mgo[0m
- CC_VERSION: [0;32m1.0[0m
- CC_SEQUENCE: [0;32m1[0m
- CC_END_POLICY: [0;32mNA[0m
- CC_COLL_CONFIG: [0;32mNA[0m
- CC_INIT_FCN: [0;32mNA[0m
- DELAY: [0;32m3[0m
- MAX_RETRY: [0;32m5[0m
- VERBOSE: [0;32mfalse[0m
executing with the following
- CC_NAME: [0;32mkvstore[0m
- CC_SRC_PATH: [0;32m~/bench/chaincodes/kvstore[0m
- CC_SRC_LANGUAGE: [0;32mgo[0m
- CC_VERSION: [0;32m1.0[0m
[0;34mVendoring Go dependencies at ~/bench/chaincodes/kvstore[0m
~/Projects/Bench/chaincodes/kvstore ~/Projects/Bench/deploy/docker/.cache/fabric-samples/test-network
~/Projects/Bench/deploy/docker/.cache/fabric-samples/test-network
[0;32mFinished vendoring Go dependencies[0m
+ '[' false = true ']'
+ peer lifecycle chaincode package kvstore.tar.gz --path ~/bench/chaincodes/kvstore --lang golang --label kvstore_1.0
+ res=0
[0;32mChaincode is packaged[0m
[0;34mInstalling chaincode on peer0.org1...[0m
[0;34mUsing organization 1[0m
+ peer lifecycle chaincode queryinstalled --output json
+ jq -r 'try (.installed_chaincodes[].package_id)'
+ grep '^kvstore_1.0:2ea7b22cef577b6fa4ca655d0dab5283b6734bee9c35f654d050c69a24ed4de2$'
+ test 1 -ne 0
+ peer lifecycle chaincode install kvstore.tar.gz
+ res=0
[34m2026-09-14 23:16:45.246 IST 0001 INFO[0m [cli.lifecycle.chaincode] [34;1msubmitInstallProposal[0m -> Installed remotely: response:<status:200 payload:"\nLkvstore_1.0:2ea7b22cef577b6fa4ca655d0dab5283b6734bee9c35f654d050c69a24ed4de2\022\013kvstore_1.0" > 
[34m2026-09-14 23:16:45.246 IST 0002 INFO[0m [cli.lifecycle.chaincode] [34;1msubmitInstallProposal[0m -> Chaincode code package identifier: kvstore_1.0:2ea7b22cef577b6fa4ca655d0dab5283b6734bee9c35f654d050c69a24ed4de2
[0;32mChaincode is installed on peer0.org1[0m
[0;34mInstall chaincode on peer0.org2...[0m
[0;34mUsing organization 2[0m
+ peer lifecycle chaincode queryinstalled --output json
+ jq -r 'try (.installed_chaincodes[].package_id)'
+ grep '^kvstore_1.0:2ea7b22cef577b6fa4ca655d0dab5283b6734bee9c35f654d050c69a24ed4de2$'
+ test 1 -ne 0
+ peer lifecycle chaincode install kvstore.tar.gz
+ res=0
[34m2026-09-14 23:16:58.846 IST 0001 INFO[0m [cli.lifecycle.chaincode] [34;1msubmitInstallProposal[0m -> Installed remotely: response:<status:200 payload:"\nLkvstore_1.0:2ea7b22cef577b6fa4ca655d0dab5283b6734bee9c35f654d050c69a24ed4de2\022\013kvstore_1.0" > 
[34m2026-09-14 23:16:58.846 IST 0002 INFO[0m [cli.lifecycle.chaincode] [34;1msubmitInstallProposal[0m -> Chaincode code package identifier: kvstore_1.0:2ea7b22cef577b6fa4ca655d0dab5283b6734bee9c35f654d050c69a24ed4de2
[0;32mChaincode is installed on peer0.org2[0m
[0;34mUsing organization 1[0m
+ peer lifecycle chaincode queryinstalled --output json
+ jq -r 'try (.installed_chaincodes[].package_id)'
+ grep '^kvstore_1.0:2ea7b22cef577b6fa4ca655d0dab5283b6734bee9c35f654d050c69a24ed4de2$'
+ res=0
kvstore_1.0:2ea7b22cef577b6fa4ca655d0dab5283b6734bee9c35f654d050c69a24ed4de2
[0;32mQuery installed successful on peer0.org1 on channel[0m
[0;34mUsing organization 1[0m
+ peer lifecycle chaincode approveformyorg -o localhost:7050 --ordererTLSHostnameOverride orderer.example.com --tls --cafile ~/bench/deploy/docker/.cache/fabric-samples/test-network/organizations/ordererOrganizations/example.com/tlsca/tlsca.example.com-cert.pem --channelID mychannel --name kvstore --version 1.0 --package-id kvstore_1.0:2ea7b22cef577b6fa4ca655d0dab5283b6734bee9c35f654d050c69a24ed4de2 --sequence 1
+ res=0
[34m2026-09-14 23:17:00.001 IST 0001 INFO[0m [chaincodeCmd] [34;1mClientWait[0m -> txid [6aff8324d0a2d394d01ec88f1163883977ec48f3560d1e89f916bfac46d61a21] committed with status (VALID) at localhost:7051
[0;32mChaincode definition approved on peer0.org1 on channel 'mychannel'[0m
[0;34mUsing organization 1[0m
[0;34mChecking the commit readiness of the chaincode definition on peer0.org1 on channel 'mychannel'...[0m
[0;34mAttempting to check the commit readiness of the chaincode definition on peer0.org1, Retry after 3 seconds.[0m
+ peer lifecycle chaincode checkcommitreadiness --channelID mychannel --name kvstore --version 1.0 --sequence 1 --output json
+ res=0
{
	"approvals": {
		"Org1MSP": true,
		"Org2MSP": false
	}
}
[0;34mChecking the commit readiness of the chaincode definition successful on peer0.org1 on channel 'mychannel'[0m
[0;34mUsing organization 2[0m
[0;34mChecking the commit readiness of the chaincode definition on peer0.org2 on channel 'mychannel'...[0m
[0;34mAttempting to check the commit readiness of the chaincode definition on peer0.org2, Retry after 3 seconds.[0m
+ peer lifecycle chaincode checkcommitreadiness --channelID mychannel --name kvstore --version 1.0 --sequence 1 --output json
+ res=0
{
	"approvals": {
		"Org1MSP": true,
		"Org2MSP": false
	}
}
[0;34mChecking the commit readiness of the chaincode definition successful on peer0.org2 on channel 'mychannel'[0m
[0;34mUsing organization 2[0m
+ peer lifecycle chaincode approveformyorg -o localhost:7050 --ordererTLSHostnameOverride orderer.example.com --tls --cafile ~/bench/deploy/docker/.cache/fabric-samples/test-network/organizations/ordererOrganizations/example.com/tlsca/tlsca.example.com-cert.pem --channelID mychannel --name kvstore --version 1.0 --package-id kvstore_1.0:2ea7b22cef577b6fa4ca655d0dab5283b6734bee9c35f654d050c69a24ed4de2 --sequence 1
+ res=0
[34m2026-09-14 23:17:07.209 IST 0001 INFO[0m [chaincodeCmd] [34;1mClientWait[0m -> txid [3469375dc5a998abb7c55ecfc37ec7a1df534891da46b8fe11bf1c8296d87953] committed with status (VALID) at localhost:9051
[0;32mChaincode definition approved on peer0.org2 on channel 'mychannel'[0m
[0;34mUsing organization 1[0m
[0;34mChecking the commit readiness of the chaincode definition on peer0.org1 on channel 'mychannel'...[0m
[0;34mAttempting to check the commit readiness of the chaincode definition on peer0.org1, Retry after 3 seconds.[0m
+ peer lifecycle chaincode checkcommitreadiness --channelID mychannel --name kvstore --version 1.0 --sequence 1 --output json
+ res=0
{
	"approvals": {
		"Org1MSP": true,
		"Org2MSP": true
	}
}
[0;34mChecking the commit readiness of the chaincode definition successful on peer0.org1 on channel 'mychannel'[0m
[0;34mUsing organization 2[0m
[0;34mChecking the commit readiness of the chaincode definition on peer0.org2 on channel 'mychannel'...[0m
[0;34mAttempting to check the commit readiness of the chaincode definition on peer0.org2, Retry after 3 seconds.[0m
+ peer lifecycle chaincode checkcommitreadiness --channelID mychannel --name kvstore --version 1.0 --sequence 1 --output json
+ res=0
{
	"approvals": {
		"Org1MSP": true,
		"Org2MSP": true
	}
}
[0;34mChecking the commit readiness of the chaincode definition successful on peer0.org2 on channel 'mychannel'[0m
[0;34mUsing organization 1[0m
[0;34mUsing organization 2[0m
+ peer lifecycle chaincode commit -o localhost:7050 --ordererTLSHostnameOverride orderer.example.com --tls --cafile ~/bench/deploy/docker/.cache/fabric-samples/test-network/organizations/ordererOrganizations/example.com/tlsca/tlsca.example.com-cert.pem --channelID mychannel --name kvstore --peerAddresses localhost:7051 --tlsRootCertFiles ~/bench/deploy/docker/.cache/fabric-samples/test-network/organizations/peerOrganizations/org1.example.com/tlsca/tlsca.org1.example.com-cert.pem --peerAddresses localhost:9051 --tlsRootCertFiles ~/bench/deploy/docker/.cache/fabric-samples/test-network/organizations/peerOrganizations/org2.example.com/tlsca/tlsca.org2.example.com-cert.pem --version 1.0 --sequence 1
+ res=0
[34m2026-09-14 23:17:14.585 IST 0001 INFO[0m [chaincodeCmd] [34;1mClientWait[0m -> txid [9cb1b79ee33ccbcd171276052194b2b2efd0216e850418bbdca841d574e53de6] committed with status (VALID) at localhost:7051
[34m2026-09-14 23:17:14.589 IST 0002 INFO[0m [chaincodeCmd] [34;1mClientWait[0m -> txid [9cb1b79ee33ccbcd171276052194b2b2efd0216e850418bbdca841d574e53de6] committed with status (VALID) at localhost:9051
[0;32mChaincode definition committed on channel 'mychannel'[0m
[0;34mUsing organization 1[0m
[0;34mQuerying chaincode definition on peer0.org1 on channel 'mychannel'...[0m
[0;34mAttempting to Query committed status on peer0.org1, Retry after 3 seconds.[0m
+ peer lifecycle chaincode querycommitted --channelID mychannel --name kvstore
+ res=0
Committed chaincode definition for chaincode 'kvstore' on channel 'mychannel':
Version: 1.0, Sequence: 1, Endorsement Plugin: escc, Validation Plugin: vscc, Approvals: [Org1MSP: true, Org2MSP: true]
[0;32mQuery chaincode definition successful on peer0.org1 on channel 'mychannel'[0m
[0;34mUsing organization 2[0m
[0;34mQuerying chaincode definition on peer0.org2 on channel 'mychannel'...[0m
[0;34mAttempting to Query committed status on peer0.org2, Retry after 3 seconds.[0m
+ peer lifecycle chaincode querycommitted --channelID mychannel --name kvstore
+ res=0
Committed chaincode definition for chaincode 'kvstore' on channel 'mychannel':
Version: 1.0, Sequence: 1, Endorsement Plugin: escc, Validation Plugin: vscc, Approvals: [Org1MSP: true, Org2MSP: true]
[0;32mQuery chaincode definition successful on peer0.org2 on channel 'mychannel'[0m
[0;34mChaincode initialization is not required[0m
[deploy 23:17:20] resource budget for fabric-cft: 8 CPU / 8 GB across 5 containers = 1.60 CPU each; memory by role weight (peer=4 statedb=4 orderer=2 other=1, total weight 12)
[deploy 23:17:20]   dev-peer0.org1.example.com-kvstore_1.0-2ea7b22cef577b6fa4ca655d0dab5283b6734bee9c35f654d050c69a24ed4de2  (other) 682m
[deploy 23:17:20]   dev-peer0.org2.example.com-kvstore_1.0-2ea7b22cef577b6fa4ca655d0dab5283b6734bee9c35f654d050c69a24ed4de2  (other) 682m
[deploy 23:17:21]   orderer.example.com  (orderer) 1365m
[deploy 23:17:21]   peer0.org1.example.com  (peer) 2730m
[deploy 23:17:21]   peer0.org2.example.com  (peer) 2730m
[deploy 23:17:21] wrote ~/bench/deploy/docker/fabric-cft/connection.env
[deploy 23:17:21] fabric-cft up. peer :7051  orderer :7050  operations :9443
