time=2026-09-15T12:32:52.024+05:30 level=INFO msg="run starting" workload=kv-write profile=local-small normalized=true out_dir=results/neuchain/20260915-123252
time=2026-09-15T12:32:52.024+05:30 level=WARN msg=caveat text="server image is a patched NeuChain ev build (deploy/docker/neuchain/patched/README.md); provisional until a clean upstream build is run"
time=2026-09-15T12:32:52.024+05:30 level=INFO msg="adapter setup"
time=2026-09-15T12:32:52.229+05:30 level=INFO msg="setup complete" component=adapter block_servers="[localhost:5001 localhost:5011 localhost:5021 localhost:5031]" query=localhost:7003 tip=777 start_block=778 poll_interval=50ms
time=2026-09-15T12:32:52.229+05:30 level=INFO msg="phase start" phase=probe offered_tps=10 workers=0 duration=30s
time=2026-09-15T12:33:22.580+05:30 level=DEBUG msg="phase shorter than warmup+cooldown; measuring whole phase" phase=probe
time=2026-09-15T12:33:22.582+05:30 level=INFO msg="phase end" phase=probe submitted=300 committed=300 confirmed_tps=10.0 fail_rate=0.0000 e2e_p99_ms=452.86
time=2026-09-15T12:33:22.582+05:30 level=INFO msg="phase start" phase=sweep-100 offered_tps=100 workers=0 duration=1m0s
time=2026-09-15T12:34:23.085+05:30 level=INFO msg="phase end" phase=sweep-100 submitted=1500 committed=1500 confirmed_tps=100.0 fail_rate=0.0000 e2e_p99_ms=238.72
time=2026-09-15T12:34:23.085+05:30 level=INFO msg="phase start" phase=sweep-250 offered_tps=250 workers=0 duration=1m0s
time=2026-09-15T12:35:23.386+05:30 level=INFO msg="phase end" phase=sweep-250 submitted=3750 committed=3750 confirmed_tps=250.0 fail_rate=0.0000 e2e_p99_ms=192.26
time=2026-09-15T12:35:23.386+05:30 level=INFO msg="phase start" phase=sweep-500 offered_tps=500 workers=0 duration=1m0s
time=2026-09-15T12:36:23.794+05:30 level=INFO msg="phase end" phase=sweep-500 submitted=7500 committed=7500 confirmed_tps=500.0 fail_rate=0.0000 e2e_p99_ms=185.34
time=2026-09-15T12:36:23.794+05:30 level=INFO msg="phase start" phase=sweep-1000 offered_tps=1000 workers=0 duration=1m0s
time=2026-09-15T12:37:24.213+05:30 level=INFO msg="phase end" phase=sweep-1000 submitted=15000 committed=14998 confirmed_tps=999.9 fail_rate=0.0001 e2e_p99_ms=187.78
time=2026-09-15T12:37:24.214+05:30 level=WARN msg="phase errors" phase=sweep-1000 count=2 message="committed invalid"
time=2026-09-15T12:37:24.214+05:30 level=INFO msg="phase start" phase=sweep-2000 offered_tps=2000 workers=0 duration=1m0s
time=2026-09-15T12:38:24.675+05:30 level=INFO msg="phase end" phase=sweep-2000 submitted=30000 committed=29990 confirmed_tps=1999.3 fail_rate=0.0003 e2e_p99_ms=185.73
time=2026-09-15T12:38:24.675+05:30 level=WARN msg="phase errors" phase=sweep-2000 count=10 message="committed invalid"
time=2026-09-15T12:38:24.675+05:30 level=INFO msg="phase start" phase=sweep-3500 offered_tps=3500 workers=0 duration=1m0s
time=2026-09-15T12:39:25.180+05:30 level=INFO msg="phase end" phase=sweep-3500 submitted=52500 committed=52462 confirmed_tps=3497.5 fail_rate=0.0007 e2e_p99_ms=185.22
time=2026-09-15T12:39:25.180+05:30 level=WARN msg="phase errors" phase=sweep-3500 count=38 message="committed invalid"
time=2026-09-15T12:39:25.180+05:30 level=INFO msg="phase start" phase=sweep-5000 offered_tps=5000 workers=0 duration=1m0s
time=2026-09-15T12:40:25.917+05:30 level=INFO msg="phase end" phase=sweep-5000 submitted=75000 committed=74954 confirmed_tps=4996.9 fail_rate=0.0006 e2e_p99_ms=189.57
time=2026-09-15T12:40:25.917+05:30 level=WARN msg="phase errors" phase=sweep-5000 count=46 message="committed invalid"
time=2026-09-15T12:40:25.917+05:30 level=INFO msg="phase start" phase=sweep-7500 offered_tps=7500 workers=0 duration=1m0s
time=2026-09-15T12:41:27.009+05:30 level=INFO msg="phase end" phase=sweep-7500 submitted=112500 committed=112388 confirmed_tps=7492.5 fail_rate=0.0010 e2e_p99_ms=193.41
time=2026-09-15T12:41:27.009+05:30 level=WARN msg="phase errors" phase=sweep-7500 count=112 message="committed invalid"
time=2026-09-15T12:41:27.009+05:30 level=INFO msg="phase start" phase=sweep-10000 offered_tps=10000 workers=0 duration=1m0s
time=2026-09-15T12:42:30.701+05:30 level=INFO msg="phase end" phase=sweep-10000 submitted=150000 committed=149732 confirmed_tps=9982.1 fail_rate=0.0018 e2e_p99_ms=366.08
time=2026-09-15T12:42:30.701+05:30 level=WARN msg="phase errors" phase=sweep-10000 count=268 message="committed invalid"
time=2026-09-15T12:42:30.701+05:30 level=INFO msg="phase start" phase=hold offered_tps=6750 workers=0 duration=5m0s
time=2026-09-15T12:43:06.248+05:30 level=WARN msg="tip query failed; finality is not being observed while this lasts" component=adapter component=finality-poller query=localhost:7003 err="neuchain: tip_query reply from localhost:7003: EOF" consecutive=1
time=2026-09-15T12:43:11.141+05:30 level=WARN msg="tip query failed; finality is not being observed while this lasts" component=adapter component=finality-poller query=localhost:7003 err="neuchain: tip_query send to localhost:7003: zmq4: no connections available: %!w(<nil>)" consecutive=100
time=2026-09-15T12:43:16.130+05:30 level=WARN msg="tip query failed; finality is not being observed while this lasts" component=adapter component=finality-poller query=localhost:7003 err="neuchain: tip_query send to localhost:7003: zmq4: no connections available: %!w(<nil>)" consecutive=200
time=2026-09-15T12:43:21.130+05:30 level=WARN msg="tip query failed; finality is not being observed while this lasts" component=adapter component=finality-poller query=localhost:7003 err="neuchain: tip_query send to localhost:7003: zmq4: no connections available: %!w(<nil>)" consecutive=300
time=2026-09-15T12:43:26.130+05:30 level=WARN msg="tip query failed; finality is not being observed while this lasts" component=adapter component=finality-poller query=localhost:7003 err="neuchain: tip_query send to localhost:7003: zmq4: no connections available: %!w(<nil>)" consecutive=400
time=2026-09-15T12:43:31.130+05:30 level=WARN msg="tip query failed; finality is not being observed while this lasts" component=adapter component=finality-poller query=localhost:7003 err="neuchain: tip_query send to localhost:7003: zmq4: no connections available: %!w(<nil>)" consecutive=500
time=2026-09-15T12:43:36.129+05:30 level=WARN msg="tip query failed; finality is not being observed while this lasts" component=adapter component=finality-poller query=localhost:7003 err="neuchain: tip_query send to localhost:7003: zmq4: no connections available: %!w(<nil>)" consecutive=600
time=2026-09-15T12:43:36.279+05:30 level=ERROR msg="finality poller is down" component=adapter component=finality-poller query=localhost:7003 err="neuchain: finality stream down: tip_query to localhost:7003 has failed for 30s: neuchain: tip_query send to localhost:7003: zmq4: no connections available: %!w(<nil>)"
time=2026-09-15T12:43:41.129+05:30 level=WARN msg="tip query failed; finality is not being observed while this lasts" component=adapter component=finality-poller query=localhost:7003 err="neuchain: tip_query send to localhost:7003: zmq4: no connections available: %!w(<nil>)" consecutive=700
time=2026-09-15T12:43:46.130+05:30 level=WARN msg="tip query failed; finality is not being observed while this lasts" component=adapter component=finality-poller query=localhost:7003 err="neuchain: tip_query send to localhost:7003: zmq4: no connections available: %!w(<nil>)" consecutive=800
time=2026-09-15T12:43:51.129+05:30 level=WARN msg="tip query failed; finality is not being observed while this lasts" component=adapter component=finality-poller query=localhost:7003 err="neuchain: tip_query send to localhost:7003: zmq4: no connections available: %!w(<nil>)" consecutive=900
time=2026-09-15T12:43:56.130+05:30 level=WARN msg="tip query failed; finality is not being observed while this lasts" component=adapter component=finality-poller query=localhost:7003 err="neuchain: tip_query send to localhost:7003: zmq4: no connections available: %!w(<nil>)" consecutive=1000
time=2026-09-15T12:44:01.129+05:30 level=WARN msg="tip query failed; finality is not being observed while this lasts" component=adapter component=finality-poller query=localhost:7003 err="neuchain: tip_query send to localhost:7003: zmq4: no connections available: %!w(<nil>)" consecutive=1100
time=2026-09-15T12:44:06.129+05:30 level=WARN msg="tip query failed; finality is not being observed while this lasts" component=adapter component=finality-poller query=localhost:7003 err="neuchain: tip_query send to localhost:7003: zmq4: no connections available: %!w(<nil>)" consecutive=1200
time=2026-09-15T12:44:11.179+05:30 level=WARN msg="tip query failed; finality is not being observed while this lasts" component=adapter component=finality-poller query=localhost:7003 err="neuchain: tip_query send to localhost:7003: zmq4: no connections available: %!w(<nil>)" consecutive=1300
time=2026-09-15T12:44:16.179+05:30 level=WARN msg="tip query failed; finality is not being observed while this lasts" component=adapter component=finality-poller query=localhost:7003 err="neuchain: tip_query send to localhost:7003: zmq4: no connections available: %!w(<nil>)" consecutive=1400
time=2026-09-15T12:44:21.179+05:30 level=WARN msg="tip query failed; finality is not being observed while this lasts" component=adapter component=finality-poller query=localhost:7003 err="neuchain: tip_query send to localhost:7003: zmq4: no connections available: %!w(<nil>)" consecutive=1500
time=2026-09-15T12:44:26.179+05:30 level=WARN msg="tip query failed; finality is not being observed while this lasts" component=adapter component=finality-poller query=localhost:7003 err="neuchain: tip_query send to localhost:7003: zmq4: no connections available: %!w(<nil>)" consecutive=1600
time=2026-09-15T12:44:31.179+05:30 level=WARN msg="tip query failed; finality is not being observed while this lasts" component=adapter component=finality-poller query=localhost:7003 err="neuchain: tip_query send to localhost:7003: zmq4: no connections available: %!w(<nil>)" consecutive=1700
time=2026-09-15T12:44:36.179+05:30 level=WARN msg="tip query failed; finality is not being observed while this lasts" component=adapter component=finality-poller query=localhost:7003 err="neuchain: tip_query send to localhost:7003: zmq4: no connections available: %!w(<nil>)" consecutive=1800
time=2026-09-15T12:44:41.179+05:30 level=WARN msg="tip query failed; finality is not being observed while this lasts" component=adapter component=finality-poller query=localhost:7003 err="neuchain: tip_query send to localhost:7003: zmq4: no connections available: %!w(<nil>)" consecutive=1900
time=2026-09-15T12:44:46.186+05:30 level=WARN msg="tip query failed; finality is not being observed while this lasts" component=adapter component=finality-poller query=localhost:7003 err="neuchain: tip_query send to localhost:7003: zmq4: no connections available: %!w(<nil>)" consecutive=2000
time=2026-09-15T12:44:51.179+05:30 level=WARN msg="tip query failed; finality is not being observed while this lasts" component=adapter component=finality-poller query=localhost:7003 err="neuchain: tip_query send to localhost:7003: zmq4: no connections available: %!w(<nil>)" consecutive=2100
time=2026-09-15T12:44:56.179+05:30 level=WARN msg="tip query failed; finality is not being observed while this lasts" component=adapter component=finality-poller query=localhost:7003 err="neuchain: tip_query send to localhost:7003: zmq4: no connections available: %!w(<nil>)" consecutive=2200
time=2026-09-15T12:45:01.180+05:30 level=WARN msg="tip query failed; finality is not being observed while this lasts" component=adapter component=finality-poller query=localhost:7003 err="neuchain: tip_query send to localhost:7003: zmq4: no connections available: %!w(<nil>)" consecutive=2300
time=2026-09-15T12:45:06.179+05:30 level=WARN msg="tip query failed; finality is not being observed while this lasts" component=adapter component=finality-poller query=localhost:7003 err="neuchain: tip_query send to localhost:7003: zmq4: no connections available: %!w(<nil>)" consecutive=2400
time=2026-09-15T12:45:11.180+05:30 level=WARN msg="tip query failed; finality is not being observed while this lasts" component=adapter component=finality-poller query=localhost:7003 err="neuchain: tip_query send to localhost:7003: zmq4: no connections available: %!w(<nil>)" consecutive=2500
time=2026-09-15T12:45:16.179+05:30 level=WARN msg="tip query failed; finality is not being observed while this lasts" component=adapter component=finality-poller query=localhost:7003 err="neuchain: tip_query send to localhost:7003: zmq4: no connections available: %!w(<nil>)" consecutive=2600
time=2026-09-15T12:45:21.179+05:30 level=WARN msg="tip query failed; finality is not being observed while this lasts" component=adapter component=finality-poller query=localhost:7003 err="neuchain: tip_query send to localhost:7003: zmq4: no connections available: %!w(<nil>)" consecutive=2700
time=2026-09-15T12:45:26.179+05:30 level=WARN msg="tip query failed; finality is not being observed while this lasts" component=adapter component=finality-poller query=localhost:7003 err="neuchain: tip_query send to localhost:7003: zmq4: no connections available: %!w(<nil>)" consecutive=2800
time=2026-09-15T12:45:31.185+05:30 level=WARN msg="tip query failed; finality is not being observed while this lasts" component=adapter component=finality-poller query=localhost:7003 err="neuchain: tip_query send to localhost:7003: zmq4: no connections available: %!w(<nil>)" consecutive=2900
time=2026-09-15T12:45:36.197+05:30 level=WARN msg="tip query failed; finality is not being observed while this lasts" component=adapter component=finality-poller query=localhost:7003 err="neuchain: tip_query send to localhost:7003: zmq4: no connections available: %!w(<nil>)" consecutive=3000
time=2026-09-15T12:45:41.179+05:30 level=WARN msg="tip query failed; finality is not being observed while this lasts" component=adapter component=finality-poller query=localhost:7003 err="neuchain: tip_query send to localhost:7003: zmq4: no connections available: %!w(<nil>)" consecutive=3100
time=2026-09-15T12:45:46.179+05:30 level=WARN msg="tip query failed; finality is not being observed while this lasts" component=adapter component=finality-poller query=localhost:7003 err="neuchain: tip_query send to localhost:7003: zmq4: no connections available: %!w(<nil>)" consecutive=3200
time=2026-09-15T12:45:51.179+05:30 level=WARN msg="tip query failed; finality is not being observed while this lasts" component=adapter component=finality-poller query=localhost:7003 err="neuchain: tip_query send to localhost:7003: zmq4: no connections available: %!w(<nil>)" consecutive=3300
time=2026-09-15T12:45:56.180+05:30 level=WARN msg="tip query failed; finality is not being observed while this lasts" component=adapter component=finality-poller query=localhost:7003 err="neuchain: tip_query send to localhost:7003: zmq4: no connections available: %!w(<nil>)" consecutive=3400
time=2026-09-15T12:46:01.179+05:30 level=WARN msg="tip query failed; finality is not being observed while this lasts" component=adapter component=finality-poller query=localhost:7003 err="neuchain: tip_query send to localhost:7003: zmq4: no connections available: %!w(<nil>)" consecutive=3500
time=2026-09-15T12:46:06.179+05:30 level=WARN msg="tip query failed; finality is not being observed while this lasts" component=adapter component=finality-poller query=localhost:7003 err="neuchain: tip_query send to localhost:7003: zmq4: no connections available: %!w(<nil>)" consecutive=3600
time=2026-09-15T12:46:11.179+05:30 level=WARN msg="tip query failed; finality is not being observed while this lasts" component=adapter component=finality-poller query=localhost:7003 err="neuchain: tip_query send to localhost:7003: zmq4: no connections available: %!w(<nil>)" consecutive=3700
time=2026-09-15T12:46:16.179+05:30 level=WARN msg="tip query failed; finality is not being observed while this lasts" component=adapter component=finality-poller query=localhost:7003 err="neuchain: tip_query send to localhost:7003: zmq4: no connections available: %!w(<nil>)" consecutive=3800
time=2026-09-15T12:46:21.179+05:30 level=WARN msg="tip query failed; finality is not being observed while this lasts" component=adapter component=finality-poller query=localhost:7003 err="neuchain: tip_query send to localhost:7003: zmq4: no connections available: %!w(<nil>)" consecutive=3900
time=2026-09-15T12:46:26.179+05:30 level=WARN msg="tip query failed; finality is not being observed while this lasts" component=adapter component=finality-poller query=localhost:7003 err="neuchain: tip_query send to localhost:7003: zmq4: no connections available: %!w(<nil>)" consecutive=4000
time=2026-09-15T12:46:31.179+05:30 level=WARN msg="tip query failed; finality is not being observed while this lasts" component=adapter component=finality-poller query=localhost:7003 err="neuchain: tip_query send to localhost:7003: zmq4: no connections available: %!w(<nil>)" consecutive=4100
time=2026-09-15T12:46:36.180+05:30 level=WARN msg="tip query failed; finality is not being observed while this lasts" component=adapter component=finality-poller query=localhost:7003 err="neuchain: tip_query send to localhost:7003: zmq4: no connections available: %!w(<nil>)" consecutive=4200
time=2026-09-15T12:46:41.179+05:30 level=WARN msg="tip query failed; finality is not being observed while this lasts" component=adapter component=finality-poller query=localhost:7003 err="neuchain: tip_query send to localhost:7003: zmq4: no connections available: %!w(<nil>)" consecutive=4300
time=2026-09-15T12:46:46.181+05:30 level=WARN msg="tip query failed; finality is not being observed while this lasts" component=adapter component=finality-poller query=localhost:7003 err="neuchain: tip_query send to localhost:7003: zmq4: no connections available: %!w(<nil>)" consecutive=4400
time=2026-09-15T12:46:51.179+05:30 level=WARN msg="tip query failed; finality is not being observed while this lasts" component=adapter component=finality-poller query=localhost:7003 err="neuchain: tip_query send to localhost:7003: zmq4: no connections available: %!w(<nil>)" consecutive=4500
time=2026-09-15T12:46:56.179+05:30 level=WARN msg="tip query failed; finality is not being observed while this lasts" component=adapter component=finality-poller query=localhost:7003 err="neuchain: tip_query send to localhost:7003: zmq4: no connections available: %!w(<nil>)" consecutive=4600
time=2026-09-15T12:47:01.179+05:30 level=WARN msg="tip query failed; finality is not being observed while this lasts" component=adapter component=finality-poller query=localhost:7003 err="neuchain: tip_query send to localhost:7003: zmq4: no connections available: %!w(<nil>)" consecutive=4700
time=2026-09-15T12:47:06.179+05:30 level=WARN msg="tip query failed; finality is not being observed while this lasts" component=adapter component=finality-poller query=localhost:7003 err="neuchain: tip_query send to localhost:7003: zmq4: no connections available: %!w(<nil>)" consecutive=4800
time=2026-09-15T12:47:11.179+05:30 level=WARN msg="tip query failed; finality is not being observed while this lasts" component=adapter component=finality-poller query=localhost:7003 err="neuchain: tip_query send to localhost:7003: zmq4: no connections available: %!w(<nil>)" consecutive=4900
time=2026-09-15T12:47:16.179+05:30 level=WARN msg="tip query failed; finality is not being observed while this lasts" component=adapter component=finality-poller query=localhost:7003 err="neuchain: tip_query send to localhost:7003: zmq4: no connections available: %!w(<nil>)" consecutive=5000
time=2026-09-15T12:47:21.179+05:30 level=WARN msg="tip query failed; finality is not being observed while this lasts" component=adapter component=finality-poller query=localhost:7003 err="neuchain: tip_query send to localhost:7003: zmq4: no connections available: %!w(<nil>)" consecutive=5100
time=2026-09-15T12:47:26.179+05:30 level=WARN msg="tip query failed; finality is not being observed while this lasts" component=adapter component=finality-poller query=localhost:7003 err="neuchain: tip_query send to localhost:7003: zmq4: no connections available: %!w(<nil>)" consecutive=5200
time=2026-09-15T12:47:31.179+05:30 level=WARN msg="tip query failed; finality is not being observed while this lasts" component=adapter component=finality-poller query=localhost:7003 err="neuchain: tip_query send to localhost:7003: zmq4: no connections available: %!w(<nil>)" consecutive=5300
time=2026-09-15T12:47:36.180+05:30 level=WARN msg="tip query failed; finality is not being observed while this lasts" component=adapter component=finality-poller query=localhost:7003 err="neuchain: tip_query send to localhost:7003: zmq4: no connections available: %!w(<nil>)" consecutive=5400
time=2026-09-15T12:47:41.180+05:30 level=WARN msg="tip query failed; finality is not being observed while this lasts" component=adapter component=finality-poller query=localhost:7003 err="neuchain: tip_query send to localhost:7003: zmq4: no connections available: %!w(<nil>)" consecutive=5500
time=2026-09-15T12:47:46.180+05:30 level=WARN msg="tip query failed; finality is not being observed while this lasts" component=adapter component=finality-poller query=localhost:7003 err="neuchain: tip_query send to localhost:7003: zmq4: no connections available: %!w(<nil>)" consecutive=5600
time=2026-09-15T12:47:47.864+05:30 level=INFO msg="phase end" phase=hold submitted=1721250 committed=0 confirmed_tps=0.0 fail_rate=1.0000 e2e_p99_ms=0.00
time=2026-09-15T12:47:47.864+05:30 level=WARN msg="phase errors" phase=hold count=1366930 message="neuchain: finality stream down: tip_query to localhost:7003 has failed for 30s: neuchain: tip_query send to localhost:7003: zmq4: no connections available: %!w(<nil>)"
time=2026-09-15T12:47:47.864+05:30 level=WARN msg="phase errors" phase=hold count=354320 message="not sent: N transactions already in flight (platform is not finalizing)"
time=2026-09-15T12:47:47.869+05:30 level=WARN msg=caveat text="platform container bench-neuchain-block-server-0 exited (after 12:43:00, status exited, exit code 139)"
time=2026-09-15T12:47:47.985+05:30 level=INFO msg="captured container log" container=bench-neuchain-block-server-0 path=results/neuchain/20260915-123252/container-logs/bench-neuchain-block-server-0.log
time=2026-09-15T12:47:47.985+05:30 level=WARN msg=caveat text="platform container bench-neuchain-block-server-1 exited (after 12:43:00, status exited, exit code 139)"
time=2026-09-15T12:47:48.067+05:30 level=INFO msg="captured container log" container=bench-neuchain-block-server-1 path=results/neuchain/20260915-123252/container-logs/bench-neuchain-block-server-1.log
time=2026-09-15T12:47:48.067+05:30 level=WARN msg=caveat text="platform container bench-neuchain-block-server-2 exited (after 12:43:00, status exited, exit code 139)"
time=2026-09-15T12:47:48.121+05:30 level=INFO msg="captured container log" container=bench-neuchain-block-server-2 path=results/neuchain/20260915-123252/container-logs/bench-neuchain-block-server-2.log
time=2026-09-15T12:47:48.121+05:30 level=WARN msg=caveat text="platform container bench-neuchain-block-server-3 exited (after 12:43:00, status exited, exit code 139)"
time=2026-09-15T12:47:48.176+05:30 level=INFO msg="captured container log" container=bench-neuchain-block-server-3 path=results/neuchain/20260915-123252/container-logs/bench-neuchain-block-server-3.log
time=2026-09-15T12:47:48.608+05:30 level=WARN msg="run has no headline: it did not complete a headline phase on a healthy platform; see caveats in summary.txt" dir=results/neuchain/20260915-123252
time=2026-09-15T12:47:48.608+05:30 level=INFO msg="run finished" out_dir=results/neuchain/20260915-123252 caveats=5
