2026-09-14T17:41:22.965214845Z 1:1:C 14 Sep 2026 17:41:22.965 # oO0OoO0OoO0Oo KeyDB is starting oO0OoO0OoO0Oo
2026-09-14T17:41:22.965246876Z 1:1:C 14 Sep 2026 17:41:22.965 # KeyDB version=6.3.4, bits=64, commit=7e7e5e57, modified=1, pid=1, just started
2026-09-14T17:41:22.965260532Z 1:1:C 14 Sep 2026 17:41:22.965 # Configuration loaded
2026-09-14T17:41:22.965266493Z 1:1:C 14 Sep 2026 17:41:22.965 # WARNING overcommit_memory is set to 0! Background save may fail under low memory condition. To fix this issue add 'vm.overcommit_memory = 1' to /etc/sysctl.conf and then reboot or run the command 'sysctl vm.overcommit_memory=1' for this to take effect.
2026-09-14T17:41:22.965783012Z 1:1:M 14 Sep 2026 17:41:22.965 * monotonic clock: POSIX clock_gettime
2026-09-14T17:41:23.525409737Z                                                                       
2026-09-14T17:41:23.525422752Z                   _                                                   
2026-09-14T17:41:23.525426199Z                _-(+)-_                                                
2026-09-14T17:41:23.525429124Z             _-- /   \ --_                                            
2026-09-14T17:41:23.525431929Z          _--   /     \   --_            KeyDB  6.3.4 (7e7e5e57/1) 64 bit     
2026-09-14T17:41:23.525434925Z      __--     /       \     --__                                     
2026-09-14T17:41:23.525437670Z     (+) _    /         \    _ (+)       Running in standalone mode
2026-09-14T17:41:23.525440405Z      |   -- /           \ --   |        Port: 6379
2026-09-14T17:41:23.525443060Z      |     /--_   _   _--\     |        PID: 1
2026-09-14T17:41:23.525445756Z      |    /     -(+)-     \    |                                     
2026-09-14T17:41:23.525448461Z      |   /        |        \   |        https://docs.keydb.dev       
2026-09-14T17:41:23.525451146Z      |  /         |         \  |                                     
2026-09-14T17:41:23.525453801Z      | /          |          \ |                                     
2026-09-14T17:41:23.525456466Z     (+)_ -- -- -- | -- -- -- _(+)                                     
2026-09-14T17:41:23.525459131Z         --_       |       _--                                         
2026-09-14T17:41:23.525461906Z             --_   |   _--                                             
2026-09-14T17:41:23.525464571Z                 -(+)-        KeyDB has now joined Snap! See the announcement at:  https://docs.keydb.dev/news
2026-09-14T17:41:23.525467286Z 
2026-09-14T17:41:23.525469951Z                                                                      
2026-09-14T17:41:23.525473057Z 1:1:M 14 Sep 2026 17:41:23.525 # Server initialized
2026-09-14T17:41:23.525780861Z 1:25:M 14 Sep 2026 17:41:23.525 * Thread 0 alive.
2026-09-14T17:41:23.525801400Z 1:27:M 14 Sep 2026 17:41:23.525 * Thread 1 alive.
