2026-09-14T17:41:22.965214805Z 1:1:C 14 Sep 2026 17:41:22.965 # oO0OoO0OoO0Oo KeyDB is starting oO0OoO0OoO0Oo
2026-09-14T17:41:22.965246866Z 1:1:C 14 Sep 2026 17:41:22.965 # KeyDB version=6.3.4, bits=64, commit=7e7e5e57, modified=1, pid=1, just started
2026-09-14T17:41:22.965260461Z 1:1:C 14 Sep 2026 17:41:22.965 # Configuration loaded
2026-09-14T17:41:22.965266132Z 1:1:C 14 Sep 2026 17:41:22.965 # WARNING overcommit_memory is set to 0! Background save may fail under low memory condition. To fix this issue add 'vm.overcommit_memory = 1' to /etc/sysctl.conf and then reboot or run the command 'sysctl vm.overcommit_memory=1' for this to take effect.
2026-09-14T17:41:22.965769737Z 1:1:M 14 Sep 2026 17:41:22.965 * monotonic clock: POSIX clock_gettime
2026-09-14T17:41:23.524817635Z                                                                       
2026-09-14T17:41:23.524862099Z                   _                                                   
2026-09-14T17:41:23.524867349Z                _-(+)-_                                                
2026-09-14T17:41:23.524870576Z             _-- /   \ --_                                            
2026-09-14T17:41:23.524873671Z          _--   /     \   --_            KeyDB  6.3.4 (7e7e5e57/1) 64 bit     
2026-09-14T17:41:23.524876557Z      __--     /       \     --__                                     
2026-09-14T17:41:23.524879272Z     (+) _    /         \    _ (+)       Running in standalone mode
2026-09-14T17:41:23.524881937Z      |   -- /           \ --   |        Port: 6379
2026-09-14T17:41:23.524884572Z      |     /--_   _   _--\     |        PID: 1
2026-09-14T17:41:23.524887217Z      |    /     -(+)-     \    |                                     
2026-09-14T17:41:23.524889882Z      |   /        |        \   |        https://docs.keydb.dev       
2026-09-14T17:41:23.524892527Z      |  /         |         \  |                                     
2026-09-14T17:41:23.524895162Z      | /          |          \ |                                     
2026-09-14T17:41:23.524897807Z     (+)_ -- -- -- | -- -- -- _(+)                                     
2026-09-14T17:41:23.524900452Z         --_       |       _--                                         
2026-09-14T17:41:23.524903067Z             --_   |   _--                                             
2026-09-14T17:41:23.524905682Z                 -(+)-        KeyDB has now joined Snap! See the announcement at:  https://docs.keydb.dev/news
2026-09-14T17:41:23.524908357Z 
2026-09-14T17:41:23.524911152Z                                                                      
2026-09-14T17:41:23.524913908Z 1:1:M 14 Sep 2026 17:41:23.524 # Server initialized
2026-09-14T17:41:23.525175393Z 1:26:M 14 Sep 2026 17:41:23.525 * Thread 0 alive.
2026-09-14T17:41:23.525188608Z 1:27:M 14 Sep 2026 17:41:23.525 * Thread 1 alive.
