time=2026-09-16T13:00:34.193+05:30 level=INFO msg="run starting" workload=kv-write profile=local-32gb normalized=true out_dir=results/fabricx/20260916-130034
time=2026-09-16T13:00:34.193+05:30 level=WARN msg=caveat text="state-db parity not held: run requested leveldb, platform actually ran postgres"
time=2026-09-16T13:00:34.193+05:30 level=INFO msg="adapter setup"
time=2026-09-16T13:00:34.394+05:30 level=INFO msg="setup complete" component=adapter routers=localhost:6022,localhost:6122,localhost:6222,localhost:6322 deliver=localhost:4001 query=localhost:7001 channel=arma namespace=0 broadcast_streams=256
time=2026-09-16T13:00:34.394+05:30 level=INFO msg="phase start" phase=probe offered_tps=10 workers=0 duration=30s
time=2026-09-16T13:01:05.035+05:30 level=DEBUG msg="phase shorter than warmup+cooldown; measuring whole phase" phase=probe
time=2026-09-16T13:01:05.037+05:30 level=INFO msg="phase end" phase=probe submitted=300 committed=300 confirmed_tps=10.0 fail_rate=0.0000 e2e_p99_ms=1489.92
time=2026-09-16T13:01:05.037+05:30 level=INFO msg="phase start" phase=sweep-100 offered_tps=100 workers=0 duration=1m0s
time=2026-09-16T13:02:06.375+05:30 level=INFO msg="phase end" phase=sweep-100 submitted=1500 committed=1500 confirmed_tps=100.0 fail_rate=0.0000 e2e_p99_ms=1486.85
time=2026-09-16T13:02:06.375+05:30 level=INFO msg="phase start" phase=sweep-250 offered_tps=250 workers=0 duration=1m0s
time=2026-09-16T13:03:07.883+05:30 level=INFO msg="phase end" phase=sweep-250 submitted=3750 committed=3750 confirmed_tps=250.0 fail_rate=0.0000 e2e_p99_ms=884.74
time=2026-09-16T13:03:07.883+05:30 level=INFO msg="phase start" phase=sweep-500 offered_tps=500 workers=0 duration=1m0s
time=2026-09-16T13:04:08.944+05:30 level=INFO msg="phase end" phase=sweep-500 submitted=7500 committed=7500 confirmed_tps=500.0 fail_rate=0.0000 e2e_p99_ms=704.00
time=2026-09-16T13:04:08.944+05:30 level=INFO msg="phase start" phase=sweep-1000 offered_tps=1000 workers=0 duration=1m0s
time=2026-09-16T13:05:10.294+05:30 level=INFO msg="phase end" phase=sweep-1000 submitted=15000 committed=15000 confirmed_tps=1000.0 fail_rate=0.0000 e2e_p99_ms=620.03
time=2026-09-16T13:05:10.294+05:30 level=INFO msg="phase start" phase=sweep-2000 offered_tps=2000 workers=0 duration=1m0s
time=2026-09-16T13:06:11.687+05:30 level=INFO msg="phase end" phase=sweep-2000 submitted=30000 committed=30000 confirmed_tps=2000.0 fail_rate=0.0000 e2e_p99_ms=588.80
time=2026-09-16T13:06:11.687+05:30 level=INFO msg="phase start" phase=sweep-3500 offered_tps=3500 workers=0 duration=1m0s
time=2026-09-16T13:07:12.901+05:30 level=INFO msg="phase end" phase=sweep-3500 submitted=52500 committed=52500 confirmed_tps=3500.0 fail_rate=0.0000 e2e_p99_ms=588.80
time=2026-09-16T13:07:12.901+05:30 level=INFO msg="phase start" phase=sweep-5000 offered_tps=5000 workers=0 duration=1m0s
time=2026-09-16T13:08:14.597+05:30 level=INFO msg="phase end" phase=sweep-5000 submitted=75000 committed=75000 confirmed_tps=5000.0 fail_rate=0.0000 e2e_p99_ms=568.83
time=2026-09-16T13:08:14.597+05:30 level=INFO msg="phase start" phase=sweep-7500 offered_tps=7500 workers=0 duration=1m0s
time=2026-09-16T13:09:18.318+05:30 level=INFO msg="phase end" phase=sweep-7500 submitted=112500 committed=112500 confirmed_tps=7500.0 fail_rate=0.0000 e2e_p99_ms=3815.42
time=2026-09-16T13:09:18.318+05:30 level=INFO msg="phase start" phase=sweep-10000 offered_tps=10000 workers=0 duration=1m0s
time=2026-09-16T13:10:26.820+05:30 level=INFO msg="phase end" phase=sweep-10000 submitted=150000 committed=112233 confirmed_tps=7482.2 fail_rate=0.2518 e2e_p99_ms=11116.54
time=2026-09-16T13:10:26.820+05:30 level=WARN msg="phase errors" phase=sweep-10000 count=37767 message="not sent: N transactions already in flight (platform is not finalizing)"
time=2026-09-16T13:10:26.820+05:30 level=INFO msg="phase start" phase=hold offered_tps=6750 workers=0 duration=5m0s
time=2026-09-16T13:15:30.410+05:30 level=INFO msg="phase end" phase=hold submitted=1721250 committed=1721250 confirmed_tps=6750.0 fail_rate=0.0000 e2e_p99_ms=737.28
time=2026-09-16T13:15:30.929+05:30 level=WARN msg=caveat text="native metrics scrape of http://localhost:9643/metrics failed: scrape http://localhost:9643/metrics: parser panic: Invalid name validation scheme requested: unset (informational metrics only; harness numbers unaffected)"
time=2026-09-16T13:15:30.931+05:30 level=INFO msg="run finished" out_dir=results/fabricx/20260916-130034 caveats=2
