time=2026-09-16T10:40:21.213+05:30 level=INFO msg="run starting" workload=kv-write profile=local normalized=true out_dir=results/fabric-bft/20260916-104021
time=2026-09-16T10:40:21.213+05:30 level=INFO msg="adapter setup"
time=2026-09-16T10:40:21.213+05:30 level=DEBUG msg="gateway connection configured" component=adapter endpoint=localhost:7051 tls_server_name=peer0.org1.example.com msp_id=Org1MSP channel=mychannel chaincode=kvstore
time=2026-09-16T10:40:21.246+05:30 level=DEBUG msg="block event stream open" component=adapter stream=filtered-block-events endpoint=localhost:7051 channel=mychannel
time=2026-09-16T10:40:21.249+05:30 level=INFO msg="setup complete" component=adapter gateway=localhost:7051 finality_from=localhost:7051
time=2026-09-16T10:40:21.249+05:30 level=INFO msg="phase start" phase=probe offered_tps=10 workers=0 duration=30s
time=2026-09-16T10:40:52.141+05:30 level=DEBUG msg="phase shorter than warmup+cooldown; measuring whole phase" phase=probe
time=2026-09-16T10:40:52.143+05:30 level=INFO msg="phase end" phase=probe submitted=300 committed=300 confirmed_tps=10.0 fail_rate=0.0000 e2e_p99_ms=1030.14
time=2026-09-16T10:40:52.143+05:30 level=INFO msg="phase start" phase=sweep-100 offered_tps=100 workers=0 duration=1m0s
time=2026-09-16T10:41:53.149+05:30 level=INFO msg="phase end" phase=sweep-100 submitted=1500 committed=1500 confirmed_tps=100.0 fail_rate=0.0000 e2e_p99_ms=1042.43
time=2026-09-16T10:41:53.149+05:30 level=INFO msg="phase start" phase=sweep-250 offered_tps=250 workers=0 duration=1m0s
time=2026-09-16T10:42:54.196+05:30 level=INFO msg="phase end" phase=sweep-250 submitted=3750 committed=3750 confirmed_tps=250.0 fail_rate=0.0000 e2e_p99_ms=457.22
time=2026-09-16T10:42:54.196+05:30 level=INFO msg="phase start" phase=sweep-500 offered_tps=500 workers=0 duration=1m0s
time=2026-09-16T10:43:55.283+05:30 level=INFO msg="phase end" phase=sweep-500 submitted=7500 committed=7500 confirmed_tps=500.0 fail_rate=0.0000 e2e_p99_ms=261.12
time=2026-09-16T10:43:55.283+05:30 level=INFO msg="phase start" phase=sweep-1000 offered_tps=1000 workers=0 duration=1m0s
time=2026-09-16T10:44:56.396+05:30 level=INFO msg="phase end" phase=sweep-1000 submitted=15000 committed=15000 confirmed_tps=1000.0 fail_rate=0.0000 e2e_p99_ms=219.78
time=2026-09-16T10:44:56.396+05:30 level=INFO msg="phase start" phase=sweep-2000 offered_tps=2000 workers=0 duration=1m0s
time=2026-09-16T10:45:16.736+05:30 level=WARN msg="block event stream closed; re-subscribing (transactions committed meanwhile are replayed)" component=adapter stream=filtered-block-events endpoint=localhost:7051 channel=mychannel attempt=1 backoff=250ms resume_block=1222 had_blocks=true
time=2026-09-16T10:45:16.986+05:30 level=WARN msg="re-subscribe failed" component=adapter stream=filtered-block-events endpoint=localhost:7051 channel=mychannel attempt=1 err="rpc error: code = Unavailable desc = connection error: desc = \"transport: authentication handshake failed: EOF\""
time=2026-09-16T10:45:16.986+05:30 level=WARN msg="block event stream closed; re-subscribing (transactions committed meanwhile are replayed)" component=adapter stream=filtered-block-events endpoint=localhost:7051 channel=mychannel attempt=2 backoff=500ms resume_block=1222 had_blocks=true
time=2026-09-16T10:45:17.487+05:30 level=WARN msg="re-subscribe failed" component=adapter stream=filtered-block-events endpoint=localhost:7051 channel=mychannel attempt=2 err="rpc error: code = Unavailable desc = connection error: desc = \"transport: authentication handshake failed: EOF\""
time=2026-09-16T10:45:17.487+05:30 level=WARN msg="block event stream closed; re-subscribing (transactions committed meanwhile are replayed)" component=adapter stream=filtered-block-events endpoint=localhost:7051 channel=mychannel attempt=3 backoff=1s resume_block=1222 had_blocks=true
time=2026-09-16T10:45:18.487+05:30 level=WARN msg="re-subscribe failed" component=adapter stream=filtered-block-events endpoint=localhost:7051 channel=mychannel attempt=3 err="rpc error: code = Unavailable desc = connection error: desc = \"transport: Error while dialing: dial tcp 127.0.0.1:7051: connect: connection refused\""
time=2026-09-16T10:45:18.487+05:30 level=WARN msg="block event stream closed; re-subscribing (transactions committed meanwhile are replayed)" component=adapter stream=filtered-block-events endpoint=localhost:7051 channel=mychannel attempt=4 backoff=2s resume_block=1222 had_blocks=true
time=2026-09-16T10:45:20.488+05:30 level=WARN msg="re-subscribe failed" component=adapter stream=filtered-block-events endpoint=localhost:7051 channel=mychannel attempt=4 err="rpc error: code = Unavailable desc = connection error: desc = \"transport: Error while dialing: dial tcp 127.0.0.1:7051: connect: connection refused\""
time=2026-09-16T10:45:20.488+05:30 level=WARN msg="block event stream closed; re-subscribing (transactions committed meanwhile are replayed)" component=adapter stream=filtered-block-events endpoint=localhost:7051 channel=mychannel attempt=5 backoff=4s resume_block=1222 had_blocks=true
time=2026-09-16T10:45:24.488+05:30 level=WARN msg="re-subscribe failed" component=adapter stream=filtered-block-events endpoint=localhost:7051 channel=mychannel attempt=5 err="rpc error: code = Unavailable desc = connection error: desc = \"transport: Error while dialing: dial tcp 127.0.0.1:7051: connect: connection refused\""
time=2026-09-16T10:45:24.488+05:30 level=WARN msg="block event stream closed; re-subscribing (transactions committed meanwhile are replayed)" component=adapter stream=filtered-block-events endpoint=localhost:7051 channel=mychannel attempt=6 backoff=8s resume_block=1222 had_blocks=true
time=2026-09-16T10:45:32.489+05:30 level=WARN msg="re-subscribe failed" component=adapter stream=filtered-block-events endpoint=localhost:7051 channel=mychannel attempt=6 err="rpc error: code = Unavailable desc = connection error: desc = \"transport: Error while dialing: dial tcp 127.0.0.1:7051: connect: connection refused\""
time=2026-09-16T10:45:32.490+05:30 level=ERROR msg="finality stream is down; every pending and future transaction on this run will fail" component=adapter stream=filtered-block-events endpoint=localhost:7051 channel=mychannel err="finality stream down: block event stream from localhost:7051 on channel \"mychannel\" closed 7 times in a row without delivering a block (the gateway SDK does not report why: check the peer is running - docker ps / docker logs - and that the channel name is right)"
time=2026-09-16T10:45:56.578+05:30 level=INFO msg="phase end" phase=sweep-2000 submitted=30000 committed=0 confirmed_tps=0.0 fail_rate=1.0000 e2e_p99_ms=0.00
time=2026-09-16T10:45:56.578+05:30 level=WARN msg="phase errors" phase=sweep-2000 count=30000 message="endorse Put: rpc error: code = Unavailable desc = connection error: desc = \"transport: Error while dialing: dial tcp 127.0.0.1:7051: connect: connection refused\""
time=2026-09-16T10:45:56.578+05:30 level=WARN msg=caveat text="platform container peer0.org1.example.com was OOM-killed at its memory limit and exited (after 10:45:16, exit code 137)"
time=2026-09-16T10:45:56.773+05:30 level=INFO msg="captured container log" container=peer0.org1.example.com path=results/fabric-bft/20260916-104021/container-logs/peer0.org1.example.com.log
time=2026-09-16T10:45:56.773+05:30 level=WARN msg=caveat text="platform container dev-peer0.org1.example.com-kvstore_1.0-e88284a33ff8806958375f99312782794164d62aac26fe22876f2c72fb6294d9 exited (after 10:45:16, status exited, exit code 2)"
time=2026-09-16T10:45:56.930+05:30 level=INFO msg="captured container log" container=dev-peer0.org1.example.com-kvstore_1.0-e88284a33ff8806958375f99312782794164d62aac26fe22876f2c72fb6294d9 path=results/fabric-bft/20260916-104021/container-logs/dev-peer0.org1.example.com-kvstore_1.0-e88284a33ff8806958375f99312782794164d62aac26fe22876f2c72fb6294d9.log
time=2026-09-16T10:45:56.930+05:30 level=WARN msg=caveat text="run stopped during sweep-2000 because a platform container failed; phases never run: sweep-3500, sweep-5000, sweep-7500, sweep-10000, hold"
time=2026-09-16T10:45:56.947+05:30 level=WARN msg=caveat text="native metrics scrape of http://localhost:9443/metrics failed: scrape http://localhost:9443/metrics: parser panic: Invalid name validation scheme requested: unset (informational metrics only; harness numbers unaffected)"
time=2026-09-16T10:45:56.948+05:30 level=WARN msg="run has no headline: it did not complete a headline phase on a healthy platform; see caveats in summary.txt" dir=results/fabric-bft/20260916-104021
time=2026-09-16T10:45:56.948+05:30 level=INFO msg="run finished" out_dir=results/fabric-bft/20260916-104021 caveats=4
