2026-09-14T18:07:06.062820045Z 1:1:C 14 Sep 2026 18:07:06.062 # oO0OoO0OoO0Oo KeyDB is starting oO0OoO0OoO0Oo
2026-09-14T18:07:06.062847377Z 1:1:C 14 Sep 2026 18:07:06.062 # KeyDB version=6.3.4, bits=64, commit=7e7e5e57, modified=1, pid=1, just started
2026-09-14T18:07:06.062854801Z 1:1:C 14 Sep 2026 18:07:06.062 # Configuration loaded
2026-09-14T18:07:06.062857977Z 1:1:C 14 Sep 2026 18:07:06.062 # WARNING overcommit_memory is set to 0! Background save may fail under low memory condition. To fix this issue add 'vm.overcommit_memory = 1' to /etc/sysctl.conf and then reboot or run the command 'sysctl vm.overcommit_memory=1' for this to take effect.
2026-09-14T18:07:06.063528730Z 1:1:M 14 Sep 2026 18:07:06.063 * monotonic clock: POSIX clock_gettime
2026-09-14T18:07:06.625023794Z                                                                       
2026-09-14T18:07:06.625041337Z                   _                                                   
2026-09-14T18:07:06.625044864Z                _-(+)-_                                                
2026-09-14T18:07:06.625048260Z             _-- /   \ --_                                            
2026-09-14T18:07:06.625051206Z          _--   /     \   --_            KeyDB  6.3.4 (7e7e5e57/1) 64 bit     
2026-09-14T18:07:06.625054071Z      __--     /       \     --__                                     
2026-09-14T18:07:06.625056876Z     (+) _    /         \    _ (+)       Running in standalone mode
2026-09-14T18:07:06.625059662Z      |   -- /           \ --   |        Port: 6379
2026-09-14T18:07:06.625062457Z      |     /--_   _   _--\     |        PID: 1
2026-09-14T18:07:06.625065212Z      |    /     -(+)-     \    |                                     
2026-09-14T18:07:06.625068008Z      |   /        |        \   |        https://docs.keydb.dev       
2026-09-14T18:07:06.625070763Z      |  /         |         \  |                                     
2026-09-14T18:07:06.625073518Z      | /          |          \ |                                     
2026-09-14T18:07:06.625076293Z     (+)_ -- -- -- | -- -- -- _(+)                                     
2026-09-14T18:07:06.625079069Z         --_       |       _--                                         
2026-09-14T18:07:06.625081804Z             --_   |   _--                                             
2026-09-14T18:07:06.625084589Z                 -(+)-        KeyDB has now joined Snap! See the announcement at:  https://docs.keydb.dev/news
2026-09-14T18:07:06.625087404Z 
2026-09-14T18:07:06.625090150Z                                                                      
2026-09-14T18:07:06.625092965Z 1:1:M 14 Sep 2026 18:07:06.624 # Server initialized
2026-09-14T18:07:06.625412221Z 1:25:M 14 Sep 2026 18:07:06.625 * Thread 0 alive.
2026-09-14T18:07:06.625424845Z 1:27:M 14 Sep 2026 18:07:06.625 * Thread 1 alive.
2026-09-14T18:12:07.082140209Z 1:25:M 14 Sep 2026 18:12:07.082 * 10 changes in 300 seconds. Saving...
2026-09-14T18:12:07.083178469Z 1:25:M 14 Sep 2026 18:12:07.083 * Background saving started by pid 29
2026-09-14T18:12:07.083194810Z 1:25:M 14 Sep 2026 18:12:07.083 * Background saving started
2026-09-14T18:12:07.092213241Z 29:25:C 14 Sep 2026 18:12:07.092 * DB saved on disk
2026-09-14T18:12:07.093648264Z 29:25:C 14 Sep 2026 18:12:07.093 * RDB: 0 MB of memory used by copy-on-write
2026-09-14T18:12:07.183529914Z 1:25:M 14 Sep 2026 18:12:07.183 * Background saving terminated with success
