2026-09-16T07:30:22.057498175Z The files belonging to this database system will be owned by user "postgres".
2026-09-16T07:30:22.057535528Z This user must also own the server process.
2026-09-16T07:30:22.057537318Z 
2026-09-16T07:30:22.058755398Z The database cluster will be initialized with locale "en_US.utf8".
2026-09-16T07:30:22.058762747Z The default database encoding has accordingly been set to "UTF8".
2026-09-16T07:30:22.058764114Z The default text search configuration will be set to "english".
2026-09-16T07:30:22.058765646Z 
2026-09-16T07:30:22.058766408Z Data page checksums are enabled.
2026-09-16T07:30:22.058769798Z 
2026-09-16T07:30:22.058772223Z fixing permissions on existing directory /var/lib/postgresql/18/docker ... ok
2026-09-16T07:30:22.060514298Z creating subdirectories ... ok
2026-09-16T07:30:22.060526486Z selecting dynamic shared memory implementation ... posix
2026-09-16T07:30:22.083152990Z selecting default "max_connections" ... 100
2026-09-16T07:30:22.097965341Z selecting default "shared_buffers" ... 128MB
2026-09-16T07:30:22.188494540Z selecting default time zone ... UTC
2026-09-16T07:30:22.189614388Z creating configuration files ... ok
2026-09-16T07:30:22.264485309Z running bootstrap script ... ok
2026-09-16T07:30:22.418997323Z sh: locale: Permission denied
2026-09-16T07:30:22.419107058Z 2026-09-16 07:30:22.419 UTC [40] WARNING:  no usable system locales were found
2026-09-16T07:30:22.671099476Z performing post-bootstrap initialization ... ok
2026-09-16T07:30:22.780606090Z syncing data to disk ... ok
2026-09-16T07:30:22.780619944Z initdb: warning: enabling "trust" authentication for local connections
2026-09-16T07:30:22.780628484Z initdb: hint: You can change this by editing pg_hba.conf or using the option -A, or --auth-local and --auth-host, the next time you run initdb.
2026-09-16T07:30:22.780622643Z 
2026-09-16T07:30:22.780632390Z 
2026-09-16T07:30:22.780633646Z Success. You can now start the database server using:
2026-09-16T07:30:22.780634742Z 
2026-09-16T07:30:22.780635628Z     pg_ctl -D /var/lib/postgresql/18/docker -l logfile start
2026-09-16T07:30:22.780636498Z 
2026-09-16T07:30:22.810643138Z waiting for server to start....2026-09-16 07:30:22.810 UTC [46] LOG:  starting PostgreSQL 18.3 on x86_64-pc-linux-musl, compiled by gcc (Alpine 15.2.0) 15.2.0, 64-bit
2026-09-16T07:30:22.811948615Z 2026-09-16 07:30:22.811 UTC [46] LOG:  listening on Unix socket "/var/run/postgresql/.s.PGSQL.5432"
2026-09-16T07:30:22.816358799Z 2026-09-16 07:30:22.816 UTC [52] LOG:  database system was shut down at 2026-09-16 07:30:22 UTC
2026-09-16T07:30:22.819566936Z 2026-09-16 07:30:22.819 UTC [46] LOG:  database system is ready to accept connections
2026-09-16T07:30:22.895561516Z  done
2026-09-16T07:30:22.895586524Z server started
2026-09-16T07:30:22.912028856Z 
2026-09-16T07:30:22.912048246Z /usr/local/bin/docker-entrypoint.sh: ignoring /docker-entrypoint-initdb.d/*
2026-09-16T07:30:22.912051169Z 
2026-09-16T07:30:22.912479236Z waiting for server to shut down....2026-09-16 07:30:22.912 UTC [46] LOG:  received fast shutdown request
2026-09-16T07:30:22.914616465Z 2026-09-16 07:30:22.914 UTC [46] LOG:  aborting any active transactions
2026-09-16T07:30:22.916241285Z 2026-09-16 07:30:22.916 UTC [46] LOG:  background worker "logical replication launcher" (PID 55) exited with exit code 1
2026-09-16T07:30:22.916280012Z 2026-09-16 07:30:22.916 UTC [50] LOG:  shutting down
2026-09-16T07:30:22.918133311Z 2026-09-16 07:30:22.918 UTC [50] LOG:  checkpoint starting: shutdown immediate
2026-09-16T07:30:22.926535906Z 2026-09-16 07:30:22.926 UTC [50] LOG:  checkpoint complete: wrote 0 buffers (0.0%), wrote 3 SLRU buffers; 0 WAL file(s) added, 0 removed, 0 recycled; write=0.003 s, sync=0.002 s, total=0.011 s; sync files=2, longest=0.001 s, average=0.001 s; distance=0 kB, estimate=0 kB; lsn=0/175F3A8, redo lsn=0/175F3A8
2026-09-16T07:30:22.933396783Z 2026-09-16 07:30:22.933 UTC [46] LOG:  database system is shut down
2026-09-16T07:30:23.012674156Z  done
2026-09-16T07:30:23.012692862Z server stopped
2026-09-16T07:30:23.013486841Z 
2026-09-16T07:30:23.013490893Z PostgreSQL init process complete; ready for start up.
2026-09-16T07:30:23.013492046Z 
2026-09-16T07:30:23.030839913Z 2026-09-16 07:30:23.030 UTC [1] LOG:  starting PostgreSQL 18.3 on x86_64-pc-linux-musl, compiled by gcc (Alpine 15.2.0) 15.2.0, 64-bit
2026-09-16T07:30:23.030884240Z 2026-09-16 07:30:23.030 UTC [1] LOG:  listening on IPv4 address "0.0.0.0", port 5432
2026-09-16T07:30:23.030886436Z 2026-09-16 07:30:23.030 UTC [1] LOG:  listening on IPv6 address "::", port 5432
2026-09-16T07:30:23.034273409Z 2026-09-16 07:30:23.034 UTC [1] LOG:  listening on Unix socket "/var/run/postgresql/.s.PGSQL.5432"
2026-09-16T07:30:23.037930472Z 2026-09-16 07:30:23.037 UTC [66] LOG:  database system was shut down at 2026-09-16 07:30:22 UTC
2026-09-16T07:30:23.041966267Z 2026-09-16 07:30:23.041 UTC [1] LOG:  database system is ready to accept connections
2026-09-16T07:35:23.104692815Z 2026-09-16 07:35:23.104 UTC [64] LOG:  checkpoint starting: time
2026-09-16T07:38:53.562213123Z 2026-09-16 07:38:53.562 UTC [64] LOG:  checkpoint complete: wrote 5934 buffers (36.2%), wrote 7 SLRU buffers; 1 WAL file(s) added, 5 removed, 0 recycled; write=210.327 s, sync=0.086 s, total=210.458 s; sync files=98, longest=0.026 s, average=0.001 s; distance=75747 kB, estimate=75747 kB; lsn=0/23D15840, redo lsn=0/6158360
2026-09-16T07:39:08.548279884Z 2026-09-16 07:39:08.548 UTC [64] LOG:  checkpoint starting: wal
2026-09-16T07:40:43.995475393Z 2026-09-16 07:40:43.995 UTC [64] LOG:  checkpoint complete: wrote 7495 buffers (45.7%), wrote 5 SLRU buffers; 0 WAL file(s) added, 0 removed, 33 recycled; write=95.087 s, sync=0.072 s, total=95.448 s; sync files=16, longest=0.051 s, average=0.005 s; distance=539310 kB, estimate=539310 kB; lsn=0/44B98638, redo lsn=0/27003C08
2026-09-16T07:40:58.976864494Z 2026-09-16 07:40:58.976 UTC [64] LOG:  checkpoint starting: wal
2026-09-16T07:42:23.835161498Z 2026-09-16 07:42:23.835 UTC [64] LOG:  checkpoint complete: wrote 6425 buffers (39.2%), wrote 6 SLRU buffers; 0 WAL file(s) added, 0 removed, 33 recycled; write=84.643 s, sync=0.104 s, total=84.859 s; sync files=14, longest=0.091 s, average=0.008 s; distance=540675 kB, estimate=540675 kB; lsn=0/65B79368, redo lsn=0/48004938
2026-09-16T07:42:39.073564768Z 2026-09-16 07:42:39.073 UTC [64] LOG:  checkpoint starting: wal
2026-09-16T07:43:40.192673464Z 2026-09-16 07:43:40.192 UTC [64] LOG:  checkpoint complete: wrote 6109 buffers (37.3%), wrote 4 SLRU buffers; 0 WAL file(s) added, 0 removed, 33 recycled; write=60.867 s, sync=0.114 s, total=61.120 s; sync files=15, longest=0.086 s, average=0.008 s; distance=540705 kB, estimate=540705 kB; lsn=0/86C00270, redo lsn=0/6900D128
2026-09-16T07:43:54.184428307Z 2026-09-16 07:43:54.184 UTC [64] LOG:  checkpoint starting: wal
2026-09-16T07:44:32.511610349Z 2026-09-16 07:44:32.511 UTC [64] LOG:  checkpoint complete: wrote 7290 buffers (44.5%), wrote 5 SLRU buffers; 0 WAL file(s) added, 0 removed, 33 recycled; write=38.176 s, sync=0.056 s, total=38.328 s; sync files=15, longest=0.042 s, average=0.004 s; distance=540654 kB, estimate=540700 kB; lsn=0/A7B71580, redo lsn=0/8A008C50
2026-09-16T07:44:47.556104423Z 2026-09-16 07:44:47.556 UTC [64] LOG:  checkpoint starting: wal
