time=2026-09-16T15:16:50.770+05:30 level=INFO msg="run starting" workload=transfer profile=local-32gb normalized=false out_dir=results/drunix/20260916-151650
time=2026-09-16T15:16:50.770+05:30 level=WARN msg=caveat text="drunix write values are JSON-wrapped client-side to survive a YugabyteDB statedb bug (non-JSON values panic the Committing Peer); the on-wire payload format differs from the shared kv workload on other platforms for this run"
time=2026-09-16T15:16:50.770+05:30 level=INFO msg="adapter setup"
time=2026-09-16T15:16:50.770+05:30 level=DEBUG msg="gateway connection configured" component=adapter endpoint=localhost:7051 tls_server_name=peer0.org1.example.com msp_id=Org1MSP channel=mychannel chaincode=kvstore
time=2026-09-16T15:16:50.802+05:30 level=DEBUG msg="block event stream open" component=adapter stream=filtered-block-events endpoint=localhost:7061 channel=mychannel
time=2026-09-16T15:16:50.839+05:30 level=INFO msg="setup complete" component=adapter gateway=localhost:7051 finality_from=localhost:7061
time=2026-09-16T15:16:50.839+05:30 level=INFO msg="phase start" phase=probe offered_tps=10 workers=0 duration=30s
time=2026-09-16T15:17:22.893+05:30 level=DEBUG msg="phase shorter than warmup+cooldown; measuring whole phase" phase=probe
time=2026-09-16T15:17:22.895+05:30 level=INFO msg="phase end" phase=probe submitted=300 committed=300 confirmed_tps=10.0 fail_rate=0.0000 e2e_p99_ms=2615.30
time=2026-09-16T15:17:22.895+05:30 level=INFO msg="phase start" phase=sweep-100 offered_tps=100 workers=0 duration=1m0s
time=2026-09-16T15:18:24.940+05:30 level=INFO msg="phase end" phase=sweep-100 submitted=1500 committed=1494 confirmed_tps=99.6 fail_rate=0.0040 e2e_p99_ms=2877.44
time=2026-09-16T15:18:24.940+05:30 level=WARN msg="phase errors" phase=sweep-100 count=6 message="committed invalid: MVCC_READ_CONFLICT"
time=2026-09-16T15:18:24.940+05:30 level=INFO msg="phase start" phase=sweep-250 offered_tps=250 workers=0 duration=1m0s
time=2026-09-16T15:19:32.515+05:30 level=INFO msg="phase end" phase=sweep-250 submitted=3750 committed=3631 confirmed_tps=242.1 fail_rate=0.0317 e2e_p99_ms=8970.24
time=2026-09-16T15:19:32.515+05:30 level=WARN msg="phase errors" phase=sweep-250 count=101 message="committed invalid: MVCC_READ_CONFLICT"
time=2026-09-16T15:19:32.515+05:30 level=WARN msg="phase errors" phase=sweep-250 count=18 message="endorse Transfer: rpc error: code = Aborted desc = failed to collect enough transaction endorsements, see attached details for more info\nDetails:\n  - Address: peer0.org2.example.com:9051\n    MspId: Org2MSP\n    Message: ProposalResponsePayloads do not match"
time=2026-09-16T15:19:32.515+05:30 level=INFO msg="phase start" phase=sweep-500 offered_tps=500 workers=0 duration=1m0s
time=2026-09-16T15:20:47.829+05:30 level=INFO msg="phase end" phase=sweep-500 submitted=7500 committed=3136 confirmed_tps=209.1 fail_rate=0.5819 e2e_p99_ms=17743.87
time=2026-09-16T15:20:47.829+05:30 level=WARN msg="phase errors" phase=sweep-500 count=4106 message="not sent: N transactions already in flight (platform is not finalizing)"
time=2026-09-16T15:20:47.829+05:30 level=WARN msg="phase errors" phase=sweep-500 count=258 message="committed invalid: MVCC_READ_CONFLICT"
time=2026-09-16T15:20:47.829+05:30 level=INFO msg="phase start" phase=hold offered_tps=90 workers=0 duration=5m0s
time=2026-09-16T15:25:49.449+05:30 level=INFO msg="phase end" phase=hold submitted=22950 committed=22889 confirmed_tps=89.8 fail_rate=0.0027 e2e_p99_ms=2820.10
time=2026-09-16T15:25:49.449+05:30 level=WARN msg="phase errors" phase=hold count=61 message="committed invalid: MVCC_READ_CONFLICT"
time=2026-09-16T15:25:49.449+05:30 level=WARN msg=caveat text="sweep aborted early after 2 consecutive failed steps; 6 higher step(s) were never offered"
time=2026-09-16T15:25:49.455+05:30 level=WARN msg=caveat text="native metrics scrape of http://localhost:9444/metrics failed: scrape http://localhost:9444/metrics: parser panic: Invalid name validation scheme requested: unset (informational metrics only; harness numbers unaffected)"
time=2026-09-16T15:25:49.458+05:30 level=INFO msg="run finished" out_dir=results/drunix/20260916-151650 caveats=3
