2026-09-16T03:43:03.989002411Z 1:1:C 16 Sep 2026 03:43:03.988 # oO0OoO0OoO0Oo KeyDB is starting oO0OoO0OoO0Oo
2026-09-16T03:43:03.989035045Z 1:1:C 16 Sep 2026 03:43:03.988 # KeyDB version=6.3.4, bits=64, commit=7e7e5e57, modified=1, pid=1, just started
2026-09-16T03:43:03.989037135Z 1:1:C 16 Sep 2026 03:43:03.988 # Configuration loaded
2026-09-16T03:43:03.990058450Z 1:1:M 16 Sep 2026 03:43:03.990 * Increased maximum number of open files to 10032 (it was originally set to 1024).
2026-09-16T03:43:03.990060742Z 1:1:M 16 Sep 2026 03:43:03.990 * monotonic clock: POSIX clock_gettime
2026-09-16T03:43:04.510939156Z                                                                       
2026-09-16T03:43:04.510957005Z                   _                                                   
2026-09-16T03:43:04.510958369Z                _-(+)-_                                                
2026-09-16T03:43:04.510959241Z             _-- /   \ --_                                            
2026-09-16T03:43:04.510960015Z          _--   /     \   --_            KeyDB  6.3.4 (7e7e5e57/1) 64 bit     
2026-09-16T03:43:04.510960623Z      __--     /       \     --__                                     
2026-09-16T03:43:04.510961292Z     (+) _    /         \    _ (+)       Running in standalone mode
2026-09-16T03:43:04.510961871Z      |   -- /           \ --   |        Port: 6379
2026-09-16T03:43:04.510962547Z      |     /--_   _   _--\     |        PID: 1
2026-09-16T03:43:04.510963235Z      |    /     -(+)-     \    |                                     
2026-09-16T03:43:04.510963834Z      |   /        |        \   |        https://docs.keydb.dev       
2026-09-16T03:43:04.510964393Z      |  /         |         \  |                                     
2026-09-16T03:43:04.510965021Z      | /          |          \ |                                     
2026-09-16T03:43:04.510965576Z     (+)_ -- -- -- | -- -- -- _(+)                                     
2026-09-16T03:43:04.510966128Z         --_       |       _--                                         
2026-09-16T03:43:04.510967867Z             --_   |   _--                                             
2026-09-16T03:43:04.510968498Z                 -(+)-        KeyDB has now joined Snap! See the announcement at:  https://docs.keydb.dev/news
2026-09-16T03:43:04.510969080Z 
2026-09-16T03:43:04.510969768Z                                                                      
2026-09-16T03:43:04.510970347Z 1:1:M 16 Sep 2026 03:43:04.510 # Server initialized
2026-09-16T03:43:04.511684959Z 1:25:M 16 Sep 2026 03:43:04.511 * Thread 0 alive.
2026-09-16T03:43:04.511691029Z 1:26:M 16 Sep 2026 03:43:04.511 * Thread 1 alive.
