2026-09-16T03:43:03.989010741Z 1:1:C 16 Sep 2026 03:43:03.988 # oO0OoO0OoO0Oo KeyDB is starting oO0OoO0OoO0Oo
2026-09-16T03:43:03.989034867Z 1:1:C 16 Sep 2026 03:43:03.988 # KeyDB version=6.3.4, bits=64, commit=7e7e5e57, modified=1, pid=1, just started
2026-09-16T03:43:03.989036334Z 1:1:C 16 Sep 2026 03:43:03.988 # Configuration loaded
2026-09-16T03:43:03.990044388Z 1:1:M 16 Sep 2026 03:43:03.989 * Increased maximum number of open files to 10032 (it was originally set to 1024).
2026-09-16T03:43:03.990052753Z 1:1:M 16 Sep 2026 03:43:03.989 * monotonic clock: POSIX clock_gettime
2026-09-16T03:43:04.517331891Z                                                                       
2026-09-16T03:43:04.517344308Z                   _                                                   
2026-09-16T03:43:04.517345761Z                _-(+)-_                                                
2026-09-16T03:43:04.517346775Z             _-- /   \ --_                                            
2026-09-16T03:43:04.517347732Z          _--   /     \   --_            KeyDB  6.3.4 (7e7e5e57/1) 64 bit     
2026-09-16T03:43:04.517348476Z      __--     /       \     --__                                     
2026-09-16T03:43:04.517349174Z     (+) _    /         \    _ (+)       Running in standalone mode
2026-09-16T03:43:04.517349785Z      |   -- /           \ --   |        Port: 6379
2026-09-16T03:43:04.517350369Z      |     /--_   _   _--\     |        PID: 1
2026-09-16T03:43:04.517350967Z      |    /     -(+)-     \    |                                     
2026-09-16T03:43:04.517351557Z      |   /        |        \   |        https://docs.keydb.dev       
2026-09-16T03:43:04.517352156Z      |  /         |         \  |                                     
2026-09-16T03:43:04.517352724Z      | /          |          \ |                                     
2026-09-16T03:43:04.517353276Z     (+)_ -- -- -- | -- -- -- _(+)                                     
2026-09-16T03:43:04.517353813Z         --_       |       _--                                         
2026-09-16T03:43:04.517354352Z             --_   |   _--                                             
2026-09-16T03:43:04.517354924Z                 -(+)-        KeyDB has now joined Snap! See the announcement at:  https://docs.keydb.dev/news
2026-09-16T03:43:04.517355521Z 
2026-09-16T03:43:04.517356167Z                                                                      
2026-09-16T03:43:04.517356724Z 1:1:M 16 Sep 2026 03:43:04.517 # Server initialized
2026-09-16T03:43:04.518023840Z 1:25:M 16 Sep 2026 03:43:04.517 * Thread 0 alive.
2026-09-16T03:43:04.518033349Z 1:26:M 16 Sep 2026 03:43:04.517 * Thread 1 alive.
