time=2026-09-16T15:02:18.807+05:30 level=INFO msg="run starting" workload=kv-write profile=local-32gb normalized=false out_dir=results/fabric-bft/20260916-150218
time=2026-09-16T15:02:18.807+05:30 level=INFO msg="adapter setup"
time=2026-09-16T15:02:18.807+05:30 level=DEBUG msg="gateway connection configured" component=adapter endpoint=localhost:7051 tls_server_name=peer0.org1.example.com msp_id=Org1MSP channel=mychannel chaincode=kvstore
time=2026-09-16T15:02:18.840+05:30 level=DEBUG msg="block event stream open" component=adapter stream=filtered-block-events endpoint=localhost:7051 channel=mychannel
time=2026-09-16T15:02:18.842+05:30 level=INFO msg="setup complete" component=adapter gateway=localhost:7051 finality_from=localhost:7051
time=2026-09-16T15:02:18.842+05:30 level=INFO msg="phase start" phase=probe offered_tps=10 workers=0 duration=30s
time=2026-09-16T15:02:49.744+05:30 level=DEBUG msg="phase shorter than warmup+cooldown; measuring whole phase" phase=probe
time=2026-09-16T15:02:49.746+05:30 level=INFO msg="phase end" phase=probe submitted=300 committed=300 confirmed_tps=10.0 fail_rate=0.0000 e2e_p99_ms=1040.90
time=2026-09-16T15:02:49.746+05:30 level=INFO msg="phase start" phase=sweep-100 offered_tps=100 workers=0 duration=1m0s
time=2026-09-16T15:03:49.920+05:30 level=INFO msg="phase end" phase=sweep-100 submitted=1500 committed=1500 confirmed_tps=100.0 fail_rate=0.0000 e2e_p99_ms=1063.94
time=2026-09-16T15:03:49.920+05:30 level=INFO msg="phase start" phase=sweep-250 offered_tps=250 workers=0 duration=1m0s
time=2026-09-16T15:04:50.969+05:30 level=INFO msg="phase end" phase=sweep-250 submitted=3750 committed=3750 confirmed_tps=250.0 fail_rate=0.0000 e2e_p99_ms=1081.34
time=2026-09-16T15:04:50.969+05:30 level=INFO msg="phase start" phase=sweep-500 offered_tps=500 workers=0 duration=1m0s
time=2026-09-16T15:05:52.033+05:30 level=INFO msg="phase end" phase=sweep-500 submitted=7500 committed=7500 confirmed_tps=500.0 fail_rate=0.0000 e2e_p99_ms=593.92
time=2026-09-16T15:05:52.033+05:30 level=INFO msg="phase start" phase=sweep-1000 offered_tps=1000 workers=0 duration=1m0s
time=2026-09-16T15:06:53.137+05:30 level=INFO msg="phase end" phase=sweep-1000 submitted=15000 committed=15000 confirmed_tps=1000.0 fail_rate=0.0000 e2e_p99_ms=352.77
time=2026-09-16T15:06:53.138+05:30 level=INFO msg="phase start" phase=sweep-2000 offered_tps=2000 workers=0 duration=1m0s
time=2026-09-16T15:07:56.550+05:30 level=INFO msg="phase end" phase=sweep-2000 submitted=30000 committed=27620 confirmed_tps=1841.3 fail_rate=0.0793 e2e_p99_ms=8855.55
time=2026-09-16T15:07:56.550+05:30 level=WARN msg="phase errors" phase=sweep-2000 count=2380 message="not sent: N transactions already in flight (platform is not finalizing)"
time=2026-09-16T15:07:56.550+05:30 level=INFO msg="phase start" phase=sweep-3500 offered_tps=3500 workers=0 duration=1m0s
time=2026-09-16T15:09:03.206+05:30 level=INFO msg="phase end" phase=sweep-3500 submitted=52500 committed=19161 confirmed_tps=1277.4 fail_rate=0.6350 e2e_p99_ms=19972.10
time=2026-09-16T15:09:03.206+05:30 level=WARN msg="phase errors" phase=sweep-3500 count=33068 message="not sent: N transactions already in flight (platform is not finalizing)"
time=2026-09-16T15:09:03.206+05:30 level=WARN msg="phase errors" phase=sweep-3500 count=271 message="submit to orderer: rpc error: code = Unavailable desc = insufficient number of orderers could successfully process transaction to satisfy quorum requirement\nDetails:\n  - Address: orderer4.example.com:7058\n    MspId: OrdererMSP\n    Message: received unsuccessful response from orderer: status=SERVICE_UNAVAILABLE, info=failed to submit request: request already processed\n  - Address: orderer.example.com:7050\n    MspId: OrdererMSP\n    Message: received unsuccessful response from orderer: status=SERVICE_UNAVAILABLE, info=failed to submit request: request already processed"
time=2026-09-16T15:09:03.206+05:30 level=INFO msg="phase start" phase=hold offered_tps=900 workers=0 duration=5m0s
time=2026-09-16T15:14:04.607+05:30 level=INFO msg="phase end" phase=hold submitted=229500 committed=229500 confirmed_tps=900.0 fail_rate=0.0000 e2e_p99_ms=414.72
time=2026-09-16T15:14:04.607+05:30 level=WARN msg=caveat text="sweep aborted early after 2 consecutive failed steps; 3 higher step(s) were never offered"
time=2026-09-16T15:14:04.680+05:30 level=WARN msg=caveat text="native metrics scrape of http://localhost:9443/metrics failed: scrape http://localhost:9443/metrics: parser panic: Invalid name validation scheme requested: unset (informational metrics only; harness numbers unaffected)"
time=2026-09-16T15:14:04.683+05:30 level=INFO msg="run finished" out_dir=results/fabric-bft/20260916-150218 caveats=2
