time=2026-09-16T09:15:21.115+05:30 level=INFO msg="run starting" platform=drunix run=quick-smoke workload=kv-write profile=local normalized=true out_dir=results/drunix/20260916-091521
time=2026-09-16T09:15:21.115+05:30 level=WARN msg=caveat platform=drunix run=quick-smoke text="drunix ran on YugabyteDB (its shipped test-network default); LevelDB parity is unavailable, so the state-DB variable is NOT held constant vs fabric-cft for this run"
time=2026-09-16T09:15:21.115+05:30 level=WARN msg=caveat platform=drunix run=quick-smoke text="drunix write values are JSON-wrapped client-side to survive a YugabyteDB statedb bug (non-JSON values panic the Committing Peer); the on-wire payload format differs from the shared kv workload on other platforms for this run"
time=2026-09-16T09:15:21.115+05:30 level=WARN msg=caveat platform=drunix run=quick-smoke text="state-db parity not held: run requested leveldb, platform actually ran yugabyte"
time=2026-09-16T09:15:21.115+05:30 level=INFO msg="adapter setup" platform=drunix run=quick-smoke
[34m2026-09-16 09:15:21.115 IST 0001 INFO[0m [grpc] [34;1mInfof[0m -> [core] original dial target is: "localhost:7051"
[34m2026-09-16 09:15:21.115 IST 0002 INFO[0m [grpc] [34;1mAddTraceEvent[0m -> [core] [Channel #1] Channel created for target "localhost:7051"
[34m2026-09-16 09:15:21.115 IST 0003 INFO[0m [grpc] [34;1mAddTraceEvent[0m -> [core] [Channel #1] parsed dial target is: resolver.Target{URL:url.URL{Scheme:"dns", Opaque:"", User:(*url.Userinfo)(nil), Host:"", Path:"/localhost:7051", Fragment:"", RawQuery:"", RawPath:"", RawFragment:"", ForceQuery:false, OmitHost:false}}
[34m2026-09-16 09:15:21.115 IST 0004 INFO[0m [grpc] [34;1mAddTraceEvent[0m -> [core] [Channel #1] Channel authority set to "peer0.org1.example.com"
[34m2026-09-16 09:15:21.115 IST 0005 INFO[0m [grpc] [34;1mInfof[0m -> [core] original dial target is: "localhost:7061"
[34m2026-09-16 09:15:21.115 IST 0006 INFO[0m [grpc] [34;1mAddTraceEvent[0m -> [core] [Channel #2] Channel created for target "localhost:7061"
[34m2026-09-16 09:15:21.115 IST 0007 INFO[0m [grpc] [34;1mAddTraceEvent[0m -> [core] [Channel #2] parsed dial target is: resolver.Target{URL:url.URL{Scheme:"dns", Opaque:"", User:(*url.Userinfo)(nil), Host:"", Path:"/localhost:7061", Fragment:"", RawQuery:"", RawPath:"", RawFragment:"", ForceQuery:false, OmitHost:false}}
[34m2026-09-16 09:15:21.115 IST 0008 INFO[0m [grpc] [34;1mAddTraceEvent[0m -> [core] [Channel #2] Channel authority set to "peer1.org1.example.com"
[34m2026-09-16 09:15:21.116 IST 0009 INFO[0m [grpc] [34;1mAddTraceEvent[0m -> [core] [Channel #2] Channel Connectivity change to CONNECTING
[34m2026-09-16 09:15:21.116 IST 000a INFO[0m [grpc] [34;1mAddTraceEvent[0m -> [core] [Channel #2] Channel exiting idle mode
[34m2026-09-16 09:15:21.143 IST 000b INFO[0m [grpc] [34;1mAddTraceEvent[0m -> [core] [Channel #2] Resolver state updated: {
  "Addresses": [
    {
      "Addr": "127.0.0.1:7061",
      "ServerName": "",
      "Attributes": null,
      "BalancerAttributes": null,
      "Metadata": null
    }
  ],
  "Endpoints": [
    {
      "Addresses": [
        {
          "Addr": "127.0.0.1:7061",
          "ServerName": "",
          "Attributes": null,
          "BalancerAttributes": null,
          "Metadata": null
        }
      ],
      "Attributes": null
    }
  ],
  "ServiceConfig": null,
  "Attributes": null
} (resolver returned new addresses)
[34m2026-09-16 09:15:21.143 IST 000c INFO[0m [grpc] [34;1mAddTraceEvent[0m -> [core] [Channel #2] Channel switches to new LB policy "pick_first"
[34m2026-09-16 09:15:21.144 IST 000d INFO[0m [grpc] [34;1mInfof[0m -> [pick-first-leaf-lb] [pick-first-leaf-lb 0x26a83b7ed170] Received new config {
  "shuffleAddressList": false
}, resolver state {
  "Addresses": [
    {
      "Addr": "127.0.0.1:7061",
      "ServerName": "",
      "Attributes": null,
      "BalancerAttributes": null,
      "Metadata": null
    }
  ],
  "Endpoints": [
    {
      "Addresses": [
        {
          "Addr": "127.0.0.1:7061",
          "ServerName": "",
          "Attributes": null,
          "BalancerAttributes": null,
          "Metadata": null
        }
      ],
      "Attributes": null
    }
  ],
  "ServiceConfig": null,
  "Attributes": null
}
[34m2026-09-16 09:15:21.144 IST 000e INFO[0m [grpc] [34;1mAddTraceEvent[0m -> [core] [Channel #2 SubChannel #3] Subchannel created
[34m2026-09-16 09:15:21.144 IST 000f INFO[0m [grpc] [34;1mAddTraceEvent[0m -> [core] [Channel #2 SubChannel #3] Subchannel Connectivity change to CONNECTING
[34m2026-09-16 09:15:21.144 IST 0010 INFO[0m [grpc] [34;1mAddTraceEvent[0m -> [core] [Channel #2 SubChannel #3] Subchannel picks a new address "127.0.0.1:7061" to connect
[34m2026-09-16 09:15:21.146 IST 0011 INFO[0m [grpc] [34;1mAddTraceEvent[0m -> [core] [Channel #2 SubChannel #3] Subchannel Connectivity change to READY
[34m2026-09-16 09:15:21.146 IST 0012 INFO[0m [grpc] [34;1mInfof[0m -> [pick-first-leaf-lb] [pick-first-leaf-lb 0x26a83b7ed170] SubConn 0x26a83b7abe00 reported connectivity state READY and the health listener is disabled. Transitioning SubConn to READY.
[34m2026-09-16 09:15:21.146 IST 0013 INFO[0m [grpc] [34;1mAddTraceEvent[0m -> [core] [Channel #2] Channel Connectivity change to READY
[34m2026-09-16 09:15:21.147 IST 0014 INFO[0m [grpc] [34;1mAddTraceEvent[0m -> [core] [Channel #1] Channel Connectivity change to CONNECTING
[34m2026-09-16 09:15:21.147 IST 0015 INFO[0m [grpc] [34;1mAddTraceEvent[0m -> [core] [Channel #1] Channel exiting idle mode
[34m2026-09-16 09:15:21.174 IST 0016 INFO[0m [grpc] [34;1mAddTraceEvent[0m -> [core] [Channel #1] Resolver state updated: {
  "Addresses": [
    {
      "Addr": "127.0.0.1:7051",
      "ServerName": "",
      "Attributes": null,
      "BalancerAttributes": null,
      "Metadata": null
    }
  ],
  "Endpoints": [
    {
      "Addresses": [
        {
          "Addr": "127.0.0.1:7051",
          "ServerName": "",
          "Attributes": null,
          "BalancerAttributes": null,
          "Metadata": null
        }
      ],
      "Attributes": null
    }
  ],
  "ServiceConfig": null,
  "Attributes": null
} (resolver returned new addresses)
[34m2026-09-16 09:15:21.174 IST 0017 INFO[0m [grpc] [34;1mAddTraceEvent[0m -> [core] [Channel #1] Channel switches to new LB policy "pick_first"
[34m2026-09-16 09:15:21.174 IST 0018 INFO[0m [grpc] [34;1mInfof[0m -> [pick-first-leaf-lb] [pick-first-leaf-lb 0x26a83b8465a0] Received new config {
  "shuffleAddressList": false
}, resolver state {
  "Addresses": [
    {
      "Addr": "127.0.0.1:7051",
      "ServerName": "",
      "Attributes": null,
      "BalancerAttributes": null,
      "Metadata": null
    }
  ],
  "Endpoints": [
    {
      "Addresses": [
        {
          "Addr": "127.0.0.1:7051",
          "ServerName": "",
          "Attributes": null,
          "BalancerAttributes": null,
          "Metadata": null
        }
      ],
      "Attributes": null
    }
  ],
  "ServiceConfig": null,
  "Attributes": null
}
[34m2026-09-16 09:15:21.174 IST 0019 INFO[0m [grpc] [34;1mAddTraceEvent[0m -> [core] [Channel #1 SubChannel #5] Subchannel created
[34m2026-09-16 09:15:21.174 IST 001a INFO[0m [grpc] [34;1mAddTraceEvent[0m -> [core] [Channel #1 SubChannel #5] Subchannel Connectivity change to CONNECTING
[34m2026-09-16 09:15:21.174 IST 001b INFO[0m [grpc] [34;1mAddTraceEvent[0m -> [core] [Channel #1 SubChannel #5] Subchannel picks a new address "127.0.0.1:7051" to connect
[34m2026-09-16 09:15:21.176 IST 001c INFO[0m [grpc] [34;1mAddTraceEvent[0m -> [core] [Channel #1 SubChannel #5] Subchannel Connectivity change to READY
[34m2026-09-16 09:15:21.176 IST 001d INFO[0m [grpc] [34;1mInfof[0m -> [pick-first-leaf-lb] [pick-first-leaf-lb 0x26a83b8465a0] SubConn 0x26a83b845360 reported connectivity state READY and the health listener is disabled. Transitioning SubConn to READY.
[34m2026-09-16 09:15:21.176 IST 001e INFO[0m [grpc] [34;1mAddTraceEvent[0m -> [core] [Channel #1] Channel Connectivity change to READY
time=2026-09-16T09:15:21.181+05:30 level=INFO msg="setup complete" platform=drunix run=quick-smoke component=adapter gateway=localhost:7051 finality_from=localhost:7061
time=2026-09-16T09:15:21.181+05:30 level=INFO msg="phase start" platform=drunix run=quick-smoke phase=single offered_tps=50 workers=0 duration=30s
time=2026-09-16T09:15:51.755+05:30 level=INFO msg="phase end" platform=drunix run=quick-smoke phase=single submitted=1100 committed=1100 confirmed_tps=50.0 fail_rate=0.0000 e2e_p99_ms=2154.50
time=2026-09-16T09:15:51.758+05:30 level=WARN msg=caveat platform=drunix run=quick-smoke text="native metrics scrape of http://localhost:9444/metrics failed: scrape http://localhost:9444/metrics: parser panic: Invalid name validation scheme requested: unset (informational metrics only; harness numbers unaffected)"
time=2026-09-16T09:15:51.758+05:30 level=INFO msg="run finished" platform=drunix run=quick-smoke out_dir=results/drunix/20260916-091521 caveats=4
results written to results/drunix/20260916-091521
[34m2026-09-16 09:15:51.758 IST 001f INFO[0m [grpc] [34;1mAddTraceEvent[0m -> [core] [Channel #2] Channel Connectivity change to SHUTDOWN
[34m2026-09-16 09:15:51.758 IST 0020 INFO[0m [grpc] [34;1mAddTraceEvent[0m -> [core] [Channel #2] Closing the name resolver
[34m2026-09-16 09:15:51.758 IST 0021 INFO[0m [grpc] [34;1mAddTraceEvent[0m -> [core] [Channel #2] ccBalancerWrapper: closing
[34m2026-09-16 09:15:51.758 IST 0022 INFO[0m [grpc] [34;1mAddTraceEvent[0m -> [core] [Channel #2 SubChannel #3] Subchannel Connectivity change to SHUTDOWN
[34m2026-09-16 09:15:51.758 IST 0023 INFO[0m [grpc] [34;1mAddTraceEvent[0m -> [core] [Channel #2 SubChannel #3] Subchannel deleted
[34m2026-09-16 09:15:51.758 IST 0024 INFO[0m [grpc] [34;1mInfof[0m -> [transport] [client-transport 0x26a83b7f2248] Closing: rpc error: code = Canceled desc = grpc: the client connection is closing
[34m2026-09-16 09:15:51.758 IST 0025 INFO[0m [grpc] [34;1mInfof[0m -> [transport] [client-transport 0x26a83b7f2248] loopyWriter exiting with error: rpc error: code = Canceled desc = grpc: the client connection is closing
[34m2026-09-16 09:15:51.759 IST 0026 INFO[0m [grpc] [34;1mAddTraceEvent[0m -> [core] [Channel #2] Channel deleted
[34m2026-09-16 09:15:51.759 IST 0027 INFO[0m [grpc] [34;1mAddTraceEvent[0m -> [core] [Channel #1] Channel Connectivity change to SHUTDOWN
[34m2026-09-16 09:15:51.759 IST 0028 INFO[0m [grpc] [34;1mAddTraceEvent[0m -> [core] [Channel #1] Closing the name resolver
[34m2026-09-16 09:15:51.759 IST 0029 INFO[0m [grpc] [34;1mAddTraceEvent[0m -> [core] [Channel #1] ccBalancerWrapper: closing
[34m2026-09-16 09:15:51.759 IST 002a INFO[0m [grpc] [34;1mAddTraceEvent[0m -> [core] [Channel #1 SubChannel #5] Subchannel Connectivity change to SHUTDOWN
[34m2026-09-16 09:15:51.759 IST 002b INFO[0m [grpc] [34;1mAddTraceEvent[0m -> [core] [Channel #1 SubChannel #5] Subchannel deleted
[34m2026-09-16 09:15:51.759 IST 002c INFO[0m [grpc] [34;1mInfof[0m -> [transport] [client-transport 0x26a83b5ea008] Closing: rpc error: code = Canceled desc = grpc: the client connection is closing
[34m2026-09-16 09:15:51.759 IST 002d INFO[0m [grpc] [34;1mInfof[0m -> [transport] [client-transport 0x26a83b5ea008] loopyWriter exiting with error: rpc error: code = Canceled desc = grpc: the client connection is closing
[34m2026-09-16 09:15:51.759 IST 002e INFO[0m [grpc] [34;1mAddTraceEvent[0m -> [core] [Channel #1] Channel deleted
monitoring report: results/drunix/20260916-091521/monitoring-report.html
run book: results/index.html
