time=2026-09-16T17:09:49.927+05:30 level=INFO msg="run starting" workload=kv-mixed profile=local-32gb normalized=false out_dir=results/drunix/20260916-170949
time=2026-09-16T17:09:49.927+05:30 level=WARN msg=caveat text="drunix write values are JSON-wrapped client-side to survive a YugabyteDB statedb bug (non-JSON values panic the Committing Peer); the on-wire payload format differs from the shared kv workload on other platforms for this run"
time=2026-09-16T17:09:49.927+05:30 level=WARN msg=caveat text="kv-mixed native: Fabric/Drunix/Fabric-X reads are Evaluate/QueryService (not ordered); NeuChain reads are committed transactions. Headline TPS blends two paths."
time=2026-09-16T17:09:49.927+05:30 level=INFO msg="adapter setup"
time=2026-09-16T17:09:49.928+05:30 level=DEBUG msg="gateway connection configured" component=adapter endpoint=localhost:7051 tls_server_name=peer0.org1.example.com msp_id=Org1MSP channel=mychannel chaincode=kvstore
time=2026-09-16T17:09:49.962+05:30 level=DEBUG msg="block event stream open" component=adapter stream=filtered-block-events endpoint=localhost:7061 channel=mychannel
time=2026-09-16T17:09:49.999+05:30 level=INFO msg="setup complete" component=adapter gateway=localhost:7051 finality_from=localhost:7061
time=2026-09-16T17:09:50.000+05:30 level=INFO msg="phase start" phase=probe offered_tps=10 workers=0 duration=30s
time=2026-09-16T17:10:20.238+05:30 level=DEBUG msg="phase shorter than warmup+cooldown; measuring whole phase" phase=probe
time=2026-09-16T17:10:20.241+05:30 level=INFO msg="phase end" phase=probe submitted=300 committed=300 confirmed_tps=10.0 fail_rate=0.0000 e2e_p99_ms=2043.90
time=2026-09-16T17:10:20.241+05:30 level=INFO msg="phase start" phase=sweep-100 offered_tps=100 workers=0 duration=1m0s
time=2026-09-16T17:11:20.967+05:30 level=INFO msg="phase end" phase=sweep-100 submitted=1500 committed=1500 confirmed_tps=100.0 fail_rate=0.0000 e2e_p99_ms=2140.16
time=2026-09-16T17:11:20.967+05:30 level=INFO msg="phase start" phase=sweep-250 offered_tps=250 workers=0 duration=1m0s
time=2026-09-16T17:12:21.918+05:30 level=INFO msg="phase end" phase=sweep-250 submitted=3750 committed=3750 confirmed_tps=250.0 fail_rate=0.0000 e2e_p99_ms=1849.34
time=2026-09-16T17:12:21.918+05:30 level=INFO msg="phase start" phase=sweep-500 offered_tps=500 workers=0 duration=1m0s
time=2026-09-16T17:13:23.895+05:30 level=INFO msg="phase end" phase=sweep-500 submitted=7500 committed=7500 confirmed_tps=500.0 fail_rate=0.0000 e2e_p99_ms=1119.23
time=2026-09-16T17:13:23.895+05:30 level=INFO msg="phase start" phase=sweep-1000 offered_tps=1000 workers=0 duration=1m0s
time=2026-09-16T17:14:25.871+05:30 level=INFO msg="phase end" phase=sweep-1000 submitted=15000 committed=15000 confirmed_tps=1000.0 fail_rate=0.0000 e2e_p99_ms=710.66
time=2026-09-16T17:14:25.871+05:30 level=INFO msg="phase start" phase=sweep-2000 offered_tps=2000 workers=0 duration=1m0s
time=2026-09-16T17:15:45.635+05:30 level=INFO msg="phase end" phase=sweep-2000 submitted=30000 committed=28445 confirmed_tps=1896.3 fail_rate=0.0518 e2e_p99_ms=22888.45
time=2026-09-16T17:15:45.635+05:30 level=WARN msg="phase errors" phase=sweep-2000 count=1555 message="not sent: N transactions already in flight (platform is not finalizing)"
time=2026-09-16T17:15:45.635+05:30 level=INFO msg="phase start" phase=sweep-3500 offered_tps=3500 workers=0 duration=1m0s
time=2026-09-16T17:16:45.990+05:30 level=INFO msg="phase end" phase=sweep-3500 submitted=52500 committed=0 confirmed_tps=0.0 fail_rate=1.0000 e2e_p99_ms=0.00
time=2026-09-16T17:16:45.990+05:30 level=WARN msg="phase errors" phase=sweep-3500 count=26543 message="evaluate Get: rpc error: code = Unavailable desc = connection error: desc = \"transport: Error while dialing: dial tcp 127.0.0.1:7051: connect: connection refused\""
time=2026-09-16T17:16:45.990+05:30 level=WARN msg="phase errors" phase=sweep-3500 count=25957 message="endorse Put: rpc error: code = Unavailable desc = connection error: desc = \"transport: Error while dialing: dial tcp 127.0.0.1:7051: connect: connection refused\""
time=2026-09-16T17:16:45.991+05:30 level=WARN msg=caveat text="platform container dev-peer0.org1.example.com-kvstore_1.0-e88284a33ff8806958375f99312782794164d62aac26fe22876f2c72fb6294d9 exited (after 17:15:57, status exited, exit code 2)"
time=2026-09-16T17:16:46.170+05:30 level=INFO msg="captured container log" container=dev-peer0.org1.example.com-kvstore_1.0-e88284a33ff8806958375f99312782794164d62aac26fe22876f2c72fb6294d9 path=results/drunix/20260916-170949/container-logs/dev-peer0.org1.example.com-kvstore_1.0-e88284a33ff8806958375f99312782794164d62aac26fe22876f2c72fb6294d9.log
time=2026-09-16T17:16:46.170+05:30 level=WARN msg=caveat text="platform container lp1.org1 exited (after 17:15:57, status exited, exit code 137)"
time=2026-09-16T17:16:46.324+05:30 level=INFO msg="captured container log" container=lp1.org1 path=results/drunix/20260916-170949/container-logs/lp1.org1.log
time=2026-09-16T17:16:46.324+05:30 level=WARN msg=caveat text="run stopped during sweep-3500 because a platform container failed; phases never run: sweep-5000, sweep-7500, sweep-10000, hold"
time=2026-09-16T17:16:46.356+05:30 level=WARN msg=caveat text="native metrics scrape of http://localhost:9444/metrics failed: Get \"http://localhost:9444/metrics\": dial tcp 127.0.0.1:9444: connect: connection refused (informational metrics only; harness numbers unaffected)"
time=2026-09-16T17:16:46.359+05:30 level=WARN msg="run has no headline: it did not complete a headline phase on a healthy platform; see caveats in summary.txt" dir=results/drunix/20260916-170949
time=2026-09-16T17:16:46.359+05:30 level=INFO msg="run finished" out_dir=results/drunix/20260916-170949 caveats=6
