[0;34mUsing docker and docker-compose[0m
[0;34mStopping network[0m
 Container peer0.org2.example.com Stopping 
 Container orderer2.example.com Stopping 
 Container orderer.example.com Stopping 
 Container orderer4.example.com Stopping 
 Container orderer3.example.com Stopping 
 Container peer0.org1.example.com Stopping 
 Container orderer2.example.com Stopped 
 Container orderer2.example.com Removing 
 Container orderer2.example.com Removed 
 Container orderer3.example.com Stopped 
 Container orderer3.example.com Removing 
 Container orderer3.example.com Removed 
 Container orderer.example.com Stopped 
 Container orderer.example.com Removing 
 Container orderer.example.com Removed 
 Container orderer4.example.com Stopped 
 Container orderer4.example.com Removing 
 Container orderer4.example.com Removed 
 Container peer0.org1.example.com Stopped 
 Container peer0.org1.example.com Removing 
 Container peer0.org1.example.com Removed 
 Container peer0.org2.example.com Stopped 
 Container peer0.org2.example.com Removing 
 Container peer0.org2.example.com Removed 
 Volume compose_peer0.org2.example.com Removing 
 Volume compose_orderer3.example.com Removing 
 Volume compose_orderer2.example.com Removing 
 Volume compose_peer0.org1.example.com Removing 
 Volume compose_orderer4.example.com Removing 
 Volume compose_orderer.example.com Removing 
 Network fabric_test Removing 
 Volume compose_peer0.org2.example.com Removed 
 Volume compose_orderer2.example.com Removed 
 Volume compose_orderer3.example.com Removed 
 Volume compose_orderer.example.com Removed 
 Volume compose_peer0.org1.example.com Removed 
 Volume compose_orderer4.example.com Removed 
 Network fabric_test Removed 
Error response from daemon: get docker_orderer.example.com: no such volume
Error response from daemon: get docker_peer0.org1.example.com: no such volume
Error response from daemon: get docker_peer0.org2.example.com: no such volume
[0;34mRemoving remaining containers[0m
[0;34mRemoving generated chaincode docker images[0m
Untagged: dev-peer0.org2.example.com-kvstore_1.0-2ea7b22cef577b6fa4ca655d0dab5283b6734bee9c35f654d050c69a24ed4de2-66df8d15e996db8c818a7789c9509cde750e8b55a524e463d93ae58586a76342:latest
Deleted: sha256:4fa54223ad7509f6dfd0fe883946ef681e768e126cf0d3ddc3052e439c7a3b3d
Untagged: dev-peer0.org1.example.com-kvstore_1.0-2ea7b22cef577b6fa4ca655d0dab5283b6734bee9c35f654d050c69a24ed4de2-f93e551618bbe1f07063118dfeb9edef05725d1badac579b530c38a96205d266:latest
Deleted: sha256:9c4fce692e6af973f94f4c65904b07b2d4fb2a889a050f4b1ab7c20e3f7aa8ab
[deploy 23:09:32] WARN: could not drop page cache (needs root); continuing
[deploy 23:09:32] fabric-bft down
