2026-09-16T09:44:34.065586078Z 1:1:C 16 Sep 2026 09:44:34.065 # oO0OoO0OoO0Oo KeyDB is starting oO0OoO0OoO0Oo
2026-09-16T09:44:34.065621186Z 1:1:C 16 Sep 2026 09:44:34.065 # KeyDB version=6.3.4, bits=64, commit=7e7e5e57, modified=1, pid=1, just started
2026-09-16T09:44:34.065623369Z 1:1:C 16 Sep 2026 09:44:34.065 # Configuration loaded
2026-09-16T09:44:34.066500065Z 1:1:M 16 Sep 2026 09:44:34.066 * Increased maximum number of open files to 10032 (it was originally set to 1024).
2026-09-16T09:44:34.066504570Z 1:1:M 16 Sep 2026 09:44:34.066 * monotonic clock: POSIX clock_gettime
2026-09-16T09:44:34.611174655Z                                                                       
2026-09-16T09:44:34.611205914Z                   _                                                   
2026-09-16T09:44:34.611207485Z                _-(+)-_                                                
2026-09-16T09:44:34.611208602Z             _-- /   \ --_                                            
2026-09-16T09:44:34.611209466Z          _--   /     \   --_            KeyDB  6.3.4 (7e7e5e57/1) 64 bit     
2026-09-16T09:44:34.611210180Z      __--     /       \     --__                                     
2026-09-16T09:44:34.611210853Z     (+) _    /         \    _ (+)       Running in standalone mode
2026-09-16T09:44:34.611211497Z      |   -- /           \ --   |        Port: 6379
2026-09-16T09:44:34.611212074Z      |     /--_   _   _--\     |        PID: 1
2026-09-16T09:44:34.611212662Z      |    /     -(+)-     \    |                                     
2026-09-16T09:44:34.611213247Z      |   /        |        \   |        https://docs.keydb.dev       
2026-09-16T09:44:34.611213863Z      |  /         |         \  |                                     
2026-09-16T09:44:34.611214426Z      | /          |          \ |                                     
2026-09-16T09:44:34.611214972Z     (+)_ -- -- -- | -- -- -- _(+)                                     
2026-09-16T09:44:34.611215498Z         --_       |       _--                                         
2026-09-16T09:44:34.611216035Z             --_   |   _--                                             
2026-09-16T09:44:34.611216587Z                 -(+)-        KeyDB has now joined Snap! See the announcement at:  https://docs.keydb.dev/news
2026-09-16T09:44:34.611217173Z 
2026-09-16T09:44:34.611217761Z                                                                      
2026-09-16T09:44:34.611218738Z 1:1:M 16 Sep 2026 09:44:34.611 # Server initialized
2026-09-16T09:44:34.611916296Z 1:25:M 16 Sep 2026 09:44:34.611 * Thread 0 alive.
2026-09-16T09:44:34.611926560Z 1:27:M 16 Sep 2026 09:44:34.611 * Thread 1 alive.
2026-09-16T09:49:35.018756337Z 1:25:M 16 Sep 2026 09:49:35.018 * 10 changes in 300 seconds. Saving...
2026-09-16T09:49:35.019498712Z 1:25:M 16 Sep 2026 09:49:35.019 * Background saving started by pid 29
2026-09-16T09:49:35.019508931Z 1:25:M 16 Sep 2026 09:49:35.019 * Background saving started
2026-09-16T09:49:35.023451223Z 29:25:C 16 Sep 2026 09:49:35.023 * DB saved on disk
2026-09-16T09:49:35.024194975Z 29:25:C 16 Sep 2026 09:49:35.024 * RDB: 0 MB of memory used by copy-on-write
2026-09-16T09:49:35.119954068Z 1:25:M 16 Sep 2026 09:49:35.119 * Background saving terminated with success
2026-09-16T09:54:36.017476805Z 1:25:M 16 Sep 2026 09:54:36.017 * 10 changes in 300 seconds. Saving...
2026-09-16T09:54:36.018289367Z 1:25:M 16 Sep 2026 09:54:36.018 * Background saving started by pid 30
2026-09-16T09:54:36.018296842Z 1:25:M 16 Sep 2026 09:54:36.018 * Background saving started
2026-09-16T09:54:36.020834938Z 30:25:C 16 Sep 2026 09:54:36.020 * DB saved on disk
2026-09-16T09:54:36.021327801Z 30:25:C 16 Sep 2026 09:54:36.021 * RDB: 0 MB of memory used by copy-on-write
2026-09-16T09:54:36.118711748Z 1:25:M 16 Sep 2026 09:54:36.118 * Background saving terminated with success
