2026-09-16T09:44:34.065584144Z 1:1:C 16 Sep 2026 09:44:34.065 # oO0OoO0OoO0Oo KeyDB is starting oO0OoO0OoO0Oo
2026-09-16T09:44:34.065610870Z 1:1:C 16 Sep 2026 09:44:34.065 # KeyDB version=6.3.4, bits=64, commit=7e7e5e57, modified=1, pid=1, just started
2026-09-16T09:44:34.065612797Z 1:1:C 16 Sep 2026 09:44:34.065 # Configuration loaded
2026-09-16T09:44:34.066482859Z 1:1:M 16 Sep 2026 09:44:34.066 * Increased maximum number of open files to 10032 (it was originally set to 1024).
2026-09-16T09:44:34.066491505Z 1:1:M 16 Sep 2026 09:44:34.066 * monotonic clock: POSIX clock_gettime
2026-09-16T09:44:34.615265184Z                                                                       
2026-09-16T09:44:34.615283052Z                   _                                                   
2026-09-16T09:44:34.615284548Z                _-(+)-_                                                
2026-09-16T09:44:34.615285599Z             _-- /   \ --_                                            
2026-09-16T09:44:34.615286408Z          _--   /     \   --_            KeyDB  6.3.4 (7e7e5e57/1) 64 bit     
2026-09-16T09:44:34.615287116Z      __--     /       \     --__                                     
2026-09-16T09:44:34.615287676Z     (+) _    /         \    _ (+)       Running in standalone mode
2026-09-16T09:44:34.615288258Z      |   -- /           \ --   |        Port: 6379
2026-09-16T09:44:34.615288830Z      |     /--_   _   _--\     |        PID: 1
2026-09-16T09:44:34.615289419Z      |    /     -(+)-     \    |                                     
2026-09-16T09:44:34.615290081Z      |   /        |        \   |        https://docs.keydb.dev       
2026-09-16T09:44:34.615290632Z      |  /         |         \  |                                     
2026-09-16T09:44:34.615291188Z      | /          |          \ |                                     
2026-09-16T09:44:34.615291735Z     (+)_ -- -- -- | -- -- -- _(+)                                     
2026-09-16T09:44:34.615292307Z         --_       |       _--                                         
2026-09-16T09:44:34.615292850Z             --_   |   _--                                             
2026-09-16T09:44:34.615293425Z                 -(+)-        KeyDB has now joined Snap! See the announcement at:  https://docs.keydb.dev/news
2026-09-16T09:44:34.615293987Z 
2026-09-16T09:44:34.615294530Z                                                                      
2026-09-16T09:44:34.615295117Z 1:1:M 16 Sep 2026 09:44:34.615 # Server initialized
2026-09-16T09:44:34.615834680Z 1:25:M 16 Sep 2026 09:44:34.615 * Thread 0 alive.
2026-09-16T09:44:34.615840772Z 1:26:M 16 Sep 2026 09:44:34.615 * Thread 1 alive.
2026-09-16T09:49:35.016643965Z 1:25:M 16 Sep 2026 09:49:35.016 * 10 changes in 300 seconds. Saving...
2026-09-16T09:49:35.017539135Z 1:25:M 16 Sep 2026 09:49:35.017 * Background saving started by pid 29
2026-09-16T09:49:35.017550622Z 1:25:M 16 Sep 2026 09:49:35.017 * Background saving started
2026-09-16T09:49:35.021784438Z 29:25:C 16 Sep 2026 09:49:35.021 * DB saved on disk
2026-09-16T09:49:35.022528143Z 29:25:C 16 Sep 2026 09:49:35.022 * RDB: 0 MB of memory used by copy-on-write
2026-09-16T09:49:35.118000454Z 1:25:M 16 Sep 2026 09:49:35.117 * Background saving terminated with success
2026-09-16T09:54:36.017616421Z 1:25:M 16 Sep 2026 09:54:36.017 * 10 changes in 300 seconds. Saving...
2026-09-16T09:54:36.018518996Z 1:25:M 16 Sep 2026 09:54:36.018 * Background saving started by pid 30
2026-09-16T09:54:36.018529618Z 1:25:M 16 Sep 2026 09:54:36.018 * Background saving started
2026-09-16T09:54:36.020845504Z 30:25:C 16 Sep 2026 09:54:36.020 * DB saved on disk
2026-09-16T09:54:36.021344801Z 30:25:C 16 Sep 2026 09:54:36.021 * RDB: 0 MB of memory used by copy-on-write
2026-09-16T09:54:36.118995793Z 1:25:M 16 Sep 2026 09:54:36.118 * Background saving terminated with success
