[0;34mUsing docker and docker-compose[0m
[0;34mStopping network[0m
 Container orderer.example.com Stopping 
 Container peer0.org1.example.com Stopping 
 Container peer0.org2.example.com Stopping 
 Container orderer.example.com Stopped 
 Container orderer.example.com Removing 
 Container orderer.example.com Removed 
 Container peer0.org1.example.com Stopped 
 Container peer0.org1.example.com Removing 
 Container peer0.org2.example.com Stopped 
 Container peer0.org2.example.com Removing 
 Container peer0.org1.example.com Removed 
 Container peer0.org2.example.com Removed 
 Volume compose_orderer.example.com Removing 
 Volume compose_peer0.org2.example.com Removing 
 Network fabric_test Removing 
 Volume compose_peer0.org1.example.com Removing 
 Volume compose_orderer.example.com Removed 
 Volume compose_peer0.org2.example.com Removed 
 Volume compose_peer0.org1.example.com Removed 
 Network fabric_test Removed 
Error response from daemon: get docker_orderer.example.com: no such volume
Error response from daemon: get docker_peer0.org1.example.com: no such volume
Error response from daemon: get docker_peer0.org2.example.com: no such volume
[0;34mRemoving remaining containers[0m
[0;34mRemoving generated chaincode docker images[0m
Untagged: dev-peer0.org2.example.com-kvstore_1.0-2ea7b22cef577b6fa4ca655d0dab5283b6734bee9c35f654d050c69a24ed4de2-66df8d15e996db8c818a7789c9509cde750e8b55a524e463d93ae58586a76342:latest
Deleted: sha256:4efc4f4342f5012f0ad7dacb3c183c0c034f73b33c6d4d0d0e4c42222896b1f7
Untagged: dev-peer0.org1.example.com-kvstore_1.0-2ea7b22cef577b6fa4ca655d0dab5283b6734bee9c35f654d050c69a24ed4de2-f93e551618bbe1f07063118dfeb9edef05725d1badac579b530c38a96205d266:latest
Deleted: sha256:c3adfa5596e00fcbb86a46fd4004f947ea6ba01ac65efee306196538e68b4e3e
[deploy 23:07:24] WARN: could not drop page cache (needs root); continuing
[deploy 23:07:24] fabric-cft down
