time=2026-09-16T17:17:28.047+05:30 level=INFO msg="run starting" workload=kv-mixed profile=local-32gb normalized=false out_dir=results/fabricx/20260916-171728
time=2026-09-16T17:17:28.047+05:30 level=WARN msg=caveat text="fabricx native run uses the gRPC path (adr-016); Token SDK Issue/Transfer/Redeem is not implemented (the old REST token configs were removed)"
time=2026-09-16T17:17:28.047+05:30 level=WARN msg=caveat text="kv-mixed native: Fabric/Drunix/Fabric-X reads are Evaluate/QueryService (not ordered); NeuChain reads are committed transactions. Headline TPS blends two paths."
time=2026-09-16T17:17:28.047+05:30 level=INFO msg="adapter setup"
time=2026-09-16T17:17:28.269+05:30 level=INFO msg="setup complete" component=adapter routers=localhost:6022,localhost:6122,localhost:6222,localhost:6322 deliver=localhost:4001 query=localhost:7001 channel=arma namespace=0 broadcast_streams=512
time=2026-09-16T17:17:28.269+05:30 level=INFO msg="phase start" phase=probe offered_tps=10 workers=0 duration=30s
time=2026-09-16T17:17:58.726+05:30 level=DEBUG msg="phase shorter than warmup+cooldown; measuring whole phase" phase=probe
time=2026-09-16T17:17:58.728+05:30 level=INFO msg="phase end" phase=probe submitted=300 committed=300 confirmed_tps=10.0 fail_rate=0.0000 e2e_p99_ms=932.86
time=2026-09-16T17:17:58.728+05:30 level=INFO msg="phase start" phase=sweep-100 offered_tps=100 workers=0 duration=1m0s
time=2026-09-16T17:18:59.229+05:30 level=INFO msg="phase end" phase=sweep-100 submitted=1500 committed=1500 confirmed_tps=100.0 fail_rate=0.0000 e2e_p99_ms=887.81
time=2026-09-16T17:18:59.229+05:30 level=INFO msg="phase start" phase=sweep-250 offered_tps=250 workers=0 duration=1m0s
time=2026-09-16T17:19:59.678+05:30 level=INFO msg="phase end" phase=sweep-250 submitted=3750 committed=3750 confirmed_tps=250.0 fail_rate=0.0000 e2e_p99_ms=786.43
time=2026-09-16T17:19:59.679+05:30 level=INFO msg="phase start" phase=sweep-500 offered_tps=500 workers=0 duration=1m0s
time=2026-09-16T17:21:00.602+05:30 level=INFO msg="phase end" phase=sweep-500 submitted=7500 committed=7500 confirmed_tps=500.0 fail_rate=0.0000 e2e_p99_ms=716.80
time=2026-09-16T17:21:00.602+05:30 level=INFO msg="phase start" phase=sweep-1000 offered_tps=1000 workers=0 duration=1m0s
time=2026-09-16T17:22:01.554+05:30 level=INFO msg="phase end" phase=sweep-1000 submitted=15000 committed=15000 confirmed_tps=1000.0 fail_rate=0.0000 e2e_p99_ms=988.16
time=2026-09-16T17:22:01.554+05:30 level=INFO msg="phase start" phase=sweep-2000 offered_tps=2000 workers=0 duration=1m0s
time=2026-09-16T17:23:02.606+05:30 level=INFO msg="phase end" phase=sweep-2000 submitted=30000 committed=30000 confirmed_tps=2000.0 fail_rate=0.0000 e2e_p99_ms=973.31
time=2026-09-16T17:23:02.606+05:30 level=INFO msg="phase start" phase=sweep-3500 offered_tps=3500 workers=0 duration=1m0s
time=2026-09-16T17:24:03.358+05:30 level=INFO msg="phase end" phase=sweep-3500 submitted=52500 committed=52500 confirmed_tps=3500.0 fail_rate=0.0000 e2e_p99_ms=769.54
time=2026-09-16T17:24:03.358+05:30 level=INFO msg="phase start" phase=sweep-5000 offered_tps=5000 workers=0 duration=1m0s
time=2026-09-16T17:25:04.173+05:30 level=INFO msg="phase end" phase=sweep-5000 submitted=75000 committed=75000 confirmed_tps=5000.0 fail_rate=0.0000 e2e_p99_ms=726.02
time=2026-09-16T17:25:04.173+05:30 level=INFO msg="phase start" phase=sweep-7500 offered_tps=7500 workers=0 duration=1m0s
time=2026-09-16T17:26:05.387+05:30 level=INFO msg="phase end" phase=sweep-7500 submitted=112499 committed=112499 confirmed_tps=7499.9 fail_rate=0.0000 e2e_p99_ms=670.21
time=2026-09-16T17:26:05.387+05:30 level=INFO msg="phase start" phase=sweep-10000 offered_tps=10000 workers=0 duration=1m0s
time=2026-09-16T17:27:07.114+05:30 level=INFO msg="phase end" phase=sweep-10000 submitted=150000 committed=150000 confirmed_tps=10000.0 fail_rate=0.0000 e2e_p99_ms=655.36
time=2026-09-16T17:27:07.114+05:30 level=INFO msg="phase start" phase=sweep-15000 offered_tps=15000 workers=0 duration=1m0s
time=2026-09-16T17:28:09.526+05:30 level=INFO msg="phase end" phase=sweep-15000 submitted=225000 committed=225000 confirmed_tps=15000.0 fail_rate=0.0000 e2e_p99_ms=728.06
time=2026-09-16T17:28:09.526+05:30 level=INFO msg="phase start" phase=hold offered_tps=13500 workers=0 duration=5m0s
time=2026-09-16T17:33:15.220+05:30 level=INFO msg="phase end" phase=hold submitted=3442499 committed=3442498 confirmed_tps=13500.0 fail_rate=0.0000 e2e_p99_ms=732.16
time=2026-09-16T17:33:15.220+05:30 level=WARN msg="phase errors" phase=hold count=1 message="fabricx: finality timeout: tx q-N-key-N not seen on the deliver stream from localhost:4001 within 1m0s"
time=2026-09-16T17:33:15.220+05:30 level=WARN msg=caveat text="every sweep step held: the platform did not saturate within the ladder, so 15000 TPS is a lower bound on its knee, not the knee"
time=2026-09-16T17:33:16.288+05:30 level=WARN msg=caveat text="native metrics scrape of http://localhost:9643/metrics failed: scrape http://localhost:9643/metrics: parser panic: Invalid name validation scheme requested: unset (informational metrics only; harness numbers unaffected)"
time=2026-09-16T17:33:16.290+05:30 level=INFO msg="run finished" out_dir=results/fabricx/20260916-171728 caveats=4
