[deploy 10:03:31] installing Fabric 2.5.16 binaries + config (had: 3.1.5)
curl: (22) The requested URL returned error: 416
curl: (22) The requested URL returned error: 416
curl: (22) The requested URL returned error: 416
curl: (22) The requested URL returned error: 416
curl: (22) The requested URL returned error: 416
curl: (22) The requested URL returned error: 416
[deploy 10:03:58] download hyperledger-fabric-linux-amd64-2.5.16.tar.gz already complete (127799186 bytes)
curl: (22) The requested URL returned error: 416
curl: (22) The requested URL returned error: 416
curl: (22) The requested URL returned error: 416
curl: (22) The requested URL returned error: 416
curl: (22) The requested URL returned error: 416
curl: (22) The requested URL returned error: 416
[deploy 10:04:34] download hyperledger-fabric-ca-linux-amd64-1.5.22.tar.gz already complete (34486705 bytes)
[deploy 10:04:36] pulling Fabric 2.5.16 docker images

Pull Hyperledger Fabric docker images

FABRIC_IMAGES: peer orderer ccenv tools baseos
===> Pulling fabric Images
====>  docker.io/hyperledger/fabric-peer:2.5.16
2.5.16: Pulling from hyperledger/fabric-peer
Digest: sha256:09ee75042de9983bfde31ca88a5bf033386351f10a990e4c48264ee50172dee0
Status: Image is up to date for hyperledger/fabric-peer:2.5.16
docker.io/hyperledger/fabric-peer:2.5.16
====>  docker.io/hyperledger/fabric-orderer:2.5.16
2.5.16: Pulling from hyperledger/fabric-orderer
Digest: sha256:e322c57331d37e0a35ffae3cb3d3265a0e852211c0f801f2514cc15b964ffc93
Status: Image is up to date for hyperledger/fabric-orderer:2.5.16
docker.io/hyperledger/fabric-orderer:2.5.16
====>  docker.io/hyperledger/fabric-ccenv:2.5.16
2.5.16: Pulling from hyperledger/fabric-ccenv
Digest: sha256:19ea2b3c144055807cac5ad1a0cd19f89753e930e06a4b6b261f12d7087ae3b4
Status: Image is up to date for hyperledger/fabric-ccenv:2.5.16
docker.io/hyperledger/fabric-ccenv:2.5.16
====>  docker.io/hyperledger/fabric-tools:2.5.16
2.5.16: Pulling from hyperledger/fabric-tools
Digest: sha256:1d163b2513453637c2eb8ffe00bfb367f6edb2fb824604818f30646f552c9f42
Status: Image is up to date for hyperledger/fabric-tools:2.5.16
docker.io/hyperledger/fabric-tools:2.5.16
====>  docker.io/hyperledger/fabric-baseos:2.5.16
2.5.16: Pulling from hyperledger/fabric-baseos
Digest: sha256:0087a600908f792a46c6850a1383b54b11e0bd451e9dcdbd1505dcf9e30a1511
Status: Image is up to date for hyperledger/fabric-baseos:2.5.16
docker.io/hyperledger/fabric-baseos:2.5.16
===> Pulling fabric ca Image
====>  docker.io/hyperledger/fabric-ca:1.5.22
1.5.22: Pulling from hyperledger/fabric-ca
Digest: sha256:a70b6ba64a08b4d856802fe1fa66af9f2e03a26a63ceaff0de7c852ca7178b72
Status: Downloaded newer image for hyperledger/fabric-ca:1.5.22
docker.io/hyperledger/fabric-ca:1.5.22
===> List out hyperledger images
ghcr.io/hyperledger/fabric-baseos:3.1.5    54b7bcccd7f3        131MB             0B        
ghcr.io/hyperledger/fabric-ca:1.5.22       a0051f997136        254MB             0B        
ghcr.io/hyperledger/fabric-ccenv:3.1.5     ca289c1e38d8        708MB             0B        
ghcr.io/hyperledger/fabric-orderer:3.1.5   e9cad3e8b116        120MB             0B        
ghcr.io/hyperledger/fabric-peer:3.1.5      b7c9985d9b3a        154MB             0B        
hyperledger/fabric-baseos:2.5              71fca91e6713        160MB             0B        
hyperledger/fabric-baseos:2.5.16           71fca91e6713        160MB             0B        
hyperledger/fabric-baseos:3.1              54b7bcccd7f3        131MB             0B        
hyperledger/fabric-baseos:3.1.5            54b7bcccd7f3        131MB             0B        
hyperledger/fabric-baseos:latest           71fca91e6713        160MB             0B        
hyperledger/fabric-ca:1.5                  4a0531d298a7        254MB             0B        
hyperledger/fabric-ca:1.5.22               4a0531d298a7        254MB             0B        
hyperledger/fabric-ca:latest               4a0531d298a7        254MB             0B        
hyperledger/fabric-ccenv:2.5               85e2ca8475b0        675MB             0B        
hyperledger/fabric-ccenv:2.5.16            85e2ca8475b0        675MB             0B        
hyperledger/fabric-ccenv:3.1               ca289c1e38d8        708MB             0B        
hyperledger/fabric-ccenv:3.1.5             ca289c1e38d8        708MB             0B        
hyperledger/fabric-ccenv:latest            85e2ca8475b0        675MB             0B        
hyperledger/fabric-orderer:2.5             80322dee2204        121MB             0B        
hyperledger/fabric-orderer:2.5.16          80322dee2204        121MB             0B        
hyperledger/fabric-orderer:3.1             e9cad3e8b116        120MB             0B        
hyperledger/fabric-orderer:3.1.5           e9cad3e8b116        120MB             0B        
hyperledger/fabric-orderer:latest          80322dee2204        121MB             0B        
hyperledger/fabric-peer:2.5                e382f4af4538        155MB             0B        
hyperledger/fabric-peer:2.5.16             e382f4af4538        155MB             0B        
hyperledger/fabric-peer:3.1                b7c9985d9b3a        154MB             0B        
hyperledger/fabric-peer:3.1.5              b7c9985d9b3a        154MB             0B        
hyperledger/fabric-peer:latest             e382f4af4538        155MB             0B        
hyperledger/fabric-tools:2.5               2993a30eff89        610MB             0B        
hyperledger/fabric-tools:2.5.16            2993a30eff89        610MB             0B        
hyperledger/fabric-tools:latest            2993a30eff89        610MB             0B        
[deploy 10:04:54] fabric images pinned to 2.5.16 (ca 1.5.22); peer and orderer verified
[deploy 10:04:55] pinning orderer batch in configtx.yaml: timeout=1s maxMsgCount=100 preferred=2 MB absolute=10 MB
[0;34mUsing docker and docker compose[0m
[0;34mStopping network[0m
Error response from daemon: get docker_orderer.example.com: no such volume
Error response from daemon: get docker_peer0.org1.example.com: no such volume
Error response from daemon: get docker_peer0.org2.example.com: no such volume
[0;34mRemoving remaining containers[0m
[0;34mRemoving generated chaincode docker images[0m
[deploy 10:04:59] WARN: could not drop page cache (needs root); continuing
[0;34mUsing docker and docker compose[0m
[0;34mCreating channel 'mychannel'.[0m
[0;34mIf network is not up, starting nodes with CLI timeout of '5' tries and CLI delay of '3' seconds and using database 'leveldb with crypto from 'cryptogen'[0m
[0;34mBringing up network[0m
[0;34mLOCAL_VERSION=v2.5.16[0m
[0;34mDOCKER_IMAGE_VERSION=v2.5.16[0m
/home/chad/Projects/bench/deploy/docker/.cache/fabric-samples/test-network/../bin/cryptogen
[0;34mGenerating certificates using cryptogen tool[0m
[0;34mCreating Org1 Identities[0m
+ cryptogen generate --config=./organizations/cryptogen/crypto-config-org1.yaml --output=organizations
org1.example.com
+ res=0
[0;34mCreating Org2 Identities[0m
+ cryptogen generate --config=./organizations/cryptogen/crypto-config-org2.yaml --output=organizations
org2.example.com
+ res=0
[0;34mCreating Orderer Org Identities[0m
+ cryptogen generate --config=./organizations/cryptogen/crypto-config-orderer.yaml --output=organizations
+ res=0
[0;34mGenerating CCP files for Org1 and Org2[0m
 Network fabric_test Creating 
 Network fabric_test Creating 
 Volume compose_peer0.org2.example.com Creating 
 Volume compose_peer0.org2.example.com Creating 
 Volume compose_orderer.example.com Creating 
 Volume compose_orderer.example.com Creating 
 Volume compose_peer0.org1.example.com Creating 
 Volume compose_peer0.org1.example.com Creating 
 Volume compose_peer0.org2.example.com Created 
 Volume compose_peer0.org2.example.com Created 
 Volume compose_orderer.example.com Created 
 Volume compose_orderer.example.com Created 
 Volume compose_peer0.org1.example.com Created 
 Volume compose_peer0.org1.example.com Created 
 Network fabric_test Created 
 Network fabric_test Created 
 Container peer0.org2.example.com Creating 
 Container orderer.example.com Creating 
 Container peer0.org1.example.com Creating 
 Container peer0.org2.example.com Created 
 Container peer0.org1.example.com Created 
 Container orderer.example.com Created 
 Container peer0.org1.example.com Starting 
 Container orderer.example.com Starting 
 Container peer0.org2.example.com Starting 
 Container orderer.example.com Started 
 Container peer0.org1.example.com Started 
 Container peer0.org2.example.com Started 
CONTAINER ID   IMAGE                               COMMAND                  CREATED                  STATUS                          PORTS                                                                                                                                   NAMES
4c1d3c34d19a   hyperledger/fabric-peer:latest      "peer node start"        Less than a second ago   Up Less than a second           0.0.0.0:9051->9051/tcp, [::]:9051->9051/tcp, 7051/tcp, 0.0.0.0:9445->9445/tcp, [::]:9445->9445/tcp                                      peer0.org2.example.com
26ee78627cc0   hyperledger/fabric-peer:latest      "peer node start"        Less than a second ago   Up Less than a second           0.0.0.0:7051->7051/tcp, [::]:7051->7051/tcp, 0.0.0.0:9444->9444/tcp, [::]:9444->9444/tcp                                                peer0.org1.example.com
01c4fd453482   hyperledger/fabric-orderer:latest   "orderer"                Less than a second ago   Up Less than a second           0.0.0.0:7050->7050/tcp, [::]:7050->7050/tcp, 0.0.0.0:7053->7053/tcp, [::]:7053->7053/tcp, 0.0.0.0:9443->9443/tcp, [::]:9443->9443/tcp   orderer.example.com
557f8da5234d   ghcr.io/google/cadvisor:0.57.0      "/usr/bin/entrypoint…"   17 hours ago             Up 17 hours (healthy)           0.0.0.0:8080->8080/tcp, [::]:8080->8080/tcp                                                                                             bench-monitoring-cadvisor-1
61f24273f8c4   prom/node-exporter:v1.9.0           "/bin/node_exporter …"   17 hours ago             Up 56 minutes                   0.0.0.0:9100->9100/tcp, [::]:9100->9100/tcp                                                                                             bench-monitoring-node_exporter-1
263ebb8dcae5   grafana/grafana:11.4.0              "/run.sh"                17 hours ago             Up 17 hours                     0.0.0.0:3000->3000/tcp, [::]:3000->3000/tcp                                                                                             bench-monitoring-grafana-1
8761568d7ff5   prom/prometheus:v3.1.0              "/bin/prometheus --c…"   17 hours ago             Up 17 hours                     0.0.0.0:9090->9090/tcp, [::]:9090->9090/tcp                                                                                             bench-monitoring-prometheus-1
69c047fe19cc   weaverai/nucleus-k8-dashboard       "/headlamp/headlamp-…"   5 weeks ago              Up 17 hours                     0.0.0.0:4466->4466/tcp, [::]:4466->4466/tcp                                                                                             nucleus-headlamp-1
b40f395fe4bc   kindest/node:v1.36.1                "/usr/local/bin/entr…"   6 weeks ago              Up 17 hours                     127.0.0.1:40143->6443/tcp                                                                                                               feast-control-plane
6c0089a7879b   kindest/node:v1.36.1                "/usr/local/bin/entr…"   6 weeks ago              Up 17 hours                                                                                                                                                             feast-worker
902f5fc63b1e   kindest/node:v1.36.1                "/usr/local/bin/entr…"   6 weeks ago              Up 17 hours                                                                                                                                                             feast-worker2
d64d947f6529   cassandra:5.0                       "docker-entrypoint.s…"   7 weeks ago              Restarting (3) 13 seconds ago                                                                                                                                           untitled-cassandra
[0;34mUsing docker and docker compose[0m
[0;34mGenerating channel genesis block 'mychannel.block'[0m
[0;34mUsing organization 1[0m
/home/chad/Projects/bench/deploy/docker/.cache/fabric-samples/test-network/../bin/configtxgen
+ '[' 0 -eq 1 ']'
+ configtxgen -profile ChannelUsingRaft -outputBlock ./channel-artifacts/mychannel.block -channelID mychannel
[34m2026-09-16 10:05:01.812 IST 0001 INFO[0m [common.tools.configtxgen] [34;1mmain[0m -> Loading configuration
[34m2026-09-16 10:05:01.813 IST 0002 INFO[0m [common.tools.configtxgen.localconfig] [34;1mcompleteInitialization[0m -> orderer type: etcdraft
[34m2026-09-16 10:05:01.813 IST 0003 INFO[0m [common.tools.configtxgen.localconfig] [34;1mcompleteInitialization[0m -> Orderer.EtcdRaft.Options unset, setting to tick_interval:"500ms" election_tick:10 heartbeat_tick:1 max_inflight_blocks:5 snapshot_interval_size:16777216 
[34m2026-09-16 10:05:01.813 IST 0004 INFO[0m [common.tools.configtxgen.localconfig] [34;1mLoad[0m -> Loaded configuration: /home/chad/Projects/bench/deploy/docker/.cache/fabric-samples/test-network/configtx/configtx.yaml
[34m2026-09-16 10:05:01.814 IST 0005 INFO[0m [common.tools.configtxgen] [34;1mdoOutputBlock[0m -> Generating genesis block
[34m2026-09-16 10:05:01.814 IST 0006 INFO[0m [common.tools.configtxgen] [34;1mdoOutputBlock[0m -> Creating application channel genesis block
[34m2026-09-16 10:05:01.814 IST 0007 INFO[0m [common.tools.configtxgen] [34;1mdoOutputBlock[0m -> Writing genesis block
+ res=0
[0;34mCreating channel mychannel[0m
[0;34mAdding orderers[0m
+ . scripts/orderer.sh mychannel
+ '[' 0 -eq 1 ']'
+ res=0
Status: 201
{
	"name": "mychannel",
	"url": "/participation/v1/channels/mychannel",
	"consensusRelation": "consenter",
	"status": "active",
	"height": 1
}

[0;32mChannel 'mychannel' created[0m
[0;34mJoining org1 peer to the channel...[0m
[0;34mUsing organization 1[0m
+ peer channel join -b ./channel-artifacts/mychannel.block
+ res=0
[34m2026-09-16 10:05:07.889 IST 0001 INFO[0m [channelCmd] [34;1mInitCmdFactory[0m -> Endorser and orderer connections initialized
[34m2026-09-16 10:05:07.914 IST 0002 INFO[0m [channelCmd] [34;1mexecuteJoin[0m -> Successfully submitted proposal to join channel
[0;34mJoining org2 peer to the channel...[0m
[0;34mUsing organization 2[0m
+ peer channel join -b ./channel-artifacts/mychannel.block
+ res=0
[34m2026-09-16 10:05:10.947 IST 0001 INFO[0m [channelCmd] [34;1mInitCmdFactory[0m -> Endorser and orderer connections initialized
[34m2026-09-16 10:05:10.966 IST 0002 INFO[0m [channelCmd] [34;1mexecuteJoin[0m -> Successfully submitted proposal to join channel
[0;34mSetting anchor peer for org1...[0m
[0;34mUsing organization 1[0m
[0;34mFetching channel config for channel mychannel[0m
[0;34mUsing organization 1[0m
[0;34mFetching the most recent configuration block for the channel[0m
++ peer channel fetch config /home/chad/Projects/bench/deploy/docker/.cache/fabric-samples/test-network/channel-artifacts/config_block.pb -o localhost:7050 --ordererTLSHostnameOverride orderer.example.com -c mychannel --tls --cafile /home/chad/Projects/bench/deploy/docker/.cache/fabric-samples/test-network/organizations/ordererOrganizations/example.com/tlsca/tlsca.example.com-cert.pem
[34m2026-09-16 10:05:10.995 IST 0001 INFO[0m [channelCmd] [34;1mInitCmdFactory[0m -> Endorser and orderer connections initialized
[34m2026-09-16 10:05:10.997 IST 0002 INFO[0m [cli.common] [34;1mreadBlock[0m -> Received block: 0
[34m2026-09-16 10:05:10.997 IST 0003 INFO[0m [channelCmd] [34;1mfetch[0m -> Retrieving last config block: 0
[34m2026-09-16 10:05:10.997 IST 0004 INFO[0m [cli.common] [34;1mreadBlock[0m -> Received block: 0
[0;34mDecoding config block to JSON and isolating config to /home/chad/Projects/bench/deploy/docker/.cache/fabric-samples/test-network/channel-artifacts/Org1MSPconfig.json[0m
++ configtxlator proto_decode --input /home/chad/Projects/bench/deploy/docker/.cache/fabric-samples/test-network/channel-artifacts/config_block.pb --type common.Block --output /home/chad/Projects/bench/deploy/docker/.cache/fabric-samples/test-network/channel-artifacts/config_block.json
++ jq '.data.data[0].payload.data.config' /home/chad/Projects/bench/deploy/docker/.cache/fabric-samples/test-network/channel-artifacts/config_block.json
++ res=0
[0;34mGenerating anchor peer update transaction for Org1 on channel mychannel[0m
++ jq '.channel_group.groups.Application.groups.Org1MSP.values += {"AnchorPeers":{"mod_policy": "Admins","value":{"anchor_peers": [{"host": "peer0.org1.example.com","port": 7051}]},"version": "0"}}' /home/chad/Projects/bench/deploy/docker/.cache/fabric-samples/test-network/channel-artifacts/Org1MSPconfig.json
++ res=0
++ configtxlator proto_encode --input /home/chad/Projects/bench/deploy/docker/.cache/fabric-samples/test-network/channel-artifacts/Org1MSPconfig.json --type common.Config --output /home/chad/Projects/bench/deploy/docker/.cache/fabric-samples/test-network/channel-artifacts/original_config.pb
++ configtxlator proto_encode --input /home/chad/Projects/bench/deploy/docker/.cache/fabric-samples/test-network/channel-artifacts/Org1MSPmodified_config.json --type common.Config --output /home/chad/Projects/bench/deploy/docker/.cache/fabric-samples/test-network/channel-artifacts/modified_config.pb
++ configtxlator compute_update --channel_id mychannel --original /home/chad/Projects/bench/deploy/docker/.cache/fabric-samples/test-network/channel-artifacts/original_config.pb --updated /home/chad/Projects/bench/deploy/docker/.cache/fabric-samples/test-network/channel-artifacts/modified_config.pb --output /home/chad/Projects/bench/deploy/docker/.cache/fabric-samples/test-network/channel-artifacts/config_update.pb
++ configtxlator proto_decode --input /home/chad/Projects/bench/deploy/docker/.cache/fabric-samples/test-network/channel-artifacts/config_update.pb --type common.ConfigUpdate --output /home/chad/Projects/bench/deploy/docker/.cache/fabric-samples/test-network/channel-artifacts/config_update.json
++ jq .
+++ cat /home/chad/Projects/bench/deploy/docker/.cache/fabric-samples/test-network/channel-artifacts/config_update.json
++ echo '{"payload":{"header":{"channel_header":{"channel_id":"mychannel", "type":2}},"data":{"config_update":{' '"channel_id":' '"mychannel",' '"isolated_data":' '{},' '"read_set":' '{' '"groups":' '{' '"Application":' '{' '"groups":' '{' '"Org1MSP":' '{' '"groups":' '{},' '"mod_policy":' '"",' '"policies":' '{' '"Admins":' '{' '"mod_policy":' '"",' '"policy":' null, '"version":' '"0"' '},' '"Endorsement":' '{' '"mod_policy":' '"",' '"policy":' null, '"version":' '"0"' '},' '"Readers":' '{' '"mod_policy":' '"",' '"policy":' null, '"version":' '"0"' '},' '"Writers":' '{' '"mod_policy":' '"",' '"policy":' null, '"version":' '"0"' '}' '},' '"values":' '{' '"MSP":' '{' '"mod_policy":' '"",' '"value":' null, '"version":' '"0"' '}' '},' '"version":' '"0"' '}' '},' '"mod_policy":' '"",' '"policies":' '{},' '"values":' '{},' '"version":' '"0"' '}' '},' '"mod_policy":' '"",' '"policies":' '{},' '"values":' '{},' '"version":' '"0"' '},' '"write_set":' '{' '"groups":' '{' '"Application":' '{' '"groups":' '{' '"Org1MSP":' '{' '"groups":' '{},' '"mod_policy":' '"Admins",' '"policies":' '{' '"Admins":' '{' '"mod_policy":' '"",' '"policy":' null, '"version":' '"0"' '},' '"Endorsement":' '{' '"mod_policy":' '"",' '"policy":' null, '"version":' '"0"' '},' '"Readers":' '{' '"mod_policy":' '"",' '"policy":' null, '"version":' '"0"' '},' '"Writers":' '{' '"mod_policy":' '"",' '"policy":' null, '"version":' '"0"' '}' '},' '"values":' '{' '"AnchorPeers":' '{' '"mod_policy":' '"Admins",' '"value":' '{' '"anchor_peers":' '[' '{' '"host":' '"peer0.org1.example.com",' '"port":' 7051 '}' ']' '},' '"version":' '"0"' '},' '"MSP":' '{' '"mod_policy":' '"",' '"value":' null, '"version":' '"0"' '}' '},' '"version":' '"1"' '}' '},' '"mod_policy":' '"",' '"policies":' '{},' '"values":' '{},' '"version":' '"0"' '}' '},' '"mod_policy":' '"",' '"policies":' '{},' '"values":' '{},' '"version":' '"0"' '}' '}}}}'
++ configtxlator proto_encode --input /home/chad/Projects/bench/deploy/docker/.cache/fabric-samples/test-network/channel-artifacts/config_update_in_envelope.json --type common.Envelope --output /home/chad/Projects/bench/deploy/docker/.cache/fabric-samples/test-network/channel-artifacts/Org1MSPanchors.tx
[34m2026-09-16 10:05:11.081 IST 0001 INFO[0m [channelCmd] [34;1mInitCmdFactory[0m -> Endorser and orderer connections initialized
[34m2026-09-16 10:05:11.090 IST 0002 INFO[0m [channelCmd] [34;1mupdate[0m -> Successfully submitted channel update
[0;32mAnchor peer set for org 'Org1MSP' on channel 'mychannel'[0m
[0;34mSetting anchor peer for org2...[0m
[0;34mUsing organization 2[0m
[0;34mFetching channel config for channel mychannel[0m
[0;34mUsing organization 2[0m
[0;34mFetching the most recent configuration block for the channel[0m
++ peer channel fetch config /home/chad/Projects/bench/deploy/docker/.cache/fabric-samples/test-network/channel-artifacts/config_block.pb -o localhost:7050 --ordererTLSHostnameOverride orderer.example.com -c mychannel --tls --cafile /home/chad/Projects/bench/deploy/docker/.cache/fabric-samples/test-network/organizations/ordererOrganizations/example.com/tlsca/tlsca.example.com-cert.pem
[34m2026-09-16 10:05:11.124 IST 0001 INFO[0m [channelCmd] [34;1mInitCmdFactory[0m -> Endorser and orderer connections initialized
[34m2026-09-16 10:05:11.126 IST 0002 INFO[0m [cli.common] [34;1mreadBlock[0m -> Received block: 1
[34m2026-09-16 10:05:11.126 IST 0003 INFO[0m [channelCmd] [34;1mfetch[0m -> Retrieving last config block: 1
[34m2026-09-16 10:05:11.127 IST 0004 INFO[0m [cli.common] [34;1mreadBlock[0m -> Received block: 1
[0;34mDecoding config block to JSON and isolating config to /home/chad/Projects/bench/deploy/docker/.cache/fabric-samples/test-network/channel-artifacts/Org2MSPconfig.json[0m
++ configtxlator proto_decode --input /home/chad/Projects/bench/deploy/docker/.cache/fabric-samples/test-network/channel-artifacts/config_block.pb --type common.Block --output /home/chad/Projects/bench/deploy/docker/.cache/fabric-samples/test-network/channel-artifacts/config_block.json
++ jq '.data.data[0].payload.data.config' /home/chad/Projects/bench/deploy/docker/.cache/fabric-samples/test-network/channel-artifacts/config_block.json
++ res=0
[0;34mGenerating anchor peer update transaction for Org2 on channel mychannel[0m
++ jq '.channel_group.groups.Application.groups.Org2MSP.values += {"AnchorPeers":{"mod_policy": "Admins","value":{"anchor_peers": [{"host": "peer0.org2.example.com","port": 9051}]},"version": "0"}}' /home/chad/Projects/bench/deploy/docker/.cache/fabric-samples/test-network/channel-artifacts/Org2MSPconfig.json
++ res=0
++ configtxlator proto_encode --input /home/chad/Projects/bench/deploy/docker/.cache/fabric-samples/test-network/channel-artifacts/Org2MSPconfig.json --type common.Config --output /home/chad/Projects/bench/deploy/docker/.cache/fabric-samples/test-network/channel-artifacts/original_config.pb
++ configtxlator proto_encode --input /home/chad/Projects/bench/deploy/docker/.cache/fabric-samples/test-network/channel-artifacts/Org2MSPmodified_config.json --type common.Config --output /home/chad/Projects/bench/deploy/docker/.cache/fabric-samples/test-network/channel-artifacts/modified_config.pb
++ configtxlator compute_update --channel_id mychannel --original /home/chad/Projects/bench/deploy/docker/.cache/fabric-samples/test-network/channel-artifacts/original_config.pb --updated /home/chad/Projects/bench/deploy/docker/.cache/fabric-samples/test-network/channel-artifacts/modified_config.pb --output /home/chad/Projects/bench/deploy/docker/.cache/fabric-samples/test-network/channel-artifacts/config_update.pb
++ configtxlator proto_decode --input /home/chad/Projects/bench/deploy/docker/.cache/fabric-samples/test-network/channel-artifacts/config_update.pb --type common.ConfigUpdate --output /home/chad/Projects/bench/deploy/docker/.cache/fabric-samples/test-network/channel-artifacts/config_update.json
++ jq .
+++ cat /home/chad/Projects/bench/deploy/docker/.cache/fabric-samples/test-network/channel-artifacts/config_update.json
++ echo '{"payload":{"header":{"channel_header":{"channel_id":"mychannel", "type":2}},"data":{"config_update":{' '"channel_id":' '"mychannel",' '"isolated_data":' '{},' '"read_set":' '{' '"groups":' '{' '"Application":' '{' '"groups":' '{' '"Org2MSP":' '{' '"groups":' '{},' '"mod_policy":' '"",' '"policies":' '{' '"Admins":' '{' '"mod_policy":' '"",' '"policy":' null, '"version":' '"0"' '},' '"Endorsement":' '{' '"mod_policy":' '"",' '"policy":' null, '"version":' '"0"' '},' '"Readers":' '{' '"mod_policy":' '"",' '"policy":' null, '"version":' '"0"' '},' '"Writers":' '{' '"mod_policy":' '"",' '"policy":' null, '"version":' '"0"' '}' '},' '"values":' '{' '"MSP":' '{' '"mod_policy":' '"",' '"value":' null, '"version":' '"0"' '}' '},' '"version":' '"0"' '}' '},' '"mod_policy":' '"",' '"policies":' '{},' '"values":' '{},' '"version":' '"0"' '}' '},' '"mod_policy":' '"",' '"policies":' '{},' '"values":' '{},' '"version":' '"0"' '},' '"write_set":' '{' '"groups":' '{' '"Application":' '{' '"groups":' '{' '"Org2MSP":' '{' '"groups":' '{},' '"mod_policy":' '"Admins",' '"policies":' '{' '"Admins":' '{' '"mod_policy":' '"",' '"policy":' null, '"version":' '"0"' '},' '"Endorsement":' '{' '"mod_policy":' '"",' '"policy":' null, '"version":' '"0"' '},' '"Readers":' '{' '"mod_policy":' '"",' '"policy":' null, '"version":' '"0"' '},' '"Writers":' '{' '"mod_policy":' '"",' '"policy":' null, '"version":' '"0"' '}' '},' '"values":' '{' '"AnchorPeers":' '{' '"mod_policy":' '"Admins",' '"value":' '{' '"anchor_peers":' '[' '{' '"host":' '"peer0.org2.example.com",' '"port":' 9051 '}' ']' '},' '"version":' '"0"' '},' '"MSP":' '{' '"mod_policy":' '"",' '"value":' null, '"version":' '"0"' '}' '},' '"version":' '"1"' '}' '},' '"mod_policy":' '"",' '"policies":' '{},' '"values":' '{},' '"version":' '"0"' '}' '},' '"mod_policy":' '"",' '"policies":' '{},' '"values":' '{},' '"version":' '"0"' '}' '}}}}'
++ configtxlator proto_encode --input /home/chad/Projects/bench/deploy/docker/.cache/fabric-samples/test-network/channel-artifacts/config_update_in_envelope.json --type common.Envelope --output /home/chad/Projects/bench/deploy/docker/.cache/fabric-samples/test-network/channel-artifacts/Org2MSPanchors.tx
[34m2026-09-16 10:05:11.208 IST 0001 INFO[0m [channelCmd] [34;1mInitCmdFactory[0m -> Endorser and orderer connections initialized
[34m2026-09-16 10:05:11.215 IST 0002 INFO[0m [channelCmd] [34;1mupdate[0m -> Successfully submitted channel update
[0;32mAnchor peer set for org 'Org2MSP' on channel 'mychannel'[0m
[0;32mChannel 'mychannel' joined[0m
[deploy 10:05:11] deploying kvstore chaincode from /home/chad/Projects/bench/chaincodes/kvstore
[0;34mUsing docker and docker compose[0m
[0;34mdeploying chaincode on channel 'mychannel'[0m
executing with the following
- CHANNEL_NAME: [0;32mmychannel[0m
- CC_NAME: [0;32mkvstore[0m
- CC_SRC_PATH: [0;32m/home/chad/Projects/bench/chaincodes/kvstore[0m
- CC_SRC_LANGUAGE: [0;32mgo[0m
- CC_VERSION: [0;32m1.0[0m
- CC_SEQUENCE: [0;32m1[0m
- CC_END_POLICY: [0;32mNA[0m
- CC_COLL_CONFIG: [0;32mNA[0m
- CC_INIT_FCN: [0;32mNA[0m
- DELAY: [0;32m3[0m
- MAX_RETRY: [0;32m5[0m
- VERBOSE: [0;32mfalse[0m
executing with the following
- CC_NAME: [0;32mkvstore[0m
- CC_SRC_PATH: [0;32m/home/chad/Projects/bench/chaincodes/kvstore[0m
- CC_SRC_LANGUAGE: [0;32mgo[0m
- CC_VERSION: [0;32m1.0[0m
[0;34mVendoring Go dependencies at /home/chad/Projects/bench/chaincodes/kvstore[0m
/home/chad/Projects/bench/chaincodes/kvstore /home/chad/Projects/bench/deploy/docker/.cache/fabric-samples/test-network
/home/chad/Projects/bench/deploy/docker/.cache/fabric-samples/test-network
[0;32mFinished vendoring Go dependencies[0m
+ '[' false = true ']'
+ peer lifecycle chaincode package kvstore.tar.gz --path /home/chad/Projects/bench/chaincodes/kvstore --lang golang --label kvstore_1.0
+ res=0
[0;32mChaincode is packaged[0m
[0;34mInstalling chaincode on peer0.org1...[0m
[0;34mUsing organization 1[0m
+ peer lifecycle chaincode queryinstalled --output json
+ jq -r 'try (.installed_chaincodes[].package_id)'
+ grep '^kvstore_1.0:e88284a33ff8806958375f99312782794164d62aac26fe22876f2c72fb6294d9$'
+ test 1 -ne 0
+ peer lifecycle chaincode install kvstore.tar.gz
+ res=0
[34m2026-09-16 10:05:19.459 IST 0001 INFO[0m [cli.lifecycle.chaincode] [34;1msubmitInstallProposal[0m -> Installed remotely: response:<status:200 payload:"\nLkvstore_1.0:e88284a33ff8806958375f99312782794164d62aac26fe22876f2c72fb6294d9\022\013kvstore_1.0" > 
[34m2026-09-16 10:05:19.460 IST 0002 INFO[0m [cli.lifecycle.chaincode] [34;1msubmitInstallProposal[0m -> Chaincode code package identifier: kvstore_1.0:e88284a33ff8806958375f99312782794164d62aac26fe22876f2c72fb6294d9
[0;32mChaincode is installed on peer0.org1[0m
[0;34mInstall chaincode on peer0.org2...[0m
[0;34mUsing organization 2[0m
+ peer lifecycle chaincode queryinstalled --output json
+ jq -r 'try (.installed_chaincodes[].package_id)'
+ grep '^kvstore_1.0:e88284a33ff8806958375f99312782794164d62aac26fe22876f2c72fb6294d9$'
+ test 1 -ne 0
+ peer lifecycle chaincode install kvstore.tar.gz
+ res=0
[34m2026-09-16 10:05:26.160 IST 0001 INFO[0m [cli.lifecycle.chaincode] [34;1msubmitInstallProposal[0m -> Installed remotely: response:<status:200 payload:"\nLkvstore_1.0:e88284a33ff8806958375f99312782794164d62aac26fe22876f2c72fb6294d9\022\013kvstore_1.0" > 
[34m2026-09-16 10:05:26.160 IST 0002 INFO[0m [cli.lifecycle.chaincode] [34;1msubmitInstallProposal[0m -> Chaincode code package identifier: kvstore_1.0:e88284a33ff8806958375f99312782794164d62aac26fe22876f2c72fb6294d9
[0;32mChaincode is installed on peer0.org2[0m
[0;34mUsing organization 1[0m
+ peer lifecycle chaincode queryinstalled --output json
+ jq -r 'try (.installed_chaincodes[].package_id)'
+ grep '^kvstore_1.0:e88284a33ff8806958375f99312782794164d62aac26fe22876f2c72fb6294d9$'
+ res=0
kvstore_1.0:e88284a33ff8806958375f99312782794164d62aac26fe22876f2c72fb6294d9
[0;32mQuery installed successful on peer0.org1 on channel[0m
[0;34mUsing organization 1[0m
+ peer lifecycle chaincode approveformyorg -o localhost:7050 --ordererTLSHostnameOverride orderer.example.com --tls --cafile /home/chad/Projects/bench/deploy/docker/.cache/fabric-samples/test-network/organizations/ordererOrganizations/example.com/tlsca/tlsca.example.com-cert.pem --channelID mychannel --name kvstore --version 1.0 --package-id kvstore_1.0:e88284a33ff8806958375f99312782794164d62aac26fe22876f2c72fb6294d9 --sequence 1
+ res=0
[34m2026-09-16 10:05:27.244 IST 0001 INFO[0m [chaincodeCmd] [34;1mClientWait[0m -> txid [bfe63bfc03d977e562554e83ac23f3f09bb2fcf23049ad7deb1bc49621a926d4] committed with status (VALID) at localhost:7051
[0;32mChaincode definition approved on peer0.org1 on channel 'mychannel'[0m
[0;34mUsing organization 1[0m
[0;34mChecking the commit readiness of the chaincode definition on peer0.org1 on channel 'mychannel'...[0m
[0;34mAttempting to check the commit readiness of the chaincode definition on peer0.org1, Retry after 3 seconds.[0m
+ peer lifecycle chaincode checkcommitreadiness --channelID mychannel --name kvstore --version 1.0 --sequence 1 --output json
+ res=0
{
	"approvals": {
		"Org1MSP": true,
		"Org2MSP": false
	}
}
[0;34mChecking the commit readiness of the chaincode definition successful on peer0.org1 on channel 'mychannel'[0m
[0;34mUsing organization 2[0m
[0;34mChecking the commit readiness of the chaincode definition on peer0.org2 on channel 'mychannel'...[0m
[0;34mAttempting to check the commit readiness of the chaincode definition on peer0.org2, Retry after 3 seconds.[0m
+ peer lifecycle chaincode checkcommitreadiness --channelID mychannel --name kvstore --version 1.0 --sequence 1 --output json
+ res=0
{
	"approvals": {
		"Org1MSP": true,
		"Org2MSP": false
	}
}
[0;34mChecking the commit readiness of the chaincode definition successful on peer0.org2 on channel 'mychannel'[0m
[0;34mUsing organization 2[0m
+ peer lifecycle chaincode approveformyorg -o localhost:7050 --ordererTLSHostnameOverride orderer.example.com --tls --cafile /home/chad/Projects/bench/deploy/docker/.cache/fabric-samples/test-network/organizations/ordererOrganizations/example.com/tlsca/tlsca.example.com-cert.pem --channelID mychannel --name kvstore --version 1.0 --package-id kvstore_1.0:e88284a33ff8806958375f99312782794164d62aac26fe22876f2c72fb6294d9 --sequence 1
+ res=0
[34m2026-09-16 10:05:34.369 IST 0001 INFO[0m [chaincodeCmd] [34;1mClientWait[0m -> txid [4b84518839b222eef101679ebc359b519c8116bb0c18d2c367bbdf712f6a5eab] committed with status (VALID) at localhost:9051
[0;32mChaincode definition approved on peer0.org2 on channel 'mychannel'[0m
[0;34mUsing organization 1[0m
[0;34mChecking the commit readiness of the chaincode definition on peer0.org1 on channel 'mychannel'...[0m
[0;34mAttempting to check the commit readiness of the chaincode definition on peer0.org1, Retry after 3 seconds.[0m
+ peer lifecycle chaincode checkcommitreadiness --channelID mychannel --name kvstore --version 1.0 --sequence 1 --output json
+ res=0
{
	"approvals": {
		"Org1MSP": true,
		"Org2MSP": true
	}
}
[0;34mChecking the commit readiness of the chaincode definition successful on peer0.org1 on channel 'mychannel'[0m
[0;34mUsing organization 2[0m
[0;34mChecking the commit readiness of the chaincode definition on peer0.org2 on channel 'mychannel'...[0m
[0;34mAttempting to check the commit readiness of the chaincode definition on peer0.org2, Retry after 3 seconds.[0m
+ peer lifecycle chaincode checkcommitreadiness --channelID mychannel --name kvstore --version 1.0 --sequence 1 --output json
+ res=0
{
	"approvals": {
		"Org1MSP": true,
		"Org2MSP": true
	}
}
[0;34mChecking the commit readiness of the chaincode definition successful on peer0.org2 on channel 'mychannel'[0m
[0;34mUsing organization 1[0m
[0;34mUsing organization 2[0m
+ peer lifecycle chaincode commit -o localhost:7050 --ordererTLSHostnameOverride orderer.example.com --tls --cafile /home/chad/Projects/bench/deploy/docker/.cache/fabric-samples/test-network/organizations/ordererOrganizations/example.com/tlsca/tlsca.example.com-cert.pem --channelID mychannel --name kvstore --peerAddresses localhost:7051 --tlsRootCertFiles /home/chad/Projects/bench/deploy/docker/.cache/fabric-samples/test-network/organizations/peerOrganizations/org1.example.com/tlsca/tlsca.org1.example.com-cert.pem --peerAddresses localhost:9051 --tlsRootCertFiles /home/chad/Projects/bench/deploy/docker/.cache/fabric-samples/test-network/organizations/peerOrganizations/org2.example.com/tlsca/tlsca.org2.example.com-cert.pem --version 1.0 --sequence 1
+ res=0
[34m2026-09-16 10:05:41.543 IST 0001 INFO[0m [chaincodeCmd] [34;1mClientWait[0m -> txid [6a6f576ebaeb2bf2081f6b1900fa733f8bb4bf3d15675b994847b99736a2c34e] committed with status (VALID) at localhost:7051
[34m2026-09-16 10:05:41.544 IST 0002 INFO[0m [chaincodeCmd] [34;1mClientWait[0m -> txid [6a6f576ebaeb2bf2081f6b1900fa733f8bb4bf3d15675b994847b99736a2c34e] committed with status (VALID) at localhost:9051
[0;32mChaincode definition committed on channel 'mychannel'[0m
[0;34mUsing organization 1[0m
[0;34mQuerying chaincode definition on peer0.org1 on channel 'mychannel'...[0m
[0;34mAttempting to Query committed status on peer0.org1, Retry after 3 seconds.[0m
+ peer lifecycle chaincode querycommitted --channelID mychannel --name kvstore
+ res=0
Committed chaincode definition for chaincode 'kvstore' on channel 'mychannel':
Version: 1.0, Sequence: 1, Endorsement Plugin: escc, Validation Plugin: vscc, Approvals: [Org1MSP: true, Org2MSP: true]
[0;32mQuery chaincode definition successful on peer0.org1 on channel 'mychannel'[0m
[0;34mUsing organization 2[0m
[0;34mQuerying chaincode definition on peer0.org2 on channel 'mychannel'...[0m
[0;34mAttempting to Query committed status on peer0.org2, Retry after 3 seconds.[0m
+ peer lifecycle chaincode querycommitted --channelID mychannel --name kvstore
+ res=0
Committed chaincode definition for chaincode 'kvstore' on channel 'mychannel':
Version: 1.0, Sequence: 1, Endorsement Plugin: escc, Validation Plugin: vscc, Approvals: [Org1MSP: true, Org2MSP: true]
[0;32mQuery chaincode definition successful on peer0.org2 on channel 'mychannel'[0m
[0;34mChaincode initialization is not required[0m
[deploy 10:05:48] resource budget for fabric-cft: 11 CPU / 11 GB across 5 containers = 2.20 CPU each; memory by role weight (peer=4 statedb=4 orderer=2 other=1, total weight 12)
[deploy 10:05:48]   dev-peer0.org1.example.com-kvstore_1.0-e88284a33ff8806958375f99312782794164d62aac26fe22876f2c72fb6294d9  (other) 938m
[deploy 10:05:49]   dev-peer0.org2.example.com-kvstore_1.0-e88284a33ff8806958375f99312782794164d62aac26fe22876f2c72fb6294d9  (other) 938m
[deploy 10:05:49]   orderer.example.com  (orderer) 1877m
[deploy 10:05:50]   peer0.org1.example.com  (peer) 3754m
[deploy 10:05:50]   peer0.org2.example.com  (peer) 3754m
[deploy 10:05:50] wrote /home/chad/Projects/bench/deploy/docker/fabric-cft/connection.env
[deploy 10:05:50] fabric-cft up. peer :7051  orderer :7050  operations :9443
