time=2026-09-16T15:02:18.807+05:30 level=INFO msg="run starting" platform=fabric-bft run=probe-sweep workload=kv-write profile=local-32gb normalized=false out_dir=results/fabric-bft/20260916-150218
time=2026-09-16T15:02:18.807+05:30 level=INFO msg="adapter setup" platform=fabric-bft run=probe-sweep
[34m2026-09-16 15:02:18.807 IST 0001 INFO[0m [grpc] [34;1mInfof[0m -> [core] original dial target is: "localhost:7051"
[34m2026-09-16 15:02:18.807 IST 0002 INFO[0m [grpc] [34;1mAddTraceEvent[0m -> [core] [Channel #1] Channel created for target "localhost:7051"
[34m2026-09-16 15:02:18.807 IST 0003 INFO[0m [grpc] [34;1mAddTraceEvent[0m -> [core] [Channel #1] parsed dial target is: resolver.Target{URL:url.URL{Scheme:"dns", Opaque:"", User:(*url.Userinfo)(nil), Host:"", Path:"/localhost:7051", Fragment:"", RawQuery:"", RawPath:"", RawFragment:"", ForceQuery:false, OmitHost:false}}
[34m2026-09-16 15:02:18.807 IST 0004 INFO[0m [grpc] [34;1mAddTraceEvent[0m -> [core] [Channel #1] Channel authority set to "peer0.org1.example.com"
[34m2026-09-16 15:02:18.807 IST 0005 INFO[0m [grpc] [34;1mAddTraceEvent[0m -> [core] [Channel #1] Channel Connectivity change to CONNECTING
[34m2026-09-16 15:02:18.807 IST 0006 INFO[0m [grpc] [34;1mAddTraceEvent[0m -> [core] [Channel #1] Channel exiting idle mode
[34m2026-09-16 15:02:18.837 IST 0007 INFO[0m [grpc] [34;1mAddTraceEvent[0m -> [core] [Channel #1] Resolver state updated: {
  "Addresses": [
    {
      "Addr": "127.0.0.1:7051",
      "ServerName": "",
      "Attributes": null,
      "BalancerAttributes": null,
      "Metadata": null
    }
  ],
  "Endpoints": [
    {
      "Addresses": [
        {
          "Addr": "127.0.0.1:7051",
          "ServerName": "",
          "Attributes": null,
          "BalancerAttributes": null,
          "Metadata": null
        }
      ],
      "Attributes": null
    }
  ],
  "ServiceConfig": null,
  "Attributes": null
} (resolver returned new addresses)
[34m2026-09-16 15:02:18.837 IST 0008 INFO[0m [grpc] [34;1mAddTraceEvent[0m -> [core] [Channel #1] Channel switches to new LB policy "pick_first"
[34m2026-09-16 15:02:18.837 IST 0009 INFO[0m [grpc] [34;1mInfof[0m -> [pick-first-leaf-lb] [pick-first-leaf-lb 0x23bac35d8000] Received new config {
  "shuffleAddressList": false
}, resolver state {
  "Addresses": [
    {
      "Addr": "127.0.0.1:7051",
      "ServerName": "",
      "Attributes": null,
      "BalancerAttributes": null,
      "Metadata": null
    }
  ],
  "Endpoints": [
    {
      "Addresses": [
        {
          "Addr": "127.0.0.1:7051",
          "ServerName": "",
          "Attributes": null,
          "BalancerAttributes": null,
          "Metadata": null
        }
      ],
      "Attributes": null
    }
  ],
  "ServiceConfig": null,
  "Attributes": null
}
[34m2026-09-16 15:02:18.837 IST 000a INFO[0m [grpc] [34;1mAddTraceEvent[0m -> [core] [Channel #1 SubChannel #2] Subchannel created
[34m2026-09-16 15:02:18.837 IST 000b INFO[0m [grpc] [34;1mAddTraceEvent[0m -> [core] [Channel #1 SubChannel #2] Subchannel Connectivity change to CONNECTING
[34m2026-09-16 15:02:18.837 IST 000c INFO[0m [grpc] [34;1mAddTraceEvent[0m -> [core] [Channel #1 SubChannel #2] Subchannel picks a new address "127.0.0.1:7051" to connect
[34m2026-09-16 15:02:18.840 IST 000d INFO[0m [grpc] [34;1mAddTraceEvent[0m -> [core] [Channel #1 SubChannel #2] Subchannel Connectivity change to READY
[34m2026-09-16 15:02:18.840 IST 000e INFO[0m [grpc] [34;1mInfof[0m -> [pick-first-leaf-lb] [pick-first-leaf-lb 0x23bac35d8000] SubConn 0x23bac3594190 reported connectivity state READY and the health listener is disabled. Transitioning SubConn to READY.
[34m2026-09-16 15:02:18.840 IST 000f INFO[0m [grpc] [34;1mAddTraceEvent[0m -> [core] [Channel #1] Channel Connectivity change to READY
time=2026-09-16T15:02:18.842+05:30 level=INFO msg="setup complete" platform=fabric-bft run=probe-sweep component=adapter gateway=localhost:7051 finality_from=localhost:7051
time=2026-09-16T15:02:18.842+05:30 level=INFO msg="phase start" platform=fabric-bft run=probe-sweep phase=probe offered_tps=10 workers=0 duration=30s
time=2026-09-16T15:02:49.746+05:30 level=INFO msg="phase end" platform=fabric-bft run=probe-sweep phase=probe submitted=300 committed=300 confirmed_tps=10.0 fail_rate=0.0000 e2e_p99_ms=1040.90
time=2026-09-16T15:02:49.746+05:30 level=INFO msg="phase start" platform=fabric-bft run=probe-sweep phase=sweep-100 offered_tps=100 workers=0 duration=1m0s
time=2026-09-16T15:03:49.920+05:30 level=INFO msg="phase end" platform=fabric-bft run=probe-sweep phase=sweep-100 submitted=1500 committed=1500 confirmed_tps=100.0 fail_rate=0.0000 e2e_p99_ms=1063.94
time=2026-09-16T15:03:49.920+05:30 level=INFO msg="phase start" platform=fabric-bft run=probe-sweep phase=sweep-250 offered_tps=250 workers=0 duration=1m0s
time=2026-09-16T15:04:50.969+05:30 level=INFO msg="phase end" platform=fabric-bft run=probe-sweep phase=sweep-250 submitted=3750 committed=3750 confirmed_tps=250.0 fail_rate=0.0000 e2e_p99_ms=1081.34
time=2026-09-16T15:04:50.969+05:30 level=INFO msg="phase start" platform=fabric-bft run=probe-sweep phase=sweep-500 offered_tps=500 workers=0 duration=1m0s
time=2026-09-16T15:05:52.033+05:30 level=INFO msg="phase end" platform=fabric-bft run=probe-sweep phase=sweep-500 submitted=7500 committed=7500 confirmed_tps=500.0 fail_rate=0.0000 e2e_p99_ms=593.92
time=2026-09-16T15:05:52.033+05:30 level=INFO msg="phase start" platform=fabric-bft run=probe-sweep phase=sweep-1000 offered_tps=1000 workers=0 duration=1m0s
time=2026-09-16T15:06:53.137+05:30 level=INFO msg="phase end" platform=fabric-bft run=probe-sweep phase=sweep-1000 submitted=15000 committed=15000 confirmed_tps=1000.0 fail_rate=0.0000 e2e_p99_ms=352.77
time=2026-09-16T15:06:53.138+05:30 level=INFO msg="phase start" platform=fabric-bft run=probe-sweep phase=sweep-2000 offered_tps=2000 workers=0 duration=1m0s
time=2026-09-16T15:07:56.550+05:30 level=INFO msg="phase end" platform=fabric-bft run=probe-sweep phase=sweep-2000 submitted=30000 committed=27620 confirmed_tps=1841.3 fail_rate=0.0793 e2e_p99_ms=8855.55
time=2026-09-16T15:07:56.550+05:30 level=WARN msg="phase errors" platform=fabric-bft run=probe-sweep phase=sweep-2000 count=2380 message="not sent: N transactions already in flight (platform is not finalizing)"
time=2026-09-16T15:07:56.550+05:30 level=INFO msg="phase start" platform=fabric-bft run=probe-sweep phase=sweep-3500 offered_tps=3500 workers=0 duration=1m0s
time=2026-09-16T15:09:03.206+05:30 level=INFO msg="phase end" platform=fabric-bft run=probe-sweep phase=sweep-3500 submitted=52500 committed=19161 confirmed_tps=1277.4 fail_rate=0.6350 e2e_p99_ms=19972.10
time=2026-09-16T15:09:03.206+05:30 level=WARN msg="phase errors" platform=fabric-bft run=probe-sweep phase=sweep-3500 count=33068 message="not sent: N transactions already in flight (platform is not finalizing)"
time=2026-09-16T15:09:03.206+05:30 level=WARN msg="phase errors" platform=fabric-bft run=probe-sweep phase=sweep-3500 count=271 message="submit to orderer: rpc error: code = Unavailable desc = insufficient number of orderers could successfully process transaction to satisfy quorum requirement\nDetails:\n  - Address: orderer4.example.com:7058\n    MspId: OrdererMSP\n    Message: received unsuccessful response from orderer: status=SERVICE_UNAVAILABLE, info=failed to submit request: request already processed\n  - Address: orderer.example.com:7050\n    MspId: OrdererMSP\n    Message: received unsuccessful response from orderer: status=SERVICE_UNAVAILABLE, info=failed to submit request: request already processed"
time=2026-09-16T15:09:03.206+05:30 level=INFO msg="phase start" platform=fabric-bft run=probe-sweep phase=hold offered_tps=900 workers=0 duration=5m0s
time=2026-09-16T15:14:04.607+05:30 level=INFO msg="phase end" platform=fabric-bft run=probe-sweep phase=hold submitted=229500 committed=229500 confirmed_tps=900.0 fail_rate=0.0000 e2e_p99_ms=414.72
time=2026-09-16T15:14:04.607+05:30 level=WARN msg=caveat platform=fabric-bft run=probe-sweep text="sweep aborted early after 2 consecutive failed steps; 3 higher step(s) were never offered"
time=2026-09-16T15:14:04.680+05:30 level=WARN msg=caveat platform=fabric-bft run=probe-sweep text="native metrics scrape of http://localhost:9443/metrics failed: scrape http://localhost:9443/metrics: parser panic: Invalid name validation scheme requested: unset (informational metrics only; harness numbers unaffected)"
time=2026-09-16T15:14:04.683+05:30 level=INFO msg="run finished" platform=fabric-bft run=probe-sweep out_dir=results/fabric-bft/20260916-150218 caveats=2
results written to results/fabric-bft/20260916-150218
[34m2026-09-16 15:14:04.684 IST 0010 INFO[0m [grpc] [34;1mAddTraceEvent[0m -> [core] [Channel #1] Channel Connectivity change to SHUTDOWN
[34m2026-09-16 15:14:04.684 IST 0011 INFO[0m [grpc] [34;1mAddTraceEvent[0m -> [core] [Channel #1] Closing the name resolver
[34m2026-09-16 15:14:04.684 IST 0012 INFO[0m [grpc] [34;1mAddTraceEvent[0m -> [core] [Channel #1] ccBalancerWrapper: closing
[34m2026-09-16 15:14:04.684 IST 0013 INFO[0m [grpc] [34;1mAddTraceEvent[0m -> [core] [Channel #1 SubChannel #2] Subchannel Connectivity change to SHUTDOWN
[34m2026-09-16 15:14:04.684 IST 0014 INFO[0m [grpc] [34;1mAddTraceEvent[0m -> [core] [Channel #1 SubChannel #2] Subchannel deleted
[34m2026-09-16 15:14:04.684 IST 0015 INFO[0m [grpc] [34;1mInfof[0m -> [transport] [client-transport 0x23bac34fa488] Closing: rpc error: code = Canceled desc = grpc: the client connection is closing
[34m2026-09-16 15:14:04.684 IST 0016 INFO[0m [grpc] [34;1mInfof[0m -> [transport] [client-transport 0x23bac34fa488] loopyWriter exiting with error: rpc error: code = Canceled desc = grpc: the client connection is closing
[34m2026-09-16 15:14:04.684 IST 0017 INFO[0m [grpc] [34;1mAddTraceEvent[0m -> [core] [Channel #1] Channel deleted
monitoring report: results/fabric-bft/20260916-150218/monitoring-report.html
run book: results/index.html
