time=2026-09-16T12:22:41.201+05:30 level=INFO msg="run starting" workload=kv-write profile=local-32gb normalized=true out_dir=results/fabric-cft/20260916-122241
time=2026-09-16T12:22:41.201+05:30 level=INFO msg="adapter setup"
time=2026-09-16T12:22:41.201+05:30 level=DEBUG msg="gateway connection configured" component=adapter endpoint=localhost:7051 tls_server_name=peer0.org1.example.com msp_id=Org1MSP channel=mychannel chaincode=kvstore
time=2026-09-16T12:22:41.233+05:30 level=DEBUG msg="block event stream open" component=adapter stream=filtered-block-events endpoint=localhost:7051 channel=mychannel
time=2026-09-16T12:22:41.236+05:30 level=INFO msg="setup complete" component=adapter gateway=localhost:7051 finality_from=localhost:7051
time=2026-09-16T12:22:41.236+05:30 level=INFO msg="phase start" phase=probe offered_tps=10 workers=0 duration=30s
time=2026-09-16T12:23:12.059+05:30 level=DEBUG msg="phase shorter than warmup+cooldown; measuring whole phase" phase=probe
time=2026-09-16T12:23:12.061+05:30 level=INFO msg="phase end" phase=probe submitted=300 committed=300 confirmed_tps=10.0 fail_rate=0.0000 e2e_p99_ms=1029.12
time=2026-09-16T12:23:12.061+05:30 level=INFO msg="phase start" phase=sweep-100 offered_tps=100 workers=0 duration=1m0s
time=2026-09-16T12:24:13.084+05:30 level=INFO msg="phase end" phase=sweep-100 submitted=1500 committed=1500 confirmed_tps=100.0 fail_rate=0.0000 e2e_p99_ms=1016.32
time=2026-09-16T12:24:13.084+05:30 level=INFO msg="phase start" phase=sweep-250 offered_tps=250 workers=0 duration=1m0s
time=2026-09-16T12:25:14.107+05:30 level=INFO msg="phase end" phase=sweep-250 submitted=3750 committed=3750 confirmed_tps=250.0 fail_rate=0.0000 e2e_p99_ms=428.03
time=2026-09-16T12:25:14.107+05:30 level=INFO msg="phase start" phase=sweep-500 offered_tps=500 workers=0 duration=1m0s
time=2026-09-16T12:26:15.139+05:30 level=INFO msg="phase end" phase=sweep-500 submitted=7500 committed=7500 confirmed_tps=500.0 fail_rate=0.0000 e2e_p99_ms=232.45
time=2026-09-16T12:26:15.139+05:30 level=INFO msg="phase start" phase=sweep-1000 offered_tps=1000 workers=0 duration=1m0s
time=2026-09-16T12:27:16.180+05:30 level=INFO msg="phase end" phase=sweep-1000 submitted=15000 committed=15000 confirmed_tps=1000.0 fail_rate=0.0000 e2e_p99_ms=135.04
time=2026-09-16T12:27:16.180+05:30 level=INFO msg="phase start" phase=sweep-2000 offered_tps=2000 workers=0 duration=1m0s
time=2026-09-16T12:28:17.285+05:30 level=INFO msg="phase end" phase=sweep-2000 submitted=30000 committed=30000 confirmed_tps=2000.0 fail_rate=0.0000 e2e_p99_ms=107.01
time=2026-09-16T12:28:17.285+05:30 level=INFO msg="phase start" phase=sweep-3500 offered_tps=3500 workers=0 duration=1m0s
time=2026-09-16T12:29:24.206+05:30 level=INFO msg="phase end" phase=sweep-3500 submitted=52500 committed=39863 confirmed_tps=2657.5 fail_rate=0.2407 e2e_p99_ms=11264.00
time=2026-09-16T12:29:24.206+05:30 level=WARN msg="phase errors" phase=sweep-3500 count=12637 message="not sent: N transactions already in flight (platform is not finalizing)"
time=2026-09-16T12:29:24.206+05:30 level=INFO msg="phase start" phase=sweep-5000 offered_tps=5000 workers=0 duration=1m0s
time=2026-09-16T12:30:34.511+05:30 level=INFO msg="phase end" phase=sweep-5000 submitted=75000 committed=34572 confirmed_tps=2304.8 fail_rate=0.5390 e2e_p99_ms=17481.73
time=2026-09-16T12:30:34.511+05:30 level=WARN msg="phase errors" phase=sweep-5000 count=40428 message="not sent: N transactions already in flight (platform is not finalizing)"
time=2026-09-16T12:30:34.511+05:30 level=INFO msg="phase start" phase=hold offered_tps=1800 workers=0 duration=5m0s
time=2026-09-16T12:35:36.290+05:30 level=INFO msg="phase end" phase=hold submitted=459000 committed=394000 confirmed_tps=1545.1 fail_rate=0.1416 e2e_p99_ms=29884.42
time=2026-09-16T12:35:36.311+05:30 level=WARN msg="phase errors" phase=hold count=65000 message="not sent: N transactions already in flight (platform is not finalizing)"
time=2026-09-16T12:35:36.311+05:30 level=WARN msg=caveat text="sweep aborted early after 2 consecutive failed steps; 2 higher step(s) were never offered"
time=2026-09-16T12:35:36.467+05:30 level=WARN msg=caveat text="native metrics scrape of http://localhost:9443/metrics failed: scrape http://localhost:9443/metrics: parser panic: Invalid name validation scheme requested: unset (informational metrics only; harness numbers unaffected)"
time=2026-09-16T12:35:36.470+05:30 level=INFO msg="run finished" out_dir=results/fabric-cft/20260916-122241 caveats=2
