time=2026-09-16T12:12:11.201+05:30 level=INFO msg="run starting" workload=kv-write profile=local-32gb normalized=true out_dir=results/drunix/20260916-121211
time=2026-09-16T12:12:11.201+05:30 level=WARN msg=caveat text="drunix ran on YugabyteDB (its shipped test-network default); LevelDB parity is unavailable, so the state-DB variable is NOT held constant vs fabric-cft for this run"
time=2026-09-16T12:12:11.201+05:30 level=WARN msg=caveat text="drunix write values are JSON-wrapped client-side to survive a YugabyteDB statedb bug (non-JSON values panic the Committing Peer); the on-wire payload format differs from the shared kv workload on other platforms for this run"
time=2026-09-16T12:12:11.201+05:30 level=WARN msg=caveat text="state-db parity not held: run requested leveldb, platform actually ran yugabyte"
time=2026-09-16T12:12:11.201+05:30 level=INFO msg="adapter setup"
time=2026-09-16T12:12:11.201+05:30 level=DEBUG msg="gateway connection configured" component=adapter endpoint=localhost:7051 tls_server_name=peer0.org1.example.com msp_id=Org1MSP channel=mychannel chaincode=kvstore
time=2026-09-16T12:12:11.238+05:30 level=DEBUG msg="block event stream open" component=adapter stream=filtered-block-events endpoint=localhost:7061 channel=mychannel
time=2026-09-16T12:12:11.273+05:30 level=INFO msg="setup complete" component=adapter gateway=localhost:7051 finality_from=localhost:7061
time=2026-09-16T12:12:11.273+05:30 level=INFO msg="phase start" phase=probe offered_tps=10 workers=0 duration=30s
time=2026-09-16T12:12:42.724+05:30 level=DEBUG msg="phase shorter than warmup+cooldown; measuring whole phase" phase=probe
time=2026-09-16T12:12:42.726+05:30 level=INFO msg="phase end" phase=probe submitted=300 committed=300 confirmed_tps=10.0 fail_rate=0.0000 e2e_p99_ms=2578.43
time=2026-09-16T12:12:42.726+05:30 level=INFO msg="phase start" phase=sweep-100 offered_tps=100 workers=0 duration=1m0s
time=2026-09-16T12:13:44.765+05:30 level=INFO msg="phase end" phase=sweep-100 submitted=1500 committed=1500 confirmed_tps=100.0 fail_rate=0.0000 e2e_p99_ms=2252.80
time=2026-09-16T12:13:44.765+05:30 level=INFO msg="phase start" phase=sweep-250 offered_tps=250 workers=0 duration=1m0s
time=2026-09-16T12:14:46.810+05:30 level=INFO msg="phase end" phase=sweep-250 submitted=3750 committed=3750 confirmed_tps=250.0 fail_rate=0.0000 e2e_p99_ms=1082.37
time=2026-09-16T12:14:46.810+05:30 level=INFO msg="phase start" phase=sweep-500 offered_tps=500 workers=0 duration=1m0s
time=2026-09-16T12:15:48.859+05:30 level=INFO msg="phase end" phase=sweep-500 submitted=7500 committed=7500 confirmed_tps=500.0 fail_rate=0.0000 e2e_p99_ms=700.42
time=2026-09-16T12:15:48.859+05:30 level=INFO msg="phase start" phase=sweep-1000 offered_tps=1000 workers=0 duration=1m0s
time=2026-09-16T12:16:58.677+05:30 level=INFO msg="phase end" phase=sweep-1000 submitted=15000 committed=10400 confirmed_tps=693.3 fail_rate=0.3067 e2e_p99_ms=11476.99
time=2026-09-16T12:16:58.677+05:30 level=WARN msg="phase errors" phase=sweep-1000 count=4600 message="not sent: N transactions already in flight (platform is not finalizing)"
time=2026-09-16T12:16:58.677+05:30 level=INFO msg="phase start" phase=sweep-2000 offered_tps=2000 workers=0 duration=1m0s
time=2026-09-16T12:18:19.336+05:30 level=INFO msg="phase end" phase=sweep-2000 submitted=30000 committed=10552 confirmed_tps=703.5 fail_rate=0.6483 e2e_p99_ms=23019.52
time=2026-09-16T12:18:19.336+05:30 level=WARN msg="phase errors" phase=sweep-2000 count=19448 message="not sent: N transactions already in flight (platform is not finalizing)"
time=2026-09-16T12:18:19.336+05:30 level=INFO msg="phase start" phase=hold offered_tps=450 workers=0 duration=5m0s
time=2026-09-16T12:18:43.163+05:30 level=WARN msg="block event stream closed; re-subscribing (transactions committed meanwhile are replayed)" component=adapter stream=filtered-block-events endpoint=localhost:7061 channel=mychannel attempt=1 backoff=250ms resume_block=854 had_blocks=true
time=2026-09-16T12:18:43.413+05:30 level=WARN msg="re-subscribe failed" component=adapter stream=filtered-block-events endpoint=localhost:7061 channel=mychannel attempt=1 err="rpc error: code = Unavailable desc = connection error: desc = \"transport: Error while dialing: dial tcp 127.0.0.1:7061: connect: connection refused\""
time=2026-09-16T12:18:43.414+05:30 level=WARN msg="block event stream closed; re-subscribing (transactions committed meanwhile are replayed)" component=adapter stream=filtered-block-events endpoint=localhost:7061 channel=mychannel attempt=2 backoff=500ms resume_block=854 had_blocks=true
time=2026-09-16T12:18:43.914+05:30 level=WARN msg="re-subscribe failed" component=adapter stream=filtered-block-events endpoint=localhost:7061 channel=mychannel attempt=2 err="rpc error: code = Unavailable desc = connection error: desc = \"transport: Error while dialing: dial tcp 127.0.0.1:7061: connect: connection refused\""
time=2026-09-16T12:18:43.914+05:30 level=WARN msg="block event stream closed; re-subscribing (transactions committed meanwhile are replayed)" component=adapter stream=filtered-block-events endpoint=localhost:7061 channel=mychannel attempt=3 backoff=1s resume_block=854 had_blocks=true
time=2026-09-16T12:18:44.915+05:30 level=WARN msg="re-subscribe failed" component=adapter stream=filtered-block-events endpoint=localhost:7061 channel=mychannel attempt=3 err="rpc error: code = Unavailable desc = connection error: desc = \"transport: Error while dialing: dial tcp 127.0.0.1:7061: connect: connection refused\""
time=2026-09-16T12:18:44.915+05:30 level=WARN msg="block event stream closed; re-subscribing (transactions committed meanwhile are replayed)" component=adapter stream=filtered-block-events endpoint=localhost:7061 channel=mychannel attempt=4 backoff=2s resume_block=854 had_blocks=true
time=2026-09-16T12:18:46.175+05:30 level=WARN msg="container missing from docker stats but docker inspect failed; not counting it as failed yet" component=sampler container=cp.org1 err="exit status 1: error: no such object: cp.org1"
time=2026-09-16T12:18:46.336+05:30 level=WARN msg="container missing from docker stats but docker inspect failed; not counting it as failed yet" component=sampler container=cp.org2 err="exit status 1: error: no such object: cp.org2"
time=2026-09-16T12:18:46.516+05:30 level=WARN msg="container missing from docker stats but docker inspect failed; not counting it as failed yet" component=sampler container=dev-peer0.org1.example.com-kvstore_1.0-e88284a33ff8806958375f99312782794164d62aac26fe22876f2c72fb6294d9 err="exit status 1: error: no such object: dev-peer0.org1.example.com-kvstore_1.0-e88284a33ff8806958375f99312782794164d62aac26fe22876f2c72fb6294d9"
time=2026-09-16T12:18:46.695+05:30 level=WARN msg="container missing from docker stats but docker inspect failed; not counting it as failed yet" component=sampler container=dev-peer0.org2.example.com-kvstore_1.0-e88284a33ff8806958375f99312782794164d62aac26fe22876f2c72fb6294d9 err="exit status 1: error: no such object: dev-peer0.org2.example.com-kvstore_1.0-e88284a33ff8806958375f99312782794164d62aac26fe22876f2c72fb6294d9"
time=2026-09-16T12:18:46.864+05:30 level=WARN msg="container missing from docker stats but docker inspect failed; not counting it as failed yet" component=sampler container=lp1.org1 err="exit status 1: error: no such object: lp1.org1"
time=2026-09-16T12:18:46.915+05:30 level=WARN msg="re-subscribe failed" component=adapter stream=filtered-block-events endpoint=localhost:7061 channel=mychannel attempt=4 err="rpc error: code = Unavailable desc = connection error: desc = \"transport: Error while dialing: dial tcp 127.0.0.1:7061: connect: connection refused\""
time=2026-09-16T12:18:46.915+05:30 level=WARN msg="block event stream closed; re-subscribing (transactions committed meanwhile are replayed)" component=adapter stream=filtered-block-events endpoint=localhost:7061 channel=mychannel attempt=5 backoff=4s resume_block=854 had_blocks=true
time=2026-09-16T12:18:47.025+05:30 level=WARN msg="container missing from docker stats but docker inspect failed; not counting it as failed yet" component=sampler container=lp1.org2 err="exit status 1: error: no such object: lp1.org2"
time=2026-09-16T12:18:47.179+05:30 level=WARN msg="container missing from docker stats but docker inspect failed; not counting it as failed yet" component=sampler container=orderer.example.com err="exit status 1: error: no such object: orderer.example.com"
time=2026-09-16T12:18:47.343+05:30 level=WARN msg="container missing from docker stats but docker inspect failed; not counting it as failed yet" component=sampler container=vs1.org1 err="exit status 1: error: no such object: vs1.org1"
time=2026-09-16T12:18:47.499+05:30 level=WARN msg="container missing from docker stats but docker inspect failed; not counting it as failed yet" component=sampler container=vs1.org2 err="exit status 1: error: no such object: vs1.org2"
time=2026-09-16T12:18:50.916+05:30 level=WARN msg="re-subscribe failed" component=adapter stream=filtered-block-events endpoint=localhost:7061 channel=mychannel attempt=5 err="rpc error: code = Unavailable desc = connection error: desc = \"transport: Error while dialing: dial tcp 127.0.0.1:7061: connect: connection refused\""
time=2026-09-16T12:18:50.916+05:30 level=WARN msg="block event stream closed; re-subscribing (transactions committed meanwhile are replayed)" component=adapter stream=filtered-block-events endpoint=localhost:7061 channel=mychannel attempt=6 backoff=8s resume_block=854 had_blocks=true
time=2026-09-16T12:18:51.967+05:30 level=WARN msg="container missing from docker stats but docker inspect failed; not counting it as failed yet" component=sampler container=cp.org1 err="exit status 1: error: no such object: cp.org1"
time=2026-09-16T12:18:52.149+05:30 level=WARN msg="container missing from docker stats but docker inspect failed; not counting it as failed yet" component=sampler container=cp.org2 err="exit status 1: error: no such object: cp.org2"
time=2026-09-16T12:18:52.308+05:30 level=WARN msg="container missing from docker stats but docker inspect failed; not counting it as failed yet" component=sampler container=dev-peer0.org1.example.com-kvstore_1.0-e88284a33ff8806958375f99312782794164d62aac26fe22876f2c72fb6294d9 err="exit status 1: error: no such object: dev-peer0.org1.example.com-kvstore_1.0-e88284a33ff8806958375f99312782794164d62aac26fe22876f2c72fb6294d9"
time=2026-09-16T12:18:52.462+05:30 level=WARN msg="container missing from docker stats but docker inspect failed; not counting it as failed yet" component=sampler container=dev-peer0.org2.example.com-kvstore_1.0-e88284a33ff8806958375f99312782794164d62aac26fe22876f2c72fb6294d9 err="exit status 1: error: no such object: dev-peer0.org2.example.com-kvstore_1.0-e88284a33ff8806958375f99312782794164d62aac26fe22876f2c72fb6294d9"
time=2026-09-16T12:18:52.647+05:30 level=WARN msg="container missing from docker stats but docker inspect failed; not counting it as failed yet" component=sampler container=lp1.org1 err="exit status 1: error: no such object: lp1.org1"
time=2026-09-16T12:18:52.825+05:30 level=WARN msg="container missing from docker stats but docker inspect failed; not counting it as failed yet" component=sampler container=lp1.org2 err="exit status 1: error: no such object: lp1.org2"
time=2026-09-16T12:18:52.972+05:30 level=WARN msg="container missing from docker stats but docker inspect failed; not counting it as failed yet" component=sampler container=orderer.example.com err="exit status 1: error: no such object: orderer.example.com"
time=2026-09-16T12:18:53.165+05:30 level=WARN msg="container missing from docker stats but docker inspect failed; not counting it as failed yet" component=sampler container=vs1.org1 err="exit status 1: error: no such object: vs1.org1"
time=2026-09-16T12:18:53.326+05:30 level=WARN msg="container missing from docker stats but docker inspect failed; not counting it as failed yet" component=sampler container=vs1.org2 err="exit status 1: error: no such object: vs1.org2"
time=2026-09-16T12:18:57.686+05:30 level=WARN msg="container missing from docker stats but docker inspect failed; not counting it as failed yet" component=sampler container=cp.org1 err="exit status 1: error: no such object: cp.org1"
time=2026-09-16T12:18:57.909+05:30 level=WARN msg="container missing from docker stats but docker inspect failed; not counting it as failed yet" component=sampler container=cp.org2 err="exit status 1: error: no such object: cp.org2"
time=2026-09-16T12:18:58.076+05:30 level=WARN msg="container missing from docker stats but docker inspect failed; not counting it as failed yet" component=sampler container=dev-peer0.org1.example.com-kvstore_1.0-e88284a33ff8806958375f99312782794164d62aac26fe22876f2c72fb6294d9 err="exit status 1: error: no such object: dev-peer0.org1.example.com-kvstore_1.0-e88284a33ff8806958375f99312782794164d62aac26fe22876f2c72fb6294d9"
time=2026-09-16T12:18:58.232+05:30 level=WARN msg="container missing from docker stats but docker inspect failed; not counting it as failed yet" component=sampler container=dev-peer0.org2.example.com-kvstore_1.0-e88284a33ff8806958375f99312782794164d62aac26fe22876f2c72fb6294d9 err="exit status 1: error: no such object: dev-peer0.org2.example.com-kvstore_1.0-e88284a33ff8806958375f99312782794164d62aac26fe22876f2c72fb6294d9"
time=2026-09-16T12:18:58.399+05:30 level=WARN msg="container missing from docker stats but docker inspect failed; not counting it as failed yet" component=sampler container=hlf_keydb_org1msp err="exit status 1: error: no such object: hlf_keydb_org1msp"
time=2026-09-16T12:18:58.564+05:30 level=WARN msg="container missing from docker stats but docker inspect failed; not counting it as failed yet" component=sampler container=hlf_keydb_org2msp err="exit status 1: error: no such object: hlf_keydb_org2msp"
time=2026-09-16T12:18:58.748+05:30 level=WARN msg="container missing from docker stats but docker inspect failed; not counting it as failed yet" component=sampler container=lp1.org1 err="exit status 1: error: no such object: lp1.org1"
time=2026-09-16T12:18:58.916+05:30 level=WARN msg="re-subscribe failed" component=adapter stream=filtered-block-events endpoint=localhost:7061 channel=mychannel attempt=6 err="rpc error: code = Unavailable desc = connection error: desc = \"transport: Error while dialing: dial tcp 127.0.0.1:7061: connect: connection refused\""
time=2026-09-16T12:18:58.916+05:30 level=ERROR msg="finality stream is down; every pending and future transaction on this run will fail" component=adapter stream=filtered-block-events endpoint=localhost:7061 channel=mychannel err="finality stream down: block event stream from localhost:7061 on channel \"mychannel\" closed 7 times in a row without delivering a block (the gateway SDK does not report why: check the peer is running - docker ps / docker logs - and that the channel name is right)"
time=2026-09-16T12:18:58.917+05:30 level=WARN msg="container missing from docker stats but docker inspect failed; not counting it as failed yet" component=sampler container=lp1.org2 err="exit status 1: error: no such object: lp1.org2"
time=2026-09-16T12:18:59.083+05:30 level=WARN msg="container missing from docker stats but docker inspect failed; not counting it as failed yet" component=sampler container=orderer.example.com err="exit status 1: error: no such object: orderer.example.com"
time=2026-09-16T12:18:59.229+05:30 level=WARN msg="container missing from docker stats but docker inspect failed; not counting it as failed yet" component=sampler container=vs1.org1 err="exit status 1: error: no such object: vs1.org1"
time=2026-09-16T12:18:59.379+05:30 level=WARN msg="container missing from docker stats but docker inspect failed; not counting it as failed yet" component=sampler container=vs1.org2 err="exit status 1: error: no such object: vs1.org2"
time=2026-09-16T12:18:59.524+05:30 level=WARN msg="container missing from docker stats but docker inspect failed; not counting it as failed yet" component=sampler container=yugabyte-org1 err="exit status 1: error: no such object: yugabyte-org1"
time=2026-09-16T12:18:59.708+05:30 level=WARN msg="container missing from docker stats but docker inspect failed; not counting it as failed yet" component=sampler container=yugabyte-org2 err="exit status 1: error: no such object: yugabyte-org2"
time=2026-09-16T12:19:04.142+05:30 level=WARN msg="container missing from docker stats but docker inspect failed; not counting it as failed yet" component=sampler container=cp.org1 err="exit status 1: error: no such object: cp.org1"
time=2026-09-16T12:19:04.289+05:30 level=WARN msg="container missing from docker stats but docker inspect failed; not counting it as failed yet" component=sampler container=cp.org2 err="exit status 1: error: no such object: cp.org2"
time=2026-09-16T12:19:04.476+05:30 level=WARN msg="container missing from docker stats but docker inspect failed; not counting it as failed yet" component=sampler container=dev-peer0.org1.example.com-kvstore_1.0-e88284a33ff8806958375f99312782794164d62aac26fe22876f2c72fb6294d9 err="exit status 1: error: no such object: dev-peer0.org1.example.com-kvstore_1.0-e88284a33ff8806958375f99312782794164d62aac26fe22876f2c72fb6294d9"
time=2026-09-16T12:19:04.685+05:30 level=WARN msg="container missing from docker stats but docker inspect failed; not counting it as failed yet" component=sampler container=dev-peer0.org2.example.com-kvstore_1.0-e88284a33ff8806958375f99312782794164d62aac26fe22876f2c72fb6294d9 err="exit status 1: error: no such object: dev-peer0.org2.example.com-kvstore_1.0-e88284a33ff8806958375f99312782794164d62aac26fe22876f2c72fb6294d9"
time=2026-09-16T12:19:04.876+05:30 level=WARN msg="container missing from docker stats but docker inspect failed; not counting it as failed yet" component=sampler container=hlf_keydb_org1msp err="exit status 1: error: no such object: hlf_keydb_org1msp"
time=2026-09-16T12:19:05.072+05:30 level=WARN msg="container missing from docker stats but docker inspect failed; not counting it as failed yet" component=sampler container=hlf_keydb_org2msp err="exit status 1: error: no such object: hlf_keydb_org2msp"
time=2026-09-16T12:19:05.281+05:30 level=WARN msg="container missing from docker stats but docker inspect failed; not counting it as failed yet" component=sampler container=lp1.org1 err="exit status 1: error: no such object: lp1.org1"
time=2026-09-16T12:19:05.462+05:30 level=WARN msg="container missing from docker stats but docker inspect failed; not counting it as failed yet" component=sampler container=lp1.org2 err="exit status 1: error: no such object: lp1.org2"
time=2026-09-16T12:19:05.621+05:30 level=WARN msg="container missing from docker stats but docker inspect failed; not counting it as failed yet" component=sampler container=orderer.example.com err="exit status 1: error: no such object: orderer.example.com"
time=2026-09-16T12:19:05.776+05:30 level=WARN msg="container missing from docker stats but docker inspect failed; not counting it as failed yet" component=sampler container=vs1.org1 err="exit status 1: error: no such object: vs1.org1"
time=2026-09-16T12:19:05.932+05:30 level=WARN msg="container missing from docker stats but docker inspect failed; not counting it as failed yet" component=sampler container=vs1.org2 err="exit status 1: error: no such object: vs1.org2"
time=2026-09-16T12:19:06.078+05:30 level=WARN msg="container missing from docker stats but docker inspect failed; not counting it as failed yet" component=sampler container=yugabyte-org1 err="exit status 1: error: no such object: yugabyte-org1"
time=2026-09-16T12:19:06.224+05:30 level=WARN msg="container missing from docker stats but docker inspect failed; not counting it as failed yet" component=sampler container=yugabyte-org2 err="exit status 1: error: no such object: yugabyte-org2"
time=2026-09-16T12:19:10.542+05:30 level=WARN msg="container missing from docker stats but docker inspect failed; not counting it as failed yet" component=sampler container=cp.org1 err="exit status 1: error: no such object: cp.org1"
time=2026-09-16T12:19:10.714+05:30 level=WARN msg="container missing from docker stats but docker inspect failed; not counting it as failed yet" component=sampler container=cp.org2 err="exit status 1: error: no such object: cp.org2"
time=2026-09-16T12:19:10.863+05:30 level=WARN msg="container missing from docker stats but docker inspect failed; not counting it as failed yet" component=sampler container=dev-peer0.org1.example.com-kvstore_1.0-e88284a33ff8806958375f99312782794164d62aac26fe22876f2c72fb6294d9 err="exit status 1: error: no such object: dev-peer0.org1.example.com-kvstore_1.0-e88284a33ff8806958375f99312782794164d62aac26fe22876f2c72fb6294d9"
time=2026-09-16T12:19:11.016+05:30 level=WARN msg="container missing from docker stats but docker inspect failed; not counting it as failed yet" component=sampler container=dev-peer0.org2.example.com-kvstore_1.0-e88284a33ff8806958375f99312782794164d62aac26fe22876f2c72fb6294d9 err="exit status 1: error: no such object: dev-peer0.org2.example.com-kvstore_1.0-e88284a33ff8806958375f99312782794164d62aac26fe22876f2c72fb6294d9"
time=2026-09-16T12:19:11.164+05:30 level=WARN msg="container missing from docker stats but docker inspect failed; not counting it as failed yet" component=sampler container=hlf_keydb_org1msp err="exit status 1: error: no such object: hlf_keydb_org1msp"
time=2026-09-16T12:19:11.318+05:30 level=WARN msg="container missing from docker stats but docker inspect failed; not counting it as failed yet" component=sampler container=hlf_keydb_org2msp err="exit status 1: error: no such object: hlf_keydb_org2msp"
time=2026-09-16T12:19:11.493+05:30 level=WARN msg="container missing from docker stats but docker inspect failed; not counting it as failed yet" component=sampler container=lp1.org1 err="exit status 1: error: no such object: lp1.org1"
time=2026-09-16T12:19:11.644+05:30 level=WARN msg="container missing from docker stats but docker inspect failed; not counting it as failed yet" component=sampler container=lp1.org2 err="exit status 1: error: no such object: lp1.org2"
time=2026-09-16T12:19:11.805+05:30 level=WARN msg="container missing from docker stats but docker inspect failed; not counting it as failed yet" component=sampler container=orderer.example.com err="exit status 1: error: no such object: orderer.example.com"
time=2026-09-16T12:19:11.960+05:30 level=WARN msg="container missing from docker stats but docker inspect failed; not counting it as failed yet" component=sampler container=vs1.org1 err="exit status 1: error: no such object: vs1.org1"
time=2026-09-16T12:19:12.125+05:30 level=WARN msg="container missing from docker stats but docker inspect failed; not counting it as failed yet" component=sampler container=vs1.org2 err="exit status 1: error: no such object: vs1.org2"
time=2026-09-16T12:19:12.289+05:30 level=WARN msg="container missing from docker stats but docker inspect failed; not counting it as failed yet" component=sampler container=yugabyte-org1 err="exit status 1: error: no such object: yugabyte-org1"
time=2026-09-16T12:19:12.437+05:30 level=WARN msg="container missing from docker stats but docker inspect failed; not counting it as failed yet" component=sampler container=yugabyte-org2 err="exit status 1: error: no such object: yugabyte-org2"
