2026-09-16T07:16:25.677439134Z 1:1:C 16 Sep 2026 07:16:25.676 # oO0OoO0OoO0Oo KeyDB is starting oO0OoO0OoO0Oo
2026-09-16T07:16:25.677459239Z 1:1:C 16 Sep 2026 07:16:25.677 # KeyDB version=6.3.4, bits=64, commit=7e7e5e57, modified=1, pid=1, just started
2026-09-16T07:16:25.677460896Z 1:1:C 16 Sep 2026 07:16:25.677 # Configuration loaded
2026-09-16T07:16:25.678443604Z 1:1:M 16 Sep 2026 07:16:25.678 * Increased maximum number of open files to 10032 (it was originally set to 1024).
2026-09-16T07:16:25.678453768Z 1:1:M 16 Sep 2026 07:16:25.678 * monotonic clock: POSIX clock_gettime
2026-09-16T07:16:26.237844353Z                                                                       
2026-09-16T07:16:26.237859149Z                   _                                                   
2026-09-16T07:16:26.237860630Z                _-(+)-_                                                
2026-09-16T07:16:26.237861693Z             _-- /   \ --_                                            
2026-09-16T07:16:26.237862539Z          _--   /     \   --_            KeyDB  6.3.4 (7e7e5e57/1) 64 bit     
2026-09-16T07:16:26.237863414Z      __--     /       \     --__                                     
2026-09-16T07:16:26.237864267Z     (+) _    /         \    _ (+)       Running in standalone mode
2026-09-16T07:16:26.237864854Z      |   -- /           \ --   |        Port: 6379
2026-09-16T07:16:26.237865411Z      |     /--_   _   _--\     |        PID: 1
2026-09-16T07:16:26.237865959Z      |    /     -(+)-     \    |                                     
2026-09-16T07:16:26.237866616Z      |   /        |        \   |        https://docs.keydb.dev       
2026-09-16T07:16:26.237867238Z      |  /         |         \  |                                     
2026-09-16T07:16:26.237867815Z      | /          |          \ |                                     
2026-09-16T07:16:26.237868379Z     (+)_ -- -- -- | -- -- -- _(+)                                     
2026-09-16T07:16:26.237868948Z         --_       |       _--                                         
2026-09-16T07:16:26.237869564Z             --_   |   _--                                             
2026-09-16T07:16:26.237870114Z                 -(+)-        KeyDB has now joined Snap! See the announcement at:  https://docs.keydb.dev/news
2026-09-16T07:16:26.237870895Z 
2026-09-16T07:16:26.237871445Z                                                                      
2026-09-16T07:16:26.237872009Z 1:1:M 16 Sep 2026 07:16:26.237 # Server initialized
2026-09-16T07:16:26.238400864Z 1:24:M 16 Sep 2026 07:16:26.238 * Thread 0 alive.
2026-09-16T07:16:26.238406836Z 1:25:M 16 Sep 2026 07:16:26.238 * Thread 1 alive.
2026-09-16T07:21:26.059320288Z 1:24:M 16 Sep 2026 07:21:26.059 * 10 changes in 300 seconds. Saving...
2026-09-16T07:21:26.060267468Z 1:24:M 16 Sep 2026 07:21:26.060 * Background saving started by pid 28
2026-09-16T07:21:26.060281034Z 1:24:M 16 Sep 2026 07:21:26.060 * Background saving started
2026-09-16T07:21:26.063722336Z 28:24:C 16 Sep 2026 07:21:26.063 * DB saved on disk
2026-09-16T07:21:26.064261671Z 28:24:C 16 Sep 2026 07:21:26.064 * RDB: 0 MB of memory used by copy-on-write
2026-09-16T07:21:26.161165984Z 1:24:M 16 Sep 2026 07:21:26.161 * Background saving terminated with success
2026-09-16T07:26:27.061149576Z 1:24:M 16 Sep 2026 07:26:27.061 * 10 changes in 300 seconds. Saving...
2026-09-16T07:26:27.062052572Z 1:24:M 16 Sep 2026 07:26:27.061 * Background saving started by pid 29
2026-09-16T07:26:27.062062617Z 1:24:M 16 Sep 2026 07:26:27.061 * Background saving started
2026-09-16T07:26:27.065465424Z 29:24:C 16 Sep 2026 07:26:27.065 * DB saved on disk
2026-09-16T07:26:27.066299779Z 29:24:C 16 Sep 2026 07:26:27.066 * RDB: 0 MB of memory used by copy-on-write
2026-09-16T07:26:27.162525958Z 1:24:M 16 Sep 2026 07:26:27.162 * Background saving terminated with success
