2026-09-16T07:16:25.677421842Z 1:1:C 16 Sep 2026 07:16:25.676 # oO0OoO0OoO0Oo KeyDB is starting oO0OoO0OoO0Oo
2026-09-16T07:16:25.677466562Z 1:1:C 16 Sep 2026 07:16:25.677 # KeyDB version=6.3.4, bits=64, commit=7e7e5e57, modified=1, pid=1, just started
2026-09-16T07:16:25.677468519Z 1:1:C 16 Sep 2026 07:16:25.677 # Configuration loaded
2026-09-16T07:16:25.678462884Z 1:1:M 16 Sep 2026 07:16:25.678 * Increased maximum number of open files to 10032 (it was originally set to 1024).
2026-09-16T07:16:25.678470921Z 1:1:M 16 Sep 2026 07:16:25.678 * monotonic clock: POSIX clock_gettime
2026-09-16T07:16:26.234026632Z                                                                       
2026-09-16T07:16:26.234051599Z                   _                                                   
2026-09-16T07:16:26.234053111Z                _-(+)-_                                                
2026-09-16T07:16:26.234054201Z             _-- /   \ --_                                            
2026-09-16T07:16:26.234055227Z          _--   /     \   --_            KeyDB  6.3.4 (7e7e5e57/1) 64 bit     
2026-09-16T07:16:26.234056040Z      __--     /       \     --__                                     
2026-09-16T07:16:26.234056733Z     (+) _    /         \    _ (+)       Running in standalone mode
2026-09-16T07:16:26.234057370Z      |   -- /           \ --   |        Port: 6379
2026-09-16T07:16:26.234058019Z      |     /--_   _   _--\     |        PID: 1
2026-09-16T07:16:26.234058603Z      |    /     -(+)-     \    |                                     
2026-09-16T07:16:26.234059193Z      |   /        |        \   |        https://docs.keydb.dev       
2026-09-16T07:16:26.234059873Z      |  /         |         \  |                                     
2026-09-16T07:16:26.234060439Z      | /          |          \ |                                     
2026-09-16T07:16:26.234061013Z     (+)_ -- -- -- | -- -- -- _(+)                                     
2026-09-16T07:16:26.234061574Z         --_       |       _--                                         
2026-09-16T07:16:26.234062115Z             --_   |   _--                                             
2026-09-16T07:16:26.234062717Z                 -(+)-        KeyDB has now joined Snap! See the announcement at:  https://docs.keydb.dev/news
2026-09-16T07:16:26.234063329Z 
2026-09-16T07:16:26.234063880Z                                                                      
2026-09-16T07:16:26.234064639Z 1:1:M 16 Sep 2026 07:16:26.233 # Server initialized
2026-09-16T07:16:26.234637901Z 1:26:M 16 Sep 2026 07:16:26.234 * Thread 0 alive.
2026-09-16T07:16:26.234644432Z 1:27:M 16 Sep 2026 07:16:26.234 * Thread 1 alive.
2026-09-16T07:21:26.056850403Z 1:26:M 16 Sep 2026 07:21:26.056 * 10 changes in 300 seconds. Saving...
2026-09-16T07:21:26.057600536Z 1:26:M 16 Sep 2026 07:21:26.057 * Background saving started by pid 30
2026-09-16T07:21:26.057612083Z 1:26:M 16 Sep 2026 07:21:26.057 * Background saving started
2026-09-16T07:21:26.062413363Z 30:26:C 16 Sep 2026 07:21:26.062 * DB saved on disk
2026-09-16T07:21:26.063314568Z 30:26:C 16 Sep 2026 07:21:26.063 * RDB: 0 MB of memory used by copy-on-write
2026-09-16T07:21:26.158555451Z 1:26:M 16 Sep 2026 07:21:26.158 * Background saving terminated with success
2026-09-16T07:26:27.099002501Z 1:26:M 16 Sep 2026 07:26:27.098 * 10 changes in 300 seconds. Saving...
2026-09-16T07:26:27.099684228Z 1:26:M 16 Sep 2026 07:26:27.099 * Background saving started by pid 31
2026-09-16T07:26:27.099692851Z 1:26:M 16 Sep 2026 07:26:27.099 * Background saving started
2026-09-16T07:26:27.102436420Z 31:26:C 16 Sep 2026 07:26:27.102 * DB saved on disk
2026-09-16T07:26:27.102996506Z 31:26:C 16 Sep 2026 07:26:27.102 * RDB: 0 MB of memory used by copy-on-write
2026-09-16T07:26:27.200128365Z 1:26:M 16 Sep 2026 07:26:27.200 * Background saving terminated with success
